Component: ARM Compiler 5.06 update 7 (build 960) Tool: armlink [4d3601]

==============================================================================

Section Cross References

    startup_stm32h747xx_cm7.o(STACK) refers (Special) to heapauxi.o(.text) for __use_two_region_memory
    startup_stm32h747xx_cm7.o(HEAP) refers (Special) to heapauxi.o(.text) for __use_two_region_memory
    startup_stm32h747xx_cm7.o(RESET) refers (Special) to heapauxi.o(.text) for __use_two_region_memory
    startup_stm32h747xx_cm7.o(RESET) refers to startup_stm32h747xx_cm7.o(STACK) for __initial_sp
    startup_stm32h747xx_cm7.o(RESET) refers to startup_stm32h747xx_cm7.o(.text) for Reset_Handler
    startup_stm32h747xx_cm7.o(RESET) refers to stm32h7xx_it.o(i.NMI_Handler) for NMI_Handler
    startup_stm32h747xx_cm7.o(RESET) refers to stm32h7xx_it.o(i.HardFault_Handler) for HardFault_Handler
    startup_stm32h747xx_cm7.o(RESET) refers to stm32h7xx_it.o(i.MemManage_Handler) for MemManage_Handler
    startup_stm32h747xx_cm7.o(RESET) refers to stm32h7xx_it.o(i.BusFault_Handler) for BusFault_Handler
    startup_stm32h747xx_cm7.o(RESET) refers to stm32h7xx_it.o(i.UsageFault_Handler) for UsageFault_Handler
    startup_stm32h747xx_cm7.o(RESET) refers to stm32h7xx_it.o(i.SVC_Handler) for SVC_Handler
    startup_stm32h747xx_cm7.o(RESET) refers to stm32h7xx_it.o(i.DebugMon_Handler) for DebugMon_Handler
    startup_stm32h747xx_cm7.o(RESET) refers to stm32h7xx_it.o(i.PendSV_Handler) for PendSV_Handler
    startup_stm32h747xx_cm7.o(RESET) refers to stm32h7xx_it.o(i.SysTick_Handler) for SysTick_Handler
    startup_stm32h747xx_cm7.o(RESET) refers to main.o(i.DSI_IRQHandler) for DSI_IRQHandler
    startup_stm32h747xx_cm7.o(.text) refers (Special) to heapauxi.o(.text) for __use_two_region_memory
    startup_stm32h747xx_cm7.o(.text) refers to system_stm32h7xx_dualcore_boot_cm4_cm7.o(i.SystemInit) for SystemInit
    startup_stm32h747xx_cm7.o(.text) refers to __main.o(!!!main) for __main
    startup_stm32h747xx_cm7.o(.text) refers to startup_stm32h747xx_cm7.o(HEAP) for Heap_Mem
    startup_stm32h747xx_cm7.o(.text) refers to startup_stm32h747xx_cm7.o(STACK) for Stack_Mem
    network.o(i.ai_network_create) refers to ai_platform_interface.o(i.ai_platform_network_create) for ai_platform_network_create
    network.o(i.ai_network_create) refers to network.o(.data) for .data
    network.o(i.ai_network_create_and_init) refers to network.o(i.ai_network_create) for ai_network_create
    network.o(i.ai_network_create_and_init) refers to network_data.o(i.ai_network_data_params_get) for ai_network_data_params_get
    network.o(i.ai_network_create_and_init) refers to network.o(i.ai_network_get_error) for ai_network_get_error
    network.o(i.ai_network_create_and_init) refers to ai_platform.o(i.ai_buffer_array_item_set_address) for ai_buffer_array_item_set_address
    network.o(i.ai_network_create_and_init) refers to network.o(i.ai_network_init) for ai_network_init
    network.o(i.ai_network_destroy) refers to ai_platform_interface.o(i.ai_platform_network_destroy) for ai_platform_network_destroy
    network.o(i.ai_network_forward) refers to ai_platform_interface.o(i.ai_platform_network_process) for ai_platform_network_process
    network.o(i.ai_network_get_error) refers to ai_platform_interface.o(i.ai_platform_network_get_error) for ai_platform_network_get_error
    network.o(i.ai_network_get_info) refers to ai_platform_interface.o(i.ai_platform_context_acquire) for ai_platform_context_acquire
    network.o(i.ai_network_get_info) refers to rt_memcpy_w.o(.text) for __aeabi_memcpy4
    network.o(i.ai_network_get_info) refers to ai_platform_interface.o(i.ai_platform_runtime_get_revision) for ai_platform_runtime_get_revision
    network.o(i.ai_network_get_info) refers to ai_platform_interface.o(i.ai_platform_runtime_get_version) for ai_platform_runtime_get_version
    network.o(i.ai_network_get_info) refers to ai_platform_interface.o(i.ai_platform_api_get_version) for ai_platform_api_get_version
    network.o(i.ai_network_get_info) refers to ai_platform_interface.o(i.ai_platform_interface_api_get_version) for ai_platform_interface_api_get_version
    network.o(i.ai_network_get_info) refers to ai_platform_interface.o(i.ai_platform_api_get_network_report) for ai_platform_api_get_network_report
    network.o(i.ai_network_get_info) refers to network.o(.constdata) for .constdata
    network.o(i.ai_network_get_report) refers to ai_platform_interface.o(i.ai_platform_context_acquire) for ai_platform_context_acquire
    network.o(i.ai_network_get_report) refers to rt_memcpy_w.o(.text) for __aeabi_memcpy4
    network.o(i.ai_network_get_report) refers to ai_platform_interface.o(i.ai_platform_runtime_get_revision) for ai_platform_runtime_get_revision
    network.o(i.ai_network_get_report) refers to ai_platform_interface.o(i.ai_platform_runtime_get_version) for ai_platform_runtime_get_version
[...]
    HAL_DMA2D_Start                          0x08001955   Thumb Code    52  stm32h7xx_hal_dma2d.o(i.HAL_DMA2D_Start)
    HAL_DSI_ConfigAdaptedCommandMode         0x08001989   Thumb Code   272  stm32h7xx_hal_dsi.o(i.HAL_DSI_ConfigAdaptedCommandMode)
    HAL_DSI_ConfigCommand                    0x08001a99   Thumb Code   110  stm32h7xx_hal_dsi.o(i.HAL_DSI_ConfigCommand)
    HAL_DSI_ConfigFlowControl                0x08001b0d   Thumb Code    42  stm32h7xx_hal_dsi.o(i.HAL_DSI_ConfigFlowControl)
    HAL_DSI_ConfigPhyTimer                   0x08001b37   Thumb Code   132  stm32h7xx_hal_dsi.o(i.HAL_DSI_ConfigPhyTimer)
    HAL_DSI_DeInit                           0x08001bbb   Thumb Code   138  stm32h7xx_hal_dsi.o(i.HAL_DSI_DeInit)
    HAL_DSI_EndOfRefreshCallback             0x08001c45   Thumb Code     2  main.o(i.HAL_DSI_EndOfRefreshCallback)
    HAL_DSI_ErrorCallback                    0x08001c47   Thumb Code     2  stm32h7xx_hal_dsi.o(i.HAL_DSI_ErrorCallback)
    HAL_DSI_ForceRXLowPower                  0x08001c49   Thumb Code    52  stm32h7xx_hal_dsi.o(i.HAL_DSI_ForceRXLowPower)
    HAL_DSI_IRQHandler                       0x08001c7d   Thumb Code   236  stm32h7xx_hal_dsi.o(i.HAL_DSI_IRQHandler)
    HAL_DSI_Init                             0x08001d69   Thumb Code   510  stm32h7xx_hal_dsi.o(i.HAL_DSI_Init)
    HAL_DSI_LongWrite                        0x08001f71   Thumb Code   196  stm32h7xx_hal_dsi.o(i.HAL_DSI_LongWrite)
    HAL_DSI_MspDeInit                        0x08002035   Thumb Code     2  stm32h7xx_hal_dsi.o(i.HAL_DSI_MspDeInit)
    HAL_DSI_MspInit                          0x08002037   Thumb Code     2  stm32h7xx_hal_dsi.o(i.HAL_DSI_MspInit)
    HAL_DSI_Read                             0x08002039   Thumb Code   236  stm32h7xx_hal_dsi.o(i.HAL_DSI_Read)
    HAL_DSI_Refresh                          0x08002125   Thumb Code    36  stm32h7xx_hal_dsi.o(i.HAL_DSI_Refresh)
    HAL_DSI_ShortWrite                       0x08002149   Thumb Code    34  stm32h7xx_hal_dsi.o(i.HAL_DSI_ShortWrite)
    HAL_DSI_Start                            0x0800216b   Thumb Code    68  stm32h7xx_hal_dsi.o(i.HAL_DSI_Start)
    HAL_DSI_TearingEffectCallback            0x080021af   Thumb Code     2  stm32h7xx_hal_dsi.o(i.HAL_DSI_TearingEffectCallback)
    HAL_Delay                                0x080021b1   Thumb Code    32  stm32h7xx_hal.o(i.HAL_Delay)
    HAL_GPIO_DeInit                          0x080021d5   Thumb Code   324  stm32h7xx_hal_gpio.o(i.HAL_GPIO_DeInit)
    HAL_GPIO_Init                            0x08002345   Thumb Code   506  stm32h7xx_hal_gpio.o(i.HAL_GPIO_Init)
    HAL_GPIO_WritePin                        0x08002571   Thumb Code    10  stm32h7xx_hal_gpio.o(i.HAL_GPIO_WritePin)
    HAL_GetREVID                             0x0800257d   Thumb Code     8  stm32h7xx_hal.o(i.HAL_GetREVID)
    HAL_GetTick                              0x08002589   Thumb Code     6  stm32h7xx_hal.o(i.HAL_GetTick)
    HAL_HSEM_FastTake                        0x08002595   Thumb Code    24  stm32h7xx_hal_hsem.o(i.HAL_HSEM_FastTake)
    HAL_HSEM_Release                         0x080025b5   Thumb Code    16  stm32h7xx_hal_hsem.o(i.HAL_HSEM_Release)
    HAL_I2CEx_ConfigAnalogFilter             0x080025c9   Thumb Code    88  stm32h7xx_hal_i2c_ex.o(i.HAL_I2CEx_ConfigAnalogFilter)
    HAL_I2CEx_ConfigDigitalFilter            0x08002621   Thumb Code    84  stm32h7xx_hal_i2c_ex.o(i.HAL_I2CEx_ConfigDigitalFilter)
    HAL_I2C_DeInit                           0x08002675   Thumb Code    52  stm32h7xx_hal_i2c.o(i.HAL_I2C_DeInit)
    HAL_I2C_GetError                         0x080026a9   Thumb Code     4  stm32h7xx_hal_i2c.o(i.HAL_I2C_GetError)
    HAL_I2C_GetState                         0x080026ad   Thumb Code     6  stm32h7xx_hal_i2c.o(i.HAL_I2C_GetState)
    HAL_I2C_Init                             0x080026b5   Thumb Code   186  stm32h7xx_hal_i2c.o(i.HAL_I2C_Init)
    HAL_I2C_Mem_Read                         0x08002775   Thumb Code   346  stm32h7xx_hal_i2c.o(i.HAL_I2C_Mem_Read)
    HAL_I2C_Mem_Write                        0x080028d9   Thumb Code   340  stm32h7xx_hal_i2c.o(i.HAL_I2C_Mem_Write)
    HAL_I2C_MspDeInit                        0x08002a31   Thumb Code     2  stm32h7xx_hal_i2c.o(i.HAL_I2C_MspDeInit)
    HAL_I2C_MspInit                          0x08002a33   Thumb Code     2  stm32h7xx_hal_i2c.o(i.HAL_I2C_MspInit)
    HAL_IncTick                              0x08002a35   Thumb Code    12  stm32h7xx_hal.o(i.HAL_IncTick)
    HAL_Init                                 0x08002a45   Thumb Code    74  stm32h7xx_hal.o(i.HAL_Init)
    HAL_InitTick                             0x08002aa1   Thumb Code    56  stm32h7xx_hal.o(i.HAL_InitTick)
    HAL_LTDC_ConfigLayer                     0x08002ae1   Thumb Code    82  stm32h7xx_hal_ltdc.o(i.HAL_LTDC_ConfigLayer)
    HAL_LTDC_DeInit                          0x08002b33   Thumb Code   106  stm32h7xx_hal_ltdc.o(i.HAL_LTDC_DeInit)
    HAL_LTDC_Init                            0x08002b9d   Thumb Code   242  stm32h7xx_hal_ltdc.o(i.HAL_LTDC_Init)
    HAL_LTDC_MspDeInit                       0x08002c95   Thumb Code     2  stm32h7xx_hal_ltdc.o(i.HAL_LTDC_MspDeInit)
    HAL_LTDC_MspInit                         0x08002c97   Thumb Code     2  stm32h7xx_hal_ltdc.o(i.HAL_LTDC_MspInit)
    HAL_MDMA_DeInit                          0x08002c99   Thumb Code    86  stm32h7xx_hal_mdma.o(i.HAL_MDMA_DeInit)
    HAL_MDMA_Init                            0x08002cef   Thumb Code    94  stm32h7xx_hal_mdma.o(i.HAL_MDMA_Init)
    HAL_MPU_ConfigRegion                     0x08002d4d   Thumb Code    86  stm32h7xx_hal_cortex.o(i.HAL_MPU_ConfigRegion)
    HAL_MPU_Disable                          0x08002da9   Thumb Code    24  stm32h7xx_hal_cortex.o(i.HAL_MPU_Disable)
    HAL_MPU_Enable                           0x08002dc5   Thumb Code    30  stm32h7xx_hal_cortex.o(i.HAL_MPU_Enable)
    HAL_MspInit                              0x08002de9   Thumb Code    22  stm32h7xx_hal_msp.o(i.HAL_MspInit)
    HAL_NVIC_EnableIRQ                       0x08002e05   Thumb Code    26  stm32h7xx_hal_cortex.o(i.HAL_NVIC_EnableIRQ)
    HAL_NVIC_SetPriority                     0x08002e21   Thumb Code    60  stm32h7xx_hal_cortex.o(i.HAL_NVIC_SetPriority)
    HAL_NVIC_SetPriorityGrouping             0x08002e61   Thumb Code    28  stm32h7xx_hal_cortex.o(i.HAL_NVIC_SetPriorityGrouping)
    HAL_PWREx_ConfigSupply                   0x08002e85   Thumb Code   128  stm32h7xx_hal_pwr_ex.o(i.HAL_PWREx_ConfigSupply)
    HAL_RCCEx_GetD3PCLK1Freq                 0x08002f09   Thumb Code    26  stm32h7xx_hal_rcc_ex.o(i.HAL_RCCEx_GetD3PCLK1Freq)
    HAL_RCCEx_GetPLL2ClockFreq               0x08002f2d   Thumb Code   296  stm32h7xx_hal_rcc_ex.o(i.HAL_RCCEx_GetPLL2ClockFreq)
    HAL_RCCEx_GetPLL3ClockFreq               0x08003071   Thumb Code   296  stm32h7xx_hal_rcc_ex.o(i.HAL_RCCEx_GetPLL3ClockFreq)
    HAL_RCCEx_PeriphCLKConfig                0x080031b5   Thumb Code  2524  stm32h7xx_hal_rcc_ex.o(i.HAL_RCCEx_PeriphCLKConfig)
    HAL_RCC_ClockConfig                      0x08003b95   Thumb Code   580  stm32h7xx_hal_rcc.o(i.HAL_RCC_ClockConfig)
    HAL_RCC_GetHCLKFreq                      0x08003df1   Thumb Code    52  stm32h7xx_hal_rcc.o(i.HAL_RCC_GetHCLKFreq)
    HAL_RCC_GetPCLK1Freq                     0x08003e35   Thumb Code    26  stm32h7xx_hal_rcc.o(i.HAL_RCC_GetPCLK1Freq)
    HAL_RCC_GetPCLK2Freq                     0x08003e59   Thumb Code    26  stm32h7xx_hal_rcc.o(i.HAL_RCC_GetPCLK2Freq)
    HAL_RCC_GetSysClockFreq                  0x08003e7d   Thumb Code   278  stm32h7xx_hal_rcc.o(i.HAL_RCC_GetSysClockFreq)
    HAL_RCC_OscConfig                        0x08003fb5   Thumb Code  1410  stm32h7xx_hal_rcc.o(i.HAL_RCC_OscConfig)
    HAL_SDRAM_Init                           0x08004539   Thumb Code    76  stm32h7xx_hal_sdram.o(i.HAL_SDRAM_Init)
    HAL_SDRAM_MspInit                        0x08004589   Thumb Code     2  stm32h7xx_hal_sdram.o(i.HAL_SDRAM_MspInit)
    HAL_SDRAM_ProgramRefreshRate             0x0800458b   Thumb Code    46  stm32h7xx_hal_sdram.o(i.HAL_SDRAM_ProgramRefreshRate)
    HAL_SDRAM_SendCommand                    0x080045b9   Thumb Code    60  stm32h7xx_hal_sdram.o(i.HAL_SDRAM_SendCommand)
    HAL_SYSTICK_Config                       0x080045f5   Thumb Code    38  stm32h7xx_hal_cortex.o(i.HAL_SYSTICK_Config)
    HAL_UARTEx_DisableFifoMode               0x0800461b   Thumb Code    64  stm32h7xx_hal_uart_ex.o(i.HAL_UARTEx_DisableFifoMode)
    HAL_UARTEx_SetRxFifoThreshold            0x0800465b   Thumb Code    76  stm32h7xx_hal_uart_ex.o(i.HAL_UARTEx_SetRxFifoThreshold)
    HAL_UARTEx_SetTxFifoThreshold            0x080046a7   Thumb Code    76  stm32h7xx_hal_uart_ex.o(i.HAL_UARTEx_SetTxFifoThreshold)
    HAL_UART_Init                            0x080046f3   Thumb Code   106  stm32h7xx_hal_uart.o(i.HAL_UART_Init)
    HAL_UART_MspInit                         0x0800475d   Thumb Code   122  usart.o(i.HAL_UART_MspInit)
    HardFault_Handler                        0x080047e5   Thumb Code     2  stm32h7xx_it.o(i.HardFault_Handler)
    IS42S32800J_ClockEnable                  0x08004e79   Thumb Code    34  is42s32800j.o(i.IS42S32800J_ClockEnable)
    IS42S32800J_Init                         0x08004ea1   Thumb Code    88  is42s32800j.o(i.IS42S32800J_Init)
    IS42S32800J_ModeRegConfig                0x08004ef9   Thumb Code    64  is42s32800j.o(i.IS42S32800J_ModeRegConfig)
    IS42S32800J_Precharge                    0x08004f3d   Thumb Code    36  is42s32800j.o(i.IS42S32800J_Precharge)
    IS42S32800J_RefreshMode                  0x08004f65   Thumb Code    32  is42s32800j.o(i.IS42S32800J_RefreshMode)
    IS42S32800J_RefreshRate                  0x08004f89   Thumb Code    16  is42s32800j.o(i.IS42S32800J_RefreshRate)
    LCD_GetXSize                             0x0800509d   Thumb Code    10  main.o(i.LCD_GetXSize)
    LCD_GetYSize                             0x080050ad   Thumb Code    10  main.o(i.LCD_GetYSize)
    LCD_MspInit                              0x0800521d   Thumb Code   164  main.o(i.LCD_MspInit)
    LTDC_Init                                0x080053fd   Thumb Code    86  main.o(i.LTDC_Init)
    MX_CRC_Init                              0x08005759   Thumb Code    40  crc.o(i.MX_CRC_Init)
    MX_GPIO_Init                             0x08005789   Thumb Code    86  gpio.o(i.MX_GPIO_Init)
    MX_I2C4_Init                             0x080057e9   Thumb Code    64  stm32h747i_discovery_bus.o(i.MX_I2C4_Init)
    MX_SDRAM_Init                            0x08005829   Thumb Code    86  stm32h747i_discovery_sdram.o(i.MX_SDRAM_Init)
    MX_USART1_UART_Init                      0x08005889   Thumb Code    94  usart.o(i.MX_USART1_UART_Init)
    MemManage_Handler                        0x080058f1   Thumb Code     2  stm32h7xx_it.o(i.MemManage_Handler)
    NMI_Handler                              0x080058f3   Thumb Code     2  stm32h7xx_it.o(i.NMI_Handler)
    OTM8009A_Init                            0x08005911   Thumb Code  1684  otm8009a.o(i.OTM8009A_Init)
    OTM8009A_RegisterBusIO                   0x08005fc1   Thumb Code    38  otm8009a.o(i.OTM8009A_RegisterBusIO)
    PendSV_Handler                           0x08005fff   Thumb Code     2  stm32h7xx_it.o(i.PendSV_Handler)
    SVC_Handler                              0x080063b9   Thumb Code     2  stm32h7xx_it.o(i.SVC_Handler)
    SysTick_Handler                          0x080063bb   Thumb Code     4  stm32h7xx_it.o(i.SysTick_Handler)
    SystemClock_Config                       0x080063c1   Thumb Code   154  main.o(i.SystemClock_Config)
    SystemInit                               0x08006465   Thumb Code   208  system_stm32h7xx_dualcore_boot_cm4_cm7.o(i.SystemInit)
    UART_AdvFeatureConfig                    0x080065ad   Thumb Code   200  stm32h7xx_hal_uart.o(i.UART_AdvFeatureConfig)
    UART_CheckIdleState                      0x08006675   Thumb Code   170  stm32h7xx_hal_uart.o(i.UART_CheckIdleState)
    UART_SetConfig                           0x08006775   Thumb Code   876  stm32h7xx_hal_uart.o(i.UART_SetConfig)
    UART_WaitOnFlagUntilTimeout              0x08006b21   Thumb Code   148  stm32h7xx_hal_uart.o(i.UART_WaitOnFlagUntilTimeout)
    UTIL_LCD_DisplayChar                     0x08006bb5   Thumb Code    38  stm32_lcd.o(i.UTIL_LCD_DisplayChar)
    UTIL_LCD_DisplayStringAt                 0x08006be1   Thumb Code   140  stm32_lcd.o(i.UTIL_LCD_DisplayStringAt)
    UTIL_LCD_DisplayStringAtLine             0x08006c71   Thumb Code    26  stm32_lcd.o(i.UTIL_LCD_DisplayStringAtLine)
    UTIL_LCD_DrawCircle                      0x08006c8d   Thumb Code   282  stm32_lcd.o(i.UTIL_LCD_DrawCircle)
    UTIL_LCD_DrawHLine                       0x08006dad   Thumb Code    60  stm32_lcd.o(i.UTIL_LCD_DrawHLine)
    UTIL_LCD_FillCircle                      0x08006ded   Thumb Code   200  stm32_lcd.o(i.UTIL_LCD_FillCircle)
    UTIL_LCD_FillRGBRect                     0x08006eb5   Thumb Code    30  stm32_lcd.o(i.UTIL_LCD_FillRGBRect)
    UTIL_LCD_FillRect                        0x08006ed9   Thumb Code    72  stm32_lcd.o(i.UTIL_LCD_FillRect)
    UTIL_LCD_GetFont                         0x08006f25   Thumb Code    12  stm32_lcd.o(i.UTIL_LCD_GetFont)
    UTIL_LCD_SetBackColor                    0x08006f35   Thumb Code    12  stm32_lcd.o(i.UTIL_LCD_SetBackColor)
    UTIL_LCD_SetFont                         0x08006f45   Thumb Code    12  stm32_lcd.o(i.UTIL_LCD_SetFont)
    UTIL_LCD_SetFuncDriver                   0x08006f55   Thumb Code    88  stm32_lcd.o(i.UTIL_LCD_SetFuncDriver)
    UTIL_LCD_SetPixel                        0x08006fb1   Thumb Code    60  stm32_lcd.o(i.UTIL_LCD_SetPixel)
    UTIL_LCD_SetTextColor                    0x08006ff1   Thumb Code    12  stm32_lcd.o(i.UTIL_LCD_SetTextColor)
    UsageFault_Handler                       0x08007001   Thumb Code     2  stm32h7xx_it.o(i.UsageFault_Handler)
    aiInit                                   0x080079a1   Thumb Code    44  main.o(i.aiInit)
    ai_array_get_byte_size                   0x080079d5   Thumb Code    60  ai_datatypes_format.o(i.ai_array_get_byte_size)
    ai_array_get_data_byte_size              0x08007a11   Thumb Code    30  ai_datatypes_format.o(i.ai_array_get_data_byte_size)
    ai_array_to_buffer_fmt                   0x08007a31   Thumb Code   246  ai_datatypes_format.o(i.ai_array_to_buffer_fmt)
    ai_buffer_array_item_set_address         0x08007b5d   Thumb Code    36  ai_platform.o(i.ai_buffer_array_item_set_address)
    ai_buffer_array_sane                     0x08007b81   Thumb Code    18  ai_platform.o(i.ai_buffer_array_sane)
    ai_buffer_get_size                       0x08007b95   Thumb Code    96  ai_platform.o(i.ai_buffer_get_size)
    ai_check_custom_types                    0x08007bfd   Thumb Code    38  layers.o(i.ai_check_custom_types)
    ai_conv2d_kernel_simple_opt_f32          0x08007c29   Thumb Code   366  forward_lite_conv2d_if32of32wf32.o(i.ai_conv2d_kernel_simple_opt_f32)
    ai_layers_forward_all                    0x08007d97   Thumb Code    80  layers.o(i.ai_layers_forward_all)
    ai_layers_init_all                       0x08007de7   Thumb Code    30  layers.o(i.ai_layers_init_all)
    ai_layers_post_init_all                  0x08007e05   Thumb Code    54  layers.o(i.ai_layers_post_init_all)
    ai_network_create                        0x08007e3d   Thumb Code    20  network.o(i.ai_network_create)
    ai_network_create_and_init               0x08007e55   Thumb Code   136  network.o(i.ai_network_create_and_init)
    ai_network_data_params_get               0x08007edd   Thumb Code    36  network_data.o(i.ai_network_data_params_get)
    ai_network_get_error                     0x08007f05   Thumb Code     4  network.o(i.ai_network_get_error)
    ai_network_init                          0x08007f09   Thumb Code    48  network.o(i.ai_network_init)
    ai_network_inputs_get                    0x08007f39   Thumb Code    12  network.o(i.ai_network_inputs_get)
    ai_network_outputs_get                   0x08007f4d   Thumb Code    12  network.o(i.ai_network_outputs_get)
    ai_network_run                           0x08007f61   Thumb Code     4  network.o(i.ai_network_run)
    ai_platform_bind_network_params          0x08007f65   Thumb Code    38  ai_platform_interface.o(i.ai_platform_bind_network_params)
    ai_platform_context_acquire              0x08007f91   Thumb Code    14  ai_platform_interface.o(i.ai_platform_context_acquire)
    ai_platform_get_activations_map          0x08007fa5   Thumb Code    38  ai_platform_interface.o(i.ai_platform_get_activations_map)
    ai_platform_get_weights_map              0x08007fd1   Thumb Code    36  ai_platform_interface.o(i.ai_platform_get_weights_map)
    ai_platform_inputs_get                   0x08007ff9   Thumb Code    66  ai_platform_interface.o(i.ai_platform_inputs_get)
    ai_platform_network_create               0x0800803d   Thumb Code   146  ai_platform_interface.o(i.ai_platform_network_create)
    ai_platform_network_get_error            0x080080d9   Thumb Code    24  ai_platform_interface.o(i.ai_platform_network_get_error)
    ai_platform_network_init                 0x080080f5   Thumb Code   264  ai_platform_interface.o(i.ai_platform_network_init)
    ai_platform_network_post_init            0x0800820d   Thumb Code    76  ai_platform_interface.o(i.ai_platform_network_post_init)
    ai_platform_network_process              0x0800825d   Thumb Code    84  ai_platform_interface.o(i.ai_platform_network_process)
    ai_platform_network_set_error            0x080082b1   Thumb Code    12  ai_platform_interface.o(i.ai_platform_network_set_error)
    ai_platform_outputs_get                  0x080082bd   Thumb Code    72  ai_platform_interface.o(i.ai_platform_outputs_get)
    ai_version_get                           0x08008305   Thumb Code    12  ai_datatypes_internal.o(i.ai_version_get)
    core_get_error                           0x08008311   Thumb Code    12  core_common.o(i.core_get_error)
    core_init                                0x0800831d   Thumb Code     4  core_common.o(i.core_init)
    core_set_error                           0x08008357   Thumb Code    26  core_common.o(i.core_set_error)
    forward_conv2d_if32of32wf32_nl_pool      0x08008371   Thumb Code   672  layers_conv2d_generic_float.o(i.forward_conv2d_if32of32wf32_nl_pool)
    forward_dense                            0x08008611   Thumb Code   516  layers_conv2d_generic_float.o(i.forward_dense)
    forward_lite_conv2d_if32of32wf32_pool    0x0800881d   Thumb Code   684  forward_lite_conv2d_if32of32wf32.o(i.forward_lite_conv2d_if32of32wf32_pool)
    forward_lite_dense_if32of32wf32          0x08008acd   Thumb Code   152  lite_dense_if32.o(i.forward_lite_dense_if32of32wf32)
    forward_lite_nl_relu_if32of32            0x08008b69   Thumb Code    36  lite_nl_generic_float.o(i.forward_lite_nl_relu_if32of32)
    forward_transpose                        0x08008b91   Thumb Code    76  layers_generic_float.o(i.forward_transpose)
    ft6x06_chip_id                           0x08008bdd   Thumb Code    24  ft6x06_reg.o(i.ft6x06_chip_id)
    ft6x06_disatnce_left_right               0x08008bf5   Thumb Code    18  ft6x06_reg.o(i.ft6x06_disatnce_left_right)
    ft6x06_distance_up_down                  0x08008c07   Thumb Code    18  ft6x06_reg.o(i.ft6x06_distance_up_down)
    ft6x06_distance_zoom                     0x08008c19   Thumb Code    18  ft6x06_reg.o(i.ft6x06_distance_zoom)
    ft6x06_g_mode                            0x08008c2b   Thumb Code    18  ft6x06_reg.o(i.ft6x06_g_mode)
    ft6x06_gest_id                           0x08008c3d   Thumb Code    20  ft6x06_reg.o(i.ft6x06_gest_id)
    ft6x06_offset_left_right                 0x08008c51   Thumb Code    18  ft6x06_reg.o(i.ft6x06_offset_left_right)
    ft6x06_offset_up_down                    0x08008c63   Thumb Code    18  ft6x06_reg.o(i.ft6x06_offset_up_down)
    ft6x06_radian_value                      0x08008c75   Thumb Code    18  ft6x06_reg.o(i.ft6x06_radian_value)
    ft6x06_read_reg                          0x08008c87   Thumb Code    14  ft6x06_reg.o(i.ft6x06_read_reg)
    ft6x06_td_status                         0x08008c95   Thumb Code    28  ft6x06_reg.o(i.ft6x06_td_status)
    get_tensor_byte_size                     0x08008cb1   Thumb Code    34  ai_datatypes_internal.o(i.get_tensor_byte_size)
    main                                     0x08008cd9   Thumb Code  1240  main.o(i.main)
    otm8009a_write_reg                       0x08009311   Thumb Code    14  otm8009a_reg.o(i.otm8009a_write_reg)
    pool_func_mp_array_f32                   0x08009321   Thumb Code   420  forward_lite_pool_f32.o(i.pool_func_mp_array_f32)
    st_int8_copy                             0x080094c9   Thumb Code   132  st_int8_fill.o(i.st_int8_copy)
    _fp_init                                 0x0800954d   Thumb Code    10  fpinit.o(x$fpl$fpinit)
    __fplib_config_fpu_vfp                   0x08009555   Thumb Code     0  fpinit.o(x$fpl$fpinit)
    __fplib_config_pureend_doubles           0x08009555   Thumb Code     0  fpinit.o(x$fpl$fpinit)
    s_network_weights_array_u64              0x080095e0   Data       33960  network_data_params.o(.constdata)
    LCD_UTIL_Driver                          0x08011a8c   Data          44  main.o(.constdata)
    UARTPrescTable                           0x08011ab8   Data          24  stm32h7xx_hal_uart.o(.constdata)
    D1CorePrescTable                         0x08011ae0   Data          16  system_stm32h7xx_dualcore_boot_cm4_cm7.o(.constdata)
    Font24_Table                             0x08011d08   Data        6840  stm32_lcd.o(.constdata)
    Font16_Table                             0x080137c0   Data        3040  stm32_lcd.o(.constdata)
    Region$$Table$$Base                      0x080146ec   Number         0  anon$$obj.o(Region$$Table)
    Region$$Table$$Limit                     0x0801470c   Number         0  anon$$obj.o(Region$$Table)
    g_network_data_map_activations           0x24000758   Data          28  network_data.o(.data)
    g_network_data_map_weights               0x24000774   Data          28  network_data.o(.data)
    hTS                                      0x24000798   Data           4  main.o(.data)
    uwTickFreq                               0x240007a4   Data           1  stm32h7xx_hal.o(.data)
    uwTickPrio                               0x240007a8   Data           4  stm32h7xx_hal.o(.data)
    uwTick                                   0x240007ac   Data           4  stm32h7xx_hal.o(.data)
    SystemCoreClock                          0x240007b0   Data           4  system_stm32h7xx_dualcore_boot_cm4_cm7.o(.data)
    SystemD2Clock                            0x240007b4   Data           4  system_stm32h7xx_dualcore_boot_cm4_cm7.o(.data)
    FT6X06_TS_Driver                         0x240007b8   Data          48  ft6x06.o(.data)
    COM_USART                                0x240007ec   Data           4  stm32h747i_discovery.o(.data)
    hpb_exti                                 0x24000800   Data           8  stm32h747i_discovery.o(.data)
    Lcd_CompObj                              0x24000860   Data           4  stm32h747i_discovery_lcd.o(.data)
    Ts_CompObj                               0x24000868   Data           4  stm32h747i_discovery_ts.o(.data)
    Font24                                   0x24000878   Data           8  stm32_lcd.o(.data)
    Font16                                   0x24000880   Data           8  stm32_lcd.o(.data)
    TS_State                                 0x24000920   Data          12  main.o(.bss)
    CmdCfg                                   0x2400094c   Data          44  main.o(.bss)
    LPCmd                                    0x24000978   Data          52  main.o(.bss)
    dsiPllInit                               0x240009ac   Data          12  main.o(.bss)
    in_data                                  0x240016e8   Data        3136  main.o(.bss)
    hcrc                                     0x24004650   Data          36  crc.o(.bss)
    huart1                                   0x24004674   Data         148  usart.o(.bss)
    hbus_i2c4                                0x24005124   Data          84  stm32h747i_discovery_bus.o(.bss)
    hlcd_dsi                                 0x240051c0   Data          28  stm32h747i_discovery_lcd.o(.bss)
    hlcd_dma2d                               0x240051dc   Data         104  stm32h747i_discovery_lcd.o(.bss)
    hlcd_ltdc                                0x24005244   Data         168  stm32h747i_discovery_lcd.o(.bss)
    Lcd_Ctx                                  0x240052ec   Data          28  stm32h747i_discovery_lcd.o(.bss)
    hsdram                                   0x24005400   Data          52  stm32h747i_discovery_sdram.o(.bss)
    Ts_Ctx                                   0x24005434   Data          40  stm32h747i_discovery_ts.o(.bss)
    __libspace_start                         0x240054f0   Data          96  libspace.o(.bss)
    __temporary_stack_top$libspace           0x24005550   Data           0  libspace.o(.bss)



==============================================================================

Memory Map of the image

  Image Entry point : 0x08000299

  Load Region LR_IROM1 (Base: 0x08000000, Size: 0x00014f94, Max: 0x00100000, ABSOLUTE, COMPRESSED[0x00014a44])

    Execution Region ER_IROM1 (Exec base: 0x08000000, Load base: 0x08000000, Size: 0x0001470c, Max: 0x00100000, ABSOLUTE)

    Exec Addr    Load Addr    Size         Type   Attr      Idx    E Section Name        Object

    0x08000000   0x08000000   0x00000298   Data   RO            3    RESET               startup_stm32h747xx_cm7.o
    0x08000298   0x08000298   0x00000008   Code   RO         8846  * !!!main             c_w.l(__main.o)
    0x080002a0   0x080002a0   0x00000034   Code   RO         9351    !!!scatter          c_w.l(__scatter.o)
    0x080002d4   0x080002d4   0x0000005a   Code   RO         9349    !!dczerorl2         c_w.l(__dczerorl2.o)
    0x0800032e   0x0800032e   0x00000002   PAD
    0x08000330   0x08000330   0x0000001c   Code   RO         9353    !!handler_zi        c_w.l(__scatter_zi.o)
    0x0800034c   0x0800034c   0x00000002   Code   RO         9286    .ARM.Collect$$libinit$$00000000  c_w.l(libinit.o)
    0x0800034e   0x0800034e   0x00000004   Code   RO         9126    .ARM.Collect$$libinit$$00000001  c_w.l(libinit2.o)
    0x08000352   0x08000352   0x00000000   Code   RO         9129    .ARM.Collect$$libinit$$00000004  c_w.l(libinit2.o)
    0x08000352   0x08000352   0x00000008   Code   RO         9130    .ARM.Collect$$libinit$$00000005  c_w.l(libinit2.o)
    0x0800035a   0x0800035a   0x00000000   Code   RO         9132    .ARM.Collect$$libinit$$0000000A  c_w.l(libinit2.o)
    0x0800035a   0x0800035a   0x00000000   Code   RO         9134    .ARM.Collect$$libinit$$0000000C  c_w.l(libinit2.o)
    0x0800035a   0x0800035a   0x00000000   Code   RO         9136    .ARM.Collect$$libinit$$0000000E  c_w.l(libinit2.o)
    0x0800035a   0x0800035a   0x00000000   Code   RO         9139    .ARM.Collect$$libinit$$00000011  c_w.l(libinit2.o)
    0x0800035a   0x0800035a   0x00000000   Code   RO         9141    .ARM.Collect$$libinit$$00000013  c_w.l(libinit2.o)
    0x0800035a   0x0800035a   0x00000000   Code   RO         9143    .ARM.Collect$$libinit$$00000015  c_w.l(libinit2.o)
    0x0800035a   0x0800035a   0x00000000   Code   RO         9145    .ARM.Collect$$libinit$$00000017  c_w.l(libinit2.o)
    0x0800035a   0x0800035a   0x00000000   Code   RO         9147    .ARM.Collect$$libinit$$00000019  c_w.l(libinit2.o)
    0x0800035a   0x0800035a   0x00000000   Code   RO         9149    .ARM.Collect$$libinit$$0000001B  c_w.l(libinit2.o)
    0x0800035a   0x0800035a   0x00000000   Code   RO         9151    .ARM.Collect$$libinit$$0000001D  c_w.l(libinit2.o)
    0x0800035a   0x0800035a   0x00000000   Code   RO         9153    .ARM.Collect$$libinit$$0000001F  c_w.l(libinit2.o)
    0x0800035a   0x0800035a   0x00000000   Code   RO         9155    .ARM.Collect$$libinit$$00000021  c_w.l(libinit2.o)
    0x0800035a   0x0800035a   0x00000000   Code   RO         9157    .ARM.Collect$$libinit$$00000023  c_w.l(libinit2.o)
    0x0800035a   0x0800035a   0x00000000   Code   RO         9159    .ARM.Collect$$libinit$$00000025  c_w.l(libinit2.o)
    0x0800035a   0x0800035a   0x00000000   Code   RO         9163    .ARM.Collect$$libinit$$0000002C  c_w.l(libinit2.o)
    0x0800035a   0x0800035a   0x00000000   Code   RO         9165    .ARM.Collect$$libinit$$0000002E  c_w.l(libinit2.o)
    0x0800035a   0x0800035a   0x00000000   Code   RO         9167    .ARM.Collect$$libinit$$00000030  c_w.l(libinit2.o)
    0x0800035a   0x0800035a   0x00000000   Code   RO         9169    .ARM.Collect$$libinit$$00000032  c_w.l(libinit2.o)
    0x0800035a   0x0800035a   0x00000002   Code   RO         9170    .ARM.Collect$$libinit$$00000033  c_w.l(libinit2.o)
    0x0800035c   0x0800035c   0x00000002   Code   RO         9346    .ARM.Collect$$libshutdown$$00000000  c_w.l(libshutdown.o)
    0x0800035e   0x0800035e   0x00000000   Code   RO         9302    .ARM.Collect$$libshutdown$$00000002  c_w.l(libshutdown2.o)
    0x0800035e   0x0800035e   0x00000000   Code   RO         9304    .ARM.Collect$$libshutdown$$00000004  c_w.l(libshutdown2.o)
    0x0800035e   0x0800035e   0x00000000   Code   RO         9306    .ARM.Collect$$libshutdown$$00000006  c_w.l(libshutdown2.o)
    0x0800035e   0x0800035e   0x00000000   Code   RO         9309    .ARM.Collect$$libshutdown$$00000009  c_w.l(libshutdown2.o)
    0x0800035e   0x0800035e   0x00000000   Code   RO         9312    .ARM.Collect$$libshutdown$$0000000C  c_w.l(libshutdown2.o)
    0x0800035e   0x0800035e   0x00000000   Code   RO         9314    .ARM.Collect$$libshutdown$$0000000E  c_w.l(libshutdown2.o)
    0x0800035e   0x0800035e   0x00000000   Code   RO         9317    .ARM.Collect$$libshutdown$$00000011  c_w.l(libshutdown2.o)
    0x0800035e   0x0800035e   0x00000002   Code   RO         9318    .ARM.Collect$$libshutdown$$00000012  c_w.l(libshutdown2.o)
    0x08000360   0x08000360   0x00000000   Code   RO         9092    .ARM.Collect$$rtentry$$00000000  c_w.l(__rtentry.o)
    0x08000360   0x08000360   0x00000000   Code   RO         9218    .ARM.Collect$$rtentry$$00000002  c_w.l(__rtentry2.o)
    0x08000360   0x08000360   0x00000006   Code   RO         9230    .ARM.Collect$$rtentry$$00000004  c_w.l(__rtentry4.o)
    0x08000366   0x08000366   0x00000000   Code   RO         9220    .ARM.Collect$$rtentry$$00000009  c_w.l(__rtentry2.o)
    0x08000366   0x08000366   0x00000004   Code   RO         9221    .ARM.Collect$$rtentry$$0000000A  c_w.l(__rtentry2.o)
    0x0800036a   0x0800036a   0x00000000   Code   RO         9223    .ARM.Collect$$rtentry$$0000000C  c_w.l(__rtentry2.o)
    0x0800036a   0x0800036a   0x00000008   Code   RO         9224    .ARM.Collect$$rtentry$$0000000D  c_w.l(__rtentry2.o)
    0x08000372   0x08000372   0x00000002   Code   RO         9289    .ARM.Collect$$rtexit$$00000000  c_w.l(rtexit.o)
    0x08000374   0x08000374   0x00000000   Code   RO         9322    .ARM.Collect$$rtexit$$00000002  c_w.l(rtexit2.o)
    0x08000374   0x08000374   0x00000004   Code   RO         9323    .ARM.Collect$$rtexit$$00000003  c_w.l(rtexit2.o)
    0x08000378   0x08000378   0x00000006   Code   RO         9324    .ARM.Collect$$rtexit$$00000004  c_w.l(rtexit2.o)
    0x0800037e   0x0800037e   0x00000002   PAD
    0x08000380   0x08000380   0x00000000   Code   RO         9241    .emb_text           c_w.l(maybetermalloc1.o)
    0x08000380   0x08000380   0x00000040   Code   RO            4    .text               startup_stm32h747xx_cm7.o
    0x080003c0   0x080003c0   0x0000005e   Code   RO         8774    .text               c_w.l(h1_alloc.o)
    0x0800041e   0x0800041e   0x0000004e   Code   RO         8776    .text               c_w.l(h1_free.o)
    0x0800046c   0x0800046c   0x000000ee   Code   RO         8836    .text               c_w.l(lludivv7m.o)
    0x0800055a   0x0800055a   0x00000058   Code   RO         8838    .text               c_w.l(memcmp.o)
    0x080005b2   0x080005b2   0x00000064   Code   RO         8840    .text               c_w.l(rt_memcpy_w.o)
    0x08000616   0x08000616   0x0000004e   Code   RO         8842    .text               c_w.l(rt_memclr_w.o)
    0x08000664   0x08000664   0x00000006   Code   RO         8844    .text               c_w.l(heapauxi.o)
    0x0800066a   0x0800066a   0x00000002   PAD
    0x0800066c   0x0800066c   0x00000008   Code   RO         9100    .text               c_w.l(rt_heap_descriptor_intlibspace.o)
    0x08000674   0x08000674   0x00000004   Code   RO         9102    .text               c_w.l(hguard.o)
    0x08000678   0x08000678   0x0000008a   Code   RO         9104    .text               c_w.l(init_alloc.o)
    0x08000702   0x08000702   0x0000000e   Code   RO         9108    .text               c_w.l(h1_init.o)
    0x08000710   0x08000710   0x00000008   Code   RO         9214    .text               c_w.l(libspace.o)
    0x08000718   0x08000718   0x00000034   Code   RO         9243    .text               c_w.l(h1_extend.o)
    0x0800074c   0x0800074c   0x0000000e   Code   RO         9247    .text               c_w.l(defsig_rtmem_outer.o)
    0x0800075a   0x0800075a   0x00000002   Code   RO         9258    .text               c_w.l(use_no_semi.o)
    0x0800075c   0x0800075c   0x00000000   Code   RO         9260    .text               c_w.l(indicate_semi.o)
    0x0800075c   0x0800075c   0x0000004a   Code   RO         9261    .text               c_w.l(sys_stackheap_outer.o)
    0x080007a6   0x080007a6   0x00000012   Code   RO         9267    .text               c_w.l(exit.o)
    0x080007b8   0x080007b8   0x0000000a   Code   RO         9269    .text               c_w.l(defsig_exit.o)
    0x080007c2   0x080007c2   0x00000002   PAD
    0x080007c4   0x080007c4   0x00000050   Code   RO         9275    .text               c_w.l(defsig_rtmem_inner.o)
    0x08000814   0x08000814   0x0000000c   Code   RO         9287    .text               c_w.l(sys_exit.o)
    0x08000820   0x08000820   0x00000032   Code   RO         9297    .text               c_w.l(defsig_general.o)
    0x08000852   0x08000852   0x0000000e   Code   RO         9319    .text               c_w.l(sys_wrch.o)
    0x08000860   0x08000860   0x00000030   Code   RO          446    i.AI_Run            main.o
    0x08000890   0x08000890   0x00000004   Code   RO         6688    i.BSP_GetTick       stm32h747i_discovery_bus.o
    0x08000894   0x08000894   0x00000050   Code   RO         6689    i.BSP_I2C4_DeInit   stm32h747i_discovery_bus.o
    0x080008e4   0x080008e4   0x00000050   Code   RO         6690    i.BSP_I2C4_Init     stm32h747i_discovery_bus.o
    0x08000934   0x08000934   0x0000002c   Code   RO         6692    i.BSP_I2C4_ReadReg  stm32h747i_discovery_bus.o
    0x08000960   0x08000960   0x0000002c   Code   RO         6694    i.BSP_I2C4_WriteReg  stm32h747i_discovery_bus.o
    0x0800098c   0x0800098c   0x00000002   Code   RO         6486    i.BSP_JOY_Callback  stm32h747i_discovery.o
    0x0800098e   0x0800098e   0x00000002   PAD
    0x08000990   0x08000990   0x000000f8   Code   RO         6803    i.BSP_LCD_DrawBitmap  stm32h747i_discovery_lcd.o
    0x08000a88   0x08000a88   0x0000005c   Code   RO         6804    i.BSP_LCD_DrawHLine  stm32h747i_discovery_lcd.o
    0x08000ae4   0x08000ae4   0x0000005c   Code   RO         6805    i.BSP_LCD_DrawVLine  stm32h747i_discovery_lcd.o
    0x08000b40   0x08000b40   0x00000060   Code   RO         6806    i.BSP_LCD_FillRGBRect  stm32h747i_discovery_lcd.o
    0x08000ba0   0x08000ba0   0x00000050   Code   RO         6807    i.BSP_LCD_FillRect  stm32h747i_discovery_lcd.o
    0x08000bf0   0x08000bf0   0x00000018   Code   RO         6809    i.BSP_LCD_GetPixelFormat  stm32h747i_discovery_lcd.o
    0x08000c08   0x08000c08   0x00000028   Code   RO         6810    i.BSP_LCD_GetXSize  stm32h747i_discovery_lcd.o
    0x08000c30   0x08000c30   0x00000028   Code   RO         6811    i.BSP_LCD_GetYSize  stm32h747i_discovery_lcd.o
    0x08000c58   0x08000c58   0x00000044   Code   RO         6815    i.BSP_LCD_ReadPixel  stm32h747i_discovery_lcd.o
    0x08000c9c   0x08000c9c   0x0000005c   Code   RO         6817    i.BSP_LCD_Reset     stm32h747i_discovery_lcd.o
    0x08000cf8   0x08000cf8   0x00000018   Code   RO         6819    i.BSP_LCD_SetActiveLayer  stm32h747i_discovery_lcd.o
    0x08000d10   0x08000d10   0x00000040   Code   RO         6826    i.BSP_LCD_WritePixel  stm32h747i_discovery_lcd.o
    0x08000d50   0x08000d50   0x0000005c   Code   RO         6493    i.BSP_LED_Init      stm32h747i_discovery.o
    0x08000dac   0x08000dac   0x00000002   Code   RO         6497    i.BSP_PB_Callback   stm32h747i_discovery.o
    0x08000dae   0x08000dae   0x00000002   PAD
    0x08000db0   0x08000db0   0x00000058   Code   RO         7109    i.BSP_SDRAM_Init    stm32h747i_discovery_sdram.o
    0x08000e08   0x08000e08   0x00000002   Code   RO         7166    i.BSP_TS_Callback   stm32h747i_discovery_ts.o
    0x08000e0a   0x08000e0a   0x00000002   PAD
    0x08000e0c   0x08000e0c   0x000000b4   Code   RO         7173    i.BSP_TS_GetState   stm32h747i_discovery_ts.o
    0x08000ec0   0x08000ec0   0x000000b0   Code   RO         7177    i.BSP_TS_Init       stm32h747i_discovery_ts.o
    0x08000f70   0x08000f70   0x0000000a   Code   RO         6502    i.BUTTON_WAKEUP_EXTI_Callback  stm32h747i_discovery.o
    0x08000f7a   0x08000f7a   0x00000002   Code   RO          894    i.BusFault_Handler  stm32h7xx_it.o
    0x08000f7c   0x08000f7c   0x0000009c   Code   RO         1029    i.DMA2D_SetConfig   stm32h7xx_hal_dma2d.o
    0x08001018   0x08001018   0x00000014   Code   RO         1238    i.DSI_ConfigPacketHeader  stm32h7xx_hal_dsi.o
    0x0800102c   0x0800102c   0x00000024   Code   RO          447    i.DSI_IO_Read       main.o
    0x08001050   0x08001050   0x0000003c   Code   RO          448    i.DSI_IO_Write      main.o
    0x0800108c   0x0800108c   0x0000000c   Code   RO          449    i.DSI_IRQHandler    main.o
    0x08001098   0x08001098   0x00000048   Code   RO         1239    i.DSI_ShortWrite    stm32h7xx_hal_dsi.o
    0x080010e0   0x080010e0   0x00000002   Code   RO          895    i.DebugMon_Handler  stm32h7xx_it.o
    0x080010e2   0x080010e2   0x00000002   PAD
    0x080010e4   0x080010e4   0x0000010c   Code   RO         7287    i.DrawChar          stm32_lcd.o
    0x080011f0   0x080011f0   0x00000004   Code   RO          450    i.Error_Handler     main.o
    0x080011f4   0x080011f4   0x0000006a   Code   RO         1991    i.FMC_SDRAM_Init    stm32h7xx_ll_fmc.o
    0x0800125e   0x0800125e   0x00000012   Code   RO         1992    i.FMC_SDRAM_ProgramRefreshRate  stm32h7xx_ll_fmc.o
    0x08001270   0x08001270   0x00000026   Code   RO         1993    i.FMC_SDRAM_SendCommand  stm32h7xx_ll_fmc.o
    0x08001296   0x08001296   0x00000002   PAD
    0x08001298   0x08001298   0x000000b0   Code   RO         1995    i.FMC_SDRAM_Timing_Init  stm32h7xx_ll_fmc.o
    0x08001348   0x08001348   0x00000004   Code   RO         6106    i.FT6X06_ClearIT    ft6x06.o
    0x0800134c   0x0800134c   0x00000012   Code   RO         6107    i.FT6X06_DeInit     ft6x06.o
    0x0800135e   0x0800135e   0x0000001e   Code   RO         6108    i.FT6X06_DetectTouch  ft6x06.o
    0x0800137c   0x0800137c   0x00000008   Code   RO         6109    i.FT6X06_DisableIT  ft6x06.o
    0x08001384   0x08001384   0x00000008   Code   RO         6110    i.FT6X06_EnableIT   ft6x06.o
    0x0800138c   0x0800138c   0x0000004a   Code   RO         6111    i.FT6X06_GestureConfig  ft6x06.o
    0x080013d6   0x080013d6   0x0000001e   Code   RO         6112    i.FT6X06_GetCapabilities  ft6x06.o
    0x080013f4   0x080013f4   0x00000006   Code   RO         6113    i.FT6X06_GetGesture  ft6x06.o
    0x080013fa   0x080013fa   0x0000009a   Code   RO         6114    i.FT6X06_GetMultiTouchState  ft6x06.o
    0x08001494   0x08001494   0x0000004a   Code   RO         6115    i.FT6X06_GetState   ft6x06.o
    0x080014de   0x080014de   0x00000004   Code   RO         6116    i.FT6X06_ITStatus   ft6x06.o
    0x080014e2   0x080014e2   0x00000026   Code   RO         6117    i.FT6X06_Init       ft6x06.o
    0x08001508   0x08001508   0x000000a8   Code   RO         7179    i.FT6X06_Probe      stm32h747i_discovery_ts.o
    0x080015b0   0x080015b0   0x00000014   Code   RO         6118    i.FT6X06_ReadID     ft6x06.o
    0x080015c4   0x080015c4   0x0000003c   Code   RO         6119    i.FT6X06_RegisterBusIO  ft6x06.o
    0x08001600   0x08001600   0x00000054   Code   RO         2351    i.HAL_CRCEx_Polynomial_Set  stm32h7xx_hal_crc_ex.o
    0x08001654   0x08001654   0x00000078   Code   RO         2285    i.HAL_CRC_Init      stm32h7xx_hal_crc.o
    0x080016cc   0x080016cc   0x00000028   Code   RO          811    i.HAL_CRC_MspInit   crc.o
    0x080016f4   0x080016f4   0x000000c8   Code   RO         1043    i.HAL_DMA2D_ConfigLayer  stm32h7xx_hal_dma2d.o
    0x080017bc   0x080017bc   0x00000088   Code   RO         1051    i.HAL_DMA2D_Init    stm32h7xx_hal_dma2d.o
    0x08001844   0x08001844   0x00000002   Code   RO         1054    i.HAL_DMA2D_MspInit  stm32h7xx_hal_dma2d.o
    0x08001846   0x08001846   0x0000010e   Code   RO         1055    i.HAL_DMA2D_PollForTransfer  stm32h7xx_hal_dma2d.o
    0x08001954   0x08001954   0x00000034   Code   RO         1058    i.HAL_DMA2D_Start   stm32h7xx_hal_dma2d.o
    0x08001988   0x08001988   0x00000110   Code   RO         1241    i.HAL_DSI_ConfigAdaptedCommandMode  stm32h7xx_hal_dsi.o
    0x08001a98   0x08001a98   0x00000074   Code   RO         1242    i.HAL_DSI_ConfigCommand  stm32h7xx_hal_dsi.o
    0x08001b0c   0x08001b0c   0x0000002a   Code   RO         1244    i.HAL_DSI_ConfigFlowControl  stm32h7xx_hal_dsi.o
    0x08001b36   0x08001b36   0x00000084   Code   RO         1246    i.HAL_DSI_ConfigPhyTimer  stm32h7xx_hal_dsi.o
    0x08001bba   0x08001bba   0x0000008a   Code   RO         1248    i.HAL_DSI_DeInit    stm32h7xx_hal_dsi.o
    0x08001c44   0x08001c44   0x00000002   Code   RO          451    i.HAL_DSI_EndOfRefreshCallback  main.o
    0x08001c46   0x08001c46   0x00000002   Code   RO         1252    i.HAL_DSI_ErrorCallback  stm32h7xx_hal_dsi.o
    0x08001c48   0x08001c48   0x00000034   Code   RO         1256    i.HAL_DSI_ForceRXLowPower  stm32h7xx_hal_dsi.o
    0x08001c7c   0x08001c7c   0x000000ec   Code   RO         1260    i.HAL_DSI_IRQHandler  stm32h7xx_hal_dsi.o
    0x08001d68   0x08001d68   0x00000208   Code   RO         1261    i.HAL_DSI_Init      stm32h7xx_hal_dsi.o
    0x08001f70   0x08001f70   0x000000c4   Code   RO         1262    i.HAL_DSI_LongWrite  stm32h7xx_hal_dsi.o
    0x08002034   0x08002034   0x00000002   Code   RO         1263    i.HAL_DSI_MspDeInit  stm32h7xx_hal_dsi.o
    0x08002036   0x08002036   0x00000002   Code   RO         1264    i.HAL_DSI_MspInit   stm32h7xx_hal_dsi.o
    0x08002038   0x08002038   0x000000ec   Code   RO         1267    i.HAL_DSI_Read      stm32h7xx_hal_dsi.o
    0x08002124   0x08002124   0x00000024   Code   RO         1268    i.HAL_DSI_Refresh   stm32h7xx_hal_dsi.o
    0x08002148   0x08002148   0x00000022   Code   RO         1277    i.HAL_DSI_ShortWrite  stm32h7xx_hal_dsi.o
    0x0800216a   0x0800216a   0x00000044   Code   RO         1279    i.HAL_DSI_Start     stm32h7xx_hal_dsi.o
    0x080021ae   0x080021ae   0x00000002   Code   RO         1281    i.HAL_DSI_TearingEffectCallback  stm32h7xx_hal_dsi.o
    0x080021b0   0x080021b0   0x00000024   Code   RO         3765    i.HAL_Delay         stm32h7xx_hal.o
    0x080021d4   0x080021d4   0x00000170   Code   RO         2883    i.HAL_GPIO_DeInit   stm32h7xx_hal_gpio.o
    0x08002344   0x08002344   0x0000022c   Code   RO         2886    i.HAL_GPIO_Init     stm32h7xx_hal_gpio.o
    0x08002570   0x08002570   0x0000000a   Code   RO         2890    i.HAL_GPIO_WritePin  stm32h7xx_hal_gpio.o
    0x0800257a   0x0800257a   0x00000002   PAD
    0x0800257c   0x0800257c   0x0000000c   Code   RO         3784    i.HAL_GetREVID      stm32h7xx_hal.o
    0x08002588   0x08002588   0x0000000c   Code   RO         3785    i.HAL_GetTick       stm32h7xx_hal.o
    0x08002594   0x08002594   0x00000020   Code   RO         2951    i.HAL_HSEM_FastTake  stm32h7xx_hal_hsem.o
    0x080025b4   0x080025b4   0x00000014   Code   RO         2956    i.HAL_HSEM_Release  stm32h7xx_hal_hsem.o
    0x080025c8   0x080025c8   0x00000058   Code   RO         4620    i.HAL_I2CEx_ConfigAnalogFilter  stm32h7xx_hal_i2c_ex.o
    0x08002620   0x08002620   0x00000054   Code   RO         4621    i.HAL_I2CEx_ConfigDigitalFilter  stm32h7xx_hal_i2c_ex.o
    0x08002674   0x08002674   0x00000034   Code   RO         4150    i.HAL_I2C_DeInit    stm32h7xx_hal_i2c.o
    0x080026a8   0x080026a8   0x00000004   Code   RO         4156    i.HAL_I2C_GetError  stm32h7xx_hal_i2c.o
    0x080026ac   0x080026ac   0x00000006   Code   RO         4158    i.HAL_I2C_GetState  stm32h7xx_hal_i2c.o
    0x080026b2   0x080026b2   0x00000002   PAD
    0x080026b4   0x080026b4   0x000000c0   Code   RO         4159    i.HAL_I2C_Init      stm32h7xx_hal_i2c.o
    0x08002774   0x08002774   0x00000164   Code   RO         4177    i.HAL_I2C_Mem_Read  stm32h7xx_hal_i2c.o
    0x080028d8   0x080028d8   0x00000158   Code   RO         4180    i.HAL_I2C_Mem_Write  stm32h7xx_hal_i2c.o
    0x08002a30   0x08002a30   0x00000002   Code   RO         4183    i.HAL_I2C_MspDeInit  stm32h7xx_hal_i2c.o
    0x08002a32   0x08002a32   0x00000002   Code   RO         4184    i.HAL_I2C_MspInit   stm32h7xx_hal_i2c.o
    0x08002a34   0x08002a34   0x00000010   Code   RO         3791    i.HAL_IncTick       stm32h7xx_hal.o
    0x08002a44   0x08002a44   0x0000005c   Code   RO         3792    i.HAL_Init          stm32h7xx_hal.o
    0x08002aa0   0x08002aa0   0x00000040   Code   RO         3793    i.HAL_InitTick      stm32h7xx_hal.o
    0x08002ae0   0x08002ae0   0x00000052   Code   RO         1521    i.HAL_LTDC_ConfigLayer  stm32h7xx_hal_ltdc.o
    0x08002b32   0x08002b32   0x0000006a   Code   RO         1523    i.HAL_LTDC_DeInit   stm32h7xx_hal_ltdc.o
    0x08002b9c   0x08002b9c   0x000000f8   Code   RO         1538    i.HAL_LTDC_Init     stm32h7xx_hal_ltdc.o
    0x08002c94   0x08002c94   0x00000002   Code   RO         1540    i.HAL_LTDC_MspDeInit  stm32h7xx_hal_ltdc.o
    0x08002c96   0x08002c96   0x00000002   Code   RO         1541    i.HAL_LTDC_MspInit  stm32h7xx_hal_ltdc.o
    0x08002c98   0x08002c98   0x00000056   Code   RO         3223    i.HAL_MDMA_DeInit   stm32h7xx_hal_mdma.o
    0x08002cee   0x08002cee   0x0000005e   Code   RO         3228    i.HAL_MDMA_Init     stm32h7xx_hal_mdma.o
    0x08002d4c   0x08002d4c   0x0000005c   Code   RO         2127    i.HAL_MPU_ConfigRegion  stm32h7xx_hal_cortex.o
    0x08002da8   0x08002da8   0x0000001c   Code   RO         2128    i.HAL_MPU_Disable   stm32h7xx_hal_cortex.o
    0x08002dc4   0x08002dc4   0x00000024   Code   RO         2130    i.HAL_MPU_Enable    stm32h7xx_hal_cortex.o
    0x08002de8   0x08002de8   0x0000001c   Code   RO          969    i.HAL_MspInit       stm32h7xx_hal_msp.o
    0x08002e04   0x08002e04   0x0000001a   Code   RO         2134    i.HAL_NVIC_EnableIRQ  stm32h7xx_hal_cortex.o
    0x08002e1e   0x08002e1e   0x00000002   PAD
    0x08002e20   0x08002e20   0x00000040   Code   RO         2140    i.HAL_NVIC_SetPriority  stm32h7xx_hal_cortex.o
    0x08002e60   0x08002e60   0x00000024   Code   RO         2141    i.HAL_NVIC_SetPriorityGrouping  stm32h7xx_hal_cortex.o
    0x08002e84   0x08002e84   0x00000084   Code   RO         3488    i.HAL_PWREx_ConfigSupply  stm32h7xx_hal_pwr_ex.o
    0x08002f08   0x08002f08   0x00000024   Code   RO         2502    i.HAL_RCCEx_GetD3PCLK1Freq  stm32h7xx_hal_rcc_ex.o
    0x08002f2c   0x08002f2c   0x00000144   Code   RO         2504    i.HAL_RCCEx_GetPLL2ClockFreq  stm32h7xx_hal_rcc_ex.o
    0x08003070   0x08003070   0x00000144   Code   RO         2505    i.HAL_RCCEx_GetPLL3ClockFreq  stm32h7xx_hal_rcc_ex.o
    0x080031b4   0x080031b4   0x000009e0   Code   RO         2511    i.HAL_RCCEx_PeriphCLKConfig  stm32h7xx_hal_rcc_ex.o
    0x08003b94   0x08003b94   0x0000025c   Code   RO         2386    i.HAL_RCC_ClockConfig  stm32h7xx_hal_rcc.o
    0x08003df0   0x08003df0   0x00000044   Code   RO         2391    i.HAL_RCC_GetHCLKFreq  stm32h7xx_hal_rcc.o
    0x08003e34   0x08003e34   0x00000024   Code   RO         2393    i.HAL_RCC_GetPCLK1Freq  stm32h7xx_hal_rcc.o
    0x08003e58   0x08003e58   0x00000024   Code   RO         2394    i.HAL_RCC_GetPCLK2Freq  stm32h7xx_hal_rcc.o
    0x08003e7c   0x08003e7c   0x00000138   Code   RO         2395    i.HAL_RCC_GetSysClockFreq  stm32h7xx_hal_rcc.o
    0x08003fb4   0x08003fb4   0x00000582   Code   RO         2398    i.HAL_RCC_OscConfig  stm32h7xx_hal_rcc.o
    0x08004536   0x08004536   0x00000002   PAD
    0x08004538   0x08004538   0x00000050   Code   RO         1811    i.HAL_SDRAM_Init    stm32h7xx_hal_sdram.o
    0x08004588   0x08004588   0x00000002   Code   RO         1813    i.HAL_SDRAM_MspInit  stm32h7xx_hal_sdram.o
    0x0800458a   0x0800458a   0x0000002e   Code   RO         1814    i.HAL_SDRAM_ProgramRefreshRate  stm32h7xx_hal_sdram.o
    0x080045b8   0x080045b8   0x0000003c   Code   RO         1820    i.HAL_SDRAM_SendCommand  stm32h7xx_hal_sdram.o
    0x080045f4   0x080045f4   0x00000026   Code   RO         2145    i.HAL_SYSTICK_Config  stm32h7xx_hal_cortex.o
    0x0800461a   0x0800461a   0x00000040   Code   RO         5202    i.HAL_UARTEx_DisableFifoMode  stm32h7xx_hal_uart_ex.o
    0x0800465a   0x0800465a   0x0000004c   Code   RO         5211    i.HAL_UARTEx_SetRxFifoThreshold  stm32h7xx_hal_uart_ex.o
    0x080046a6   0x080046a6   0x0000004c   Code   RO         5212    i.HAL_UARTEx_SetTxFifoThreshold  stm32h7xx_hal_uart_ex.o
    0x080046f2   0x080046f2   0x0000006a   Code   RO         4811    i.HAL_UART_Init     stm32h7xx_hal_uart.o
    0x0800475c   0x0800475c   0x00000088   Code   RO          853    i.HAL_UART_MspInit  usart.o
    0x080047e4   0x080047e4   0x00000002   Code   RO          896    i.HardFault_Handler  stm32h7xx_it.o
    0x080047e6   0x080047e6   0x00000002   PAD
    0x080047e8   0x080047e8   0x00000088   Code   RO         6696    i.I2C4_MspInit      stm32h747i_discovery_bus.o
    0x08004870   0x08004870   0x00000028   Code   RO         6697    i.I2C4_ReadReg      stm32h747i_discovery_bus.o
    0x08004898   0x08004898   0x00000028   Code   RO         6698    i.I2C4_WriteReg     stm32h747i_discovery_bus.o
    0x080048c0   0x080048c0   0x000000c8   Code   RO         6699    i.I2C_Compute_PRESC_SCLDEL_SDADEL  stm32h747i_discovery_bus.o
    0x08004988   0x08004988   0x00000114   Code   RO         6700    i.I2C_Compute_SCLL_SCLH  stm32h747i_discovery_bus.o
    0x08004a9c   0x08004a9c   0x00000022   Code   RO         4206    i.I2C_Flush_TXDR    stm32h7xx_hal_i2c.o
    0x08004abe   0x08004abe   0x00000002   PAD
    0x08004ac0   0x08004ac0   0x00000080   Code   RO         6701    i.I2C_GetTiming     stm32h747i_discovery_bus.o
    0x08004b40   0x08004b40   0x00000110   Code   RO         4214    i.I2C_IsErrorOccurred  stm32h7xx_hal_i2c.o
    0x08004c50   0x08004c50   0x00000064   Code   RO         4219    i.I2C_RequestMemoryRead  stm32h7xx_hal_i2c.o
    0x08004cb4   0x08004cb4   0x00000064   Code   RO         4220    i.I2C_RequestMemoryWrite  stm32h7xx_hal_i2c.o
    0x08004d18   0x08004d18   0x00000030   Code   RO         4223    i.I2C_TransferConfig  stm32h7xx_hal_i2c.o
    0x08004d48   0x08004d48   0x0000007c   Code   RO         4225    i.I2C_WaitOnFlagUntilTimeout  stm32h7xx_hal_i2c.o
    0x08004dc4   0x08004dc4   0x00000058   Code   RO         4227    i.I2C_WaitOnSTOPFlagUntilTimeout  stm32h7xx_hal_i2c.o
    0x08004e1c   0x08004e1c   0x0000005c   Code   RO         4228    i.I2C_WaitOnTXISFlagUntilTimeout  stm32h7xx_hal_i2c.o
    0x08004e78   0x08004e78   0x00000028   Code   RO         6026    i.IS42S32800J_ClockEnable  is42s32800j.o
    0x08004ea0   0x08004ea0   0x00000058   Code   RO         6029    i.IS42S32800J_Init  is42s32800j.o
    0x08004ef8   0x08004ef8   0x00000044   Code   RO         6030    i.IS42S32800J_ModeRegConfig  is42s32800j.o
    0x08004f3c   0x08004f3c   0x00000028   Code   RO         6031    i.IS42S32800J_Precharge  is42s32800j.o
    0x08004f64   0x08004f64   0x00000024   Code   RO         6032    i.IS42S32800J_RefreshMode  is42s32800j.o
    0x08004f88   0x08004f88   0x00000010   Code   RO         6033    i.IS42S32800J_RefreshRate  is42s32800j.o
    0x08004f98   0x08004f98   0x0000000c   Code   RO         6503    i.JOY1_DOWN_EXTI_Callback  stm32h747i_discovery.o
    0x08004fa4   0x08004fa4   0x0000000c   Code   RO         6504    i.JOY1_LEFT_EXTI_Callback  stm32h747i_discovery.o
    0x08004fb0   0x08004fb0   0x0000000c   Code   RO         6505    i.JOY1_RIGHT_EXTI_Callback  stm32h747i_discovery.o
    0x08004fbc   0x08004fbc   0x0000000c   Code   RO         6506    i.JOY1_SEL_EXTI_Callback  stm32h747i_discovery.o
    0x08004fc8   0x08004fc8   0x0000000c   Code   RO         6507    i.JOY1_UP_EXTI_Callback  stm32h747i_discovery.o
    0x08004fd4   0x08004fd4   0x000000c8   Code   RO          452    i.LCD_BriefDisplay  main.o
    0x0800509c   0x0800509c   0x00000010   Code   RO          453    i.LCD_GetXSize      main.o
    0x080050ac   0x080050ac   0x00000010   Code   RO          454    i.LCD_GetYSize      main.o
    0x080050bc   0x080050bc   0x00000160   Code   RO          455    i.LCD_Init          main.o
    0x0800521c   0x0800521c   0x000000a8   Code   RO          456    i.LCD_MspInit       main.o
    0x080052c4   0x080052c4   0x00000084   Code   RO         6833    i.LL_ConvertLineToRGB  stm32h747i_discovery_lcd.o
    0x08005348   0x08005348   0x000000b4   Code   RO         6834    i.LL_FillBuffer     stm32h747i_discovery_lcd.o
    0x080053fc   0x080053fc   0x00000060   Code   RO          457    i.LTDC_Init         main.o
    0x0800545c   0x0800545c   0x000001d0   Code   RO         1557    i.LTDC_SetConfig    stm32h7xx_hal_ltdc.o
    0x0800562c   0x0800562c   0x000000b0   Code   RO         3239    i.MDMA_Init         stm32h7xx_hal_mdma.o
    0x080056dc   0x080056dc   0x0000007a   Code   RO          458    i.MPU_Config        main.o
    0x08005756   0x08005756   0x00000002   PAD
    0x08005758   0x08005758   0x00000030   Code   RO          812    i.MX_CRC_Init       crc.o
    0x08005788   0x08005788   0x00000060   Code   RO          782    i.MX_GPIO_Init      gpio.o
    0x080057e8   0x080057e8   0x00000040   Code   RO         6702    i.MX_I2C4_Init      stm32h747i_discovery_bus.o
    0x08005828   0x08005828   0x00000060   Code   RO         7111    i.MX_SDRAM_Init     stm32h747i_discovery_sdram.o
    0x08005888   0x08005888   0x00000068   Code   RO          854    i.MX_USART1_UART_Init  usart.o
    0x080058f0   0x080058f0   0x00000002   Code   RO          897    i.MemManage_Handler  stm32h7xx_it.o
    0x080058f2   0x080058f2   0x00000002   Code   RO          898    i.NMI_Handler       stm32h7xx_it.o
    0x080058f4   0x080058f4   0x0000001a   Code   RO         5648    i.OTM8009A_IO_Delay  otm8009a.o
    0x0800590e   0x0800590e   0x00000002   PAD
    0x08005910   0x08005910   0x000006a0   Code   RO         5649    i.OTM8009A_Init     otm8009a.o
    0x08005fb0   0x08005fb0   0x0000000e   Code   RO         5651    i.OTM8009A_ReadRegWrap  otm8009a.o
    0x08005fbe   0x08005fbe   0x00000002   PAD
    0x08005fc0   0x08005fc0   0x00000030   Code   RO         5652    i.OTM8009A_RegisterBusIO  otm8009a.o
    0x08005ff0   0x08005ff0   0x0000000e   Code   RO         5657    i.OTM8009A_WriteRegWrap  otm8009a.o
    0x08005ffe   0x08005ffe   0x00000002   Code   RO          899    i.PendSV_Handler    stm32h7xx_it.o
    0x08006000   0x08006000   0x00000120   Code   RO         2514    i.RCCEx_PLL2_Config  stm32h7xx_hal_rcc_ex.o
    0x08006120   0x08006120   0x00000120   Code   RO         2515    i.RCCEx_PLL3_Config  stm32h7xx_hal_rcc_ex.o
    0x08006240   0x08006240   0x0000000e   Code   RO         6120    i.ReadRegWrap       ft6x06.o
    0x0800624e   0x0800624e   0x00000002   PAD
    0x08006250   0x08006250   0x00000168   Code   RO         7112    i.SDRAM_MspInit     stm32h747i_discovery_sdram.o
    0x080063b8   0x080063b8   0x00000002   Code   RO          900    i.SVC_Handler       stm32h7xx_it.o
    0x080063ba   0x080063ba   0x00000004   Code   RO          901    i.SysTick_Handler   stm32h7xx_it.o
    0x080063be   0x080063be   0x00000002   PAD
    0x080063c0   0x080063c0   0x000000a4   Code   RO          459    i.SystemClock_Config  main.o
    0x08006464   0x08006464   0x000000f8   Code   RO         5321    i.SystemInit        system_stm32h7xx_dualcore_boot_cm4_cm7.o
    0x0800655c   0x0800655c   0x0000000a   Code   RO         7180    i.TS_EXTI_Callback  stm32h747i_discovery_ts.o
    0x08006566   0x08006566   0x00000002   PAD
    0x08006568   0x08006568   0x00000044   Code   RO         5216    i.UARTEx_SetNbDataToProcess  stm32h7xx_hal_uart_ex.o
    0x080065ac   0x080065ac   0x000000c8   Code   RO         4825    i.UART_AdvFeatureConfig  stm32h7xx_hal_uart.o
    0x08006674   0x08006674   0x000000aa   Code   RO         4826    i.UART_CheckIdleState  stm32h7xx_hal_uart.o
    0x0800671e   0x0800671e   0x00000002   PAD
    0x08006720   0x08006720   0x00000054   Code   RO         4837    i.UART_EndRxTransfer  stm32h7xx_hal_uart.o
    0x08006774   0x08006774   0x000003ac   Code   RO         4843    i.UART_SetConfig    stm32h7xx_hal_uart.o
    0x08006b20   0x08006b20   0x00000094   Code   RO         4850    i.UART_WaitOnFlagUntilTimeout  stm32h7xx_hal_uart.o
    0x08006bb4   0x08006bb4   0x0000002c   Code   RO         7291    i.UTIL_LCD_DisplayChar  stm32_lcd.o
    0x08006be0   0x08006be0   0x00000090   Code   RO         7292    i.UTIL_LCD_DisplayStringAt  stm32_lcd.o
    0x08006c70   0x08006c70   0x0000001a   Code   RO         7293    i.UTIL_LCD_DisplayStringAtLine  stm32_lcd.o
    0x08006c8a   0x08006c8a   0x00000002   PAD
    0x08006c8c   0x08006c8c   0x00000120   Code   RO         7295    i.UTIL_LCD_DrawCircle  stm32_lcd.o
    0x08006dac   0x08006dac   0x00000040   Code   RO         7297    i.UTIL_LCD_DrawHLine  stm32_lcd.o
    0x08006dec   0x08006dec   0x000000c8   Code   RO         7302    i.UTIL_LCD_FillCircle  stm32_lcd.o
    0x08006eb4   0x08006eb4   0x00000024   Code   RO         7305    i.UTIL_LCD_FillRGBRect  stm32_lcd.o
    0x08006ed8   0x08006ed8   0x0000004c   Code   RO         7306    i.UTIL_LCD_FillRect  stm32_lcd.o
    0x08006f24   0x08006f24   0x00000010   Code   RO         7308    i.UTIL_LCD_GetFont  stm32_lcd.o
    0x08006f34   0x08006f34   0x00000010   Code   RO         7311    i.UTIL_LCD_SetBackColor  stm32_lcd.o
    0x08006f44   0x08006f44   0x00000010   Code   RO         7313    i.UTIL_LCD_SetFont  stm32_lcd.o
    0x08006f54   0x08006f54   0x0000005c   Code   RO         7314    i.UTIL_LCD_SetFuncDriver  stm32_lcd.o
    0x08006fb0   0x08006fb0   0x00000040   Code   RO         7316    i.UTIL_LCD_SetPixel  stm32_lcd.o
    0x08006ff0   0x08006ff0   0x00000010   Code   RO         7317    i.UTIL_LCD_SetTextColor  stm32_lcd.o
    0x08007000   0x08007000   0x00000002   Code   RO          902    i.UsageFault_Handler  stm32h7xx_it.o
    0x08007002   0x08007002   0x0000000e   Code   RO         6121    i.WriteRegWrap      ft6x06.o
    0x08007010   0x08007010   0x00000022   Code   RO         2147    i.__NVIC_SetPriority  stm32h7xx_hal_cortex.o
    0x08007032   0x08007032   0x00000002   PAD
    0x08007034   0x08007034   0x00000134   Code   RO         8045    i.__ai_math_dot_array  NetworkRuntime900_CM7_Keil.lib(lite_dense_if32.o)
    0x08007168   0x08007168   0x00000130   Code   RO         7602    i._ai_dict4_dot_array_f32  NetworkRuntime900_CM7_Keil.lib(layers_conv2d_generic_float.o)
    0x08007298   0x08007298   0x00000012   Code   RO         7903    i._ai_forward_layer  NetworkRuntime900_CM7_Keil.lib(layers.o)
    0x080072aa   0x080072aa   0x00000002   PAD
    0x080072ac   0x080072ac   0x000000e0   Code   RO         7527    i._ai_platform_get_io_buffers_info  NetworkRuntime900_CM7_Keil.lib(ai_platform_interface.o)
    0x0800738c   0x0800738c   0x0000007c   Code   RO         7968    i._final_pooling_buffer_reorder  NetworkRuntime900_CM7_Keil.lib(forward_lite_conv2d_if32of32wf32.o)
    0x08007408   0x08007408   0x0000004a   Code   RO         7528    i._platform_ai_buffer_array_copy  NetworkRuntime900_CM7_Keil.lib(ai_platform_interface.o)
    0x08007452   0x08007452   0x00000002   PAD
    0x08007454   0x08007454   0x00000050   Code   RO         7529    i._platform_get_table_map_from_buffer  NetworkRuntime900_CM7_Keil.lib(ai_platform_interface.o)
    0x080074a4   0x080074a4   0x00000044   Code   RO         7530    i._platform_get_table_map_from_buffer_array  NetworkRuntime900_CM7_Keil.lib(ai_platform_interface.o)
    0x080074e8   0x080074e8   0x00000014   Code   RO         7531    i._platform_network_buffers_signature_valid  NetworkRuntime900_CM7_Keil.lib(ai_platform_interface.o)
    0x080074fc   0x080074fc   0x00000210   Code   RO         7532    i._platform_network_io_bind  NetworkRuntime900_CM7_Keil.lib(ai_platform_interface.o)
    0x0800770c   0x0800770c   0x0000003e   Code   RO         7533    i._platform_network_state_setup  NetworkRuntime900_CM7_Keil.lib(ai_platform_interface.o)
    0x0800774a   0x0800774a   0x0000006a   Code   RO         7534    i._platform_network_state_update_input  NetworkRuntime900_CM7_Keil.lib(ai_platform_interface.o)
    0x080077b4   0x080077b4   0x00000080   Code   RO         7535    i._platform_network_state_update_output  NetworkRuntime900_CM7_Keil.lib(ai_platform_interface.o)
    0x08007834   0x08007834   0x0000016c   Code   RO         7647    i._transpose_items  NetworkRuntime900_CM7_Keil.lib(layers_generic_float.o)
    0x080079a0   0x080079a0   0x00000034   Code   RO          460    i.aiInit            main.o
    0x080079d4   0x080079d4   0x0000003c   Code   RO         7829    i.ai_array_get_byte_size  NetworkRuntime900_CM7_Keil.lib(ai_datatypes_format.o)
    0x08007a10   0x08007a10   0x0000001e   Code   RO         7830    i.ai_array_get_data_byte_size  NetworkRuntime900_CM7_Keil.lib(ai_datatypes_format.o)
    0x08007a2e   0x08007a2e   0x00000002   PAD
    0x08007a30   0x08007a30   0x0000012c   Code   RO         7832    i.ai_array_to_buffer_fmt  NetworkRuntime900_CM7_Keil.lib(ai_datatypes_format.o)
    0x08007b5c   0x08007b5c   0x00000024   Code   RO         7513    i.ai_buffer_array_item_set_address  NetworkRuntime900_CM7_Keil.lib(ai_platform.o)
    0x08007b80   0x08007b80   0x00000012   Code   RO         7514    i.ai_buffer_array_sane  NetworkRuntime900_CM7_Keil.lib(ai_platform.o)
    0x08007b92   0x08007b92   0x00000002   PAD
    0x08007b94   0x08007b94   0x00000068   Code   RO         7516    i.ai_buffer_get_size  NetworkRuntime900_CM7_Keil.lib(ai_platform.o)
    0x08007bfc   0x08007bfc   0x0000002c   Code   RO         7904    i.ai_check_custom_types  NetworkRuntime900_CM7_Keil.lib(layers.o)
    0x08007c28   0x08007c28   0x0000016e   Code   RO         7971    i.ai_conv2d_kernel_simple_opt_f32  NetworkRuntime900_CM7_Keil.lib(forward_lite_conv2d_if32of32wf32.o)
    0x08007d96   0x08007d96   0x00000050   Code   RO         7909    i.ai_layers_forward_all  NetworkRuntime900_CM7_Keil.lib(layers.o)
    0x08007de6   0x08007de6   0x0000001e   Code   RO         7910    i.ai_layers_init_all  NetworkRuntime900_CM7_Keil.lib(layers.o)
    0x08007e04   0x08007e04   0x00000036   Code   RO         7911    i.ai_layers_post_init_all  NetworkRuntime900_CM7_Keil.lib(layers.o)
    0x08007e3a   0x08007e3a   0x00000002   PAD
    0x08007e3c   0x08007e3c   0x00000018   Code   RO           10    i.ai_network_create  network.o
    0x08007e54   0x08007e54   0x00000088   Code   RO           11    i.ai_network_create_and_init  network.o
    0x08007edc   0x08007edc   0x00000028   Code   RO          373    i.ai_network_data_params_get  network_data.o
    0x08007f04   0x08007f04   0x00000004   Code   RO           14    i.ai_network_get_error  network.o
    0x08007f08   0x08007f08   0x00000030   Code   RO           17    i.ai_network_init   network.o
    0x08007f38   0x08007f38   0x00000014   Code   RO           18    i.ai_network_inputs_get  network.o
    0x08007f4c   0x08007f4c   0x00000014   Code   RO           19    i.ai_network_outputs_get  network.o
    0x08007f60   0x08007f60   0x00000004   Code   RO           20    i.ai_network_run    network.o
    0x08007f64   0x08007f64   0x0000002c   Code   RO         7539    i.ai_platform_bind_network_params  NetworkRuntime900_CM7_Keil.lib(ai_platform_interface.o)
    0x08007f90   0x08007f90   0x00000014   Code   RO         7540    i.ai_platform_context_acquire  NetworkRuntime900_CM7_Keil.lib(ai_platform_interface.o)
    0x08007fa4   0x08007fa4   0x0000002c   Code   RO         7542    i.ai_platform_get_activations_map  NetworkRuntime900_CM7_Keil.lib(ai_platform_interface.o)
    0x08007fd0   0x08007fd0   0x00000028   Code   RO         7543    i.ai_platform_get_weights_map  NetworkRuntime900_CM7_Keil.lib(ai_platform_interface.o)
    0x08007ff8   0x08007ff8   0x00000042   Code   RO         7544    i.ai_platform_inputs_get  NetworkRuntime900_CM7_Keil.lib(ai_platform_interface.o)
    0x0800803a   0x0800803a   0x00000002   PAD
    0x0800803c   0x0800803c   0x0000009c   Code   RO         7546    i.ai_platform_network_create  NetworkRuntime900_CM7_Keil.lib(ai_platform_interface.o)
    0x080080d8   0x080080d8   0x0000001c   Code   RO         7548    i.ai_platform_network_get_error  NetworkRuntime900_CM7_Keil.lib(ai_platform_interface.o)
    0x080080f4   0x080080f4   0x00000118   Code   RO         7549    i.ai_platform_network_init  NetworkRuntime900_CM7_Keil.lib(ai_platform_interface.o)
    0x0800820c   0x0800820c   0x00000050   Code   RO         7550    i.ai_platform_network_post_init  NetworkRuntime900_CM7_Keil.lib(ai_platform_interface.o)
    0x0800825c   0x0800825c   0x00000054   Code   RO         7551    i.ai_platform_network_process  NetworkRuntime900_CM7_Keil.lib(ai_platform_interface.o)
    0x080082b0   0x080082b0   0x0000000c   Code   RO         7552    i.ai_platform_network_set_error  NetworkRuntime900_CM7_Keil.lib(ai_platform_interface.o)
    0x080082bc   0x080082bc   0x00000048   Code   RO         7558    i.ai_platform_outputs_get  NetworkRuntime900_CM7_Keil.lib(ai_platform_interface.o)
    0x08008304   0x08008304   0x0000000c   Code   RO         7853    i.ai_version_get    NetworkRuntime900_CM7_Keil.lib(ai_datatypes_internal.o)
    0x08008310   0x08008310   0x0000000c   Code   RO         7863    i.core_get_error    NetworkRuntime900_CM7_Keil.lib(core_common.o)
    0x0800831c   0x0800831c   0x00000004   Code   RO         7864    i.core_init         NetworkRuntime900_CM7_Keil.lib(core_common.o)
    0x08008320   0x08008320   0x00000012   Code   RO         7604    i.core_nl_get_params_byte_size  NetworkRuntime900_CM7_Keil.lib(layers_conv2d_generic_float.o)
    0x08008332   0x08008332   0x00000012   Code   RO         7605    i.core_nl_get_params_ptr  NetworkRuntime900_CM7_Keil.lib(layers_conv2d_generic_float.o)
    0x08008344   0x08008344   0x00000012   Code   RO         7606    i.core_nl_get_params_stride  NetworkRuntime900_CM7_Keil.lib(layers_conv2d_generic_float.o)
    0x08008356   0x08008356   0x0000001a   Code   RO         7865    i.core_set_error    NetworkRuntime900_CM7_Keil.lib(core_common.o)
    0x08008370   0x08008370   0x000002a0   Code   RO         7610    i.forward_conv2d_if32of32wf32_nl_pool  NetworkRuntime900_CM7_Keil.lib(layers_conv2d_generic_float.o)
    0x08008610   0x08008610   0x0000020c   Code   RO         7611    i.forward_dense     NetworkRuntime900_CM7_Keil.lib(layers_conv2d_generic_float.o)
    0x0800881c   0x0800881c   0x000002b0   Code   RO         7975    i.forward_lite_conv2d_if32of32wf32_pool  NetworkRuntime900_CM7_Keil.lib(forward_lite_conv2d_if32of32wf32.o)
    0x08008acc   0x08008acc   0x0000009c   Code   RO         8047    i.forward_lite_dense_if32of32wf32  NetworkRuntime900_CM7_Keil.lib(lite_dense_if32.o)
    0x08008b68   0x08008b68   0x00000028   Code   RO         7760    i.forward_lite_nl_relu_if32of32  NetworkRuntime900_CM7_Keil.lib(lite_nl_generic_float.o)
    0x08008b90   0x08008b90   0x0000004c   Code   RO         7675    i.forward_transpose  NetworkRuntime900_CM7_Keil.lib(layers_generic_float.o)
    0x08008bdc   0x08008bdc   0x00000018   Code   RO         6214    i.ft6x06_chip_id    ft6x06_reg.o
    0x08008bf4   0x08008bf4   0x00000012   Code   RO         6219    i.ft6x06_disatnce_left_right  ft6x06_reg.o
    0x08008c06   0x08008c06   0x00000012   Code   RO         6220    i.ft6x06_distance_up_down  ft6x06_reg.o
    0x08008c18   0x08008c18   0x00000012   Code   RO         6221    i.ft6x06_distance_zoom  ft6x06_reg.o
    0x08008c2a   0x08008c2a   0x00000012   Code   RO         6223    i.ft6x06_g_mode     ft6x06_reg.o
    0x08008c3c   0x08008c3c   0x00000014   Code   RO         6224    i.ft6x06_gest_id    ft6x06_reg.o
    0x08008c50   0x08008c50   0x00000012   Code   RO         6227    i.ft6x06_offset_left_right  ft6x06_reg.o
    0x08008c62   0x08008c62   0x00000012   Code   RO         6228    i.ft6x06_offset_up_down  ft6x06_reg.o
    0x08008c74   0x08008c74   0x00000012   Code   RO         6248    i.ft6x06_radian_value  ft6x06_reg.o
    0x08008c86   0x08008c86   0x0000000e   Code   RO         6249    i.ft6x06_read_reg   ft6x06_reg.o
    0x08008c94   0x08008c94   0x0000001c   Code   RO         6252    i.ft6x06_td_status  ft6x06_reg.o
    0x08008cb0   0x08008cb0   0x00000028   Code   RO         7854    i.get_tensor_byte_size  NetworkRuntime900_CM7_Keil.lib(ai_datatypes_internal.o)
    0x08008cd8   0x08008cd8   0x00000504   Code   RO          461    i.main              main.o
    0x080091dc   0x080091dc   0x00000080   Code   RO           21    i.network_configure_activations  network.o
    0x0800925c   0x0800925c   0x000000b4   Code   RO           22    i.network_configure_weights  network.o
    0x08009310   0x08009310   0x0000000e   Code   RO         5803    i.otm8009a_write_reg  otm8009a_reg.o
    0x0800931e   0x0800931e   0x00000002   PAD
    0x08009320   0x08009320   0x000001a8   Code   RO         7728    i.pool_func_mp_array_f32  NetworkRuntime900_CM7_Keil.lib(forward_lite_pool_f32.o)
    0x080094c8   0x080094c8   0x00000084   Code   RO         8621    i.st_int8_copy      NetworkRuntime900_CM7_Keil.lib(st_int8_fill.o)
    0x0800954c   0x0800954c   0x0000000a   Code   RO         9256    x$fpl$fpinit        fz_wv.l(fpinit.o)
    0x08009556   0x08009556   0x00000002   PAD
    0x08009558   0x08009558   0x00000008   Data   RO           31    .constdata          network.o
    0x08009560   0x08009560   0x00000008   Data   RO           32    .constdata          network.o
    0x08009568   0x08009568   0x00000008   Data   RO           33    .constdata          network.o
    0x08009570   0x08009570   0x00000008   Data   RO           34    .constdata          network.o
    0x08009578   0x08009578   0x00000068   Data   RO          376    .constdata          network_data.o
    0x080095e0   0x080095e0   0x000084a8   Data   RO          426    .constdata          network_data_params.o
    0x08011a88   0x08011a88   0x00000030   Data   RO          466    .constdata          main.o
    0x08011ab8   0x08011ab8   0x00000018   Data   RO         4851    .constdata          stm32h7xx_hal_uart.o
    0x08011ad0   0x08011ad0   0x00000010   Data   RO         5217    .constdata          stm32h7xx_hal_uart_ex.o
    0x08011ae0   0x08011ae0   0x00000010   Data   RO         5322    .constdata          system_stm32h7xx_dualcore_boot_cm4_cm7.o
    0x08011af0   0x08011af0   0x00000147   Data   RO         5659    .constdata          otm8009a.o
    0x08011c37   0x08011c37   0x00000001   PAD
    0x08011c38   0x08011c38   0x00000040   Data   RO         6512    .constdata          stm32h747i_discovery.o
    0x08011c78   0x08011c78   0x00000084   Data   RO         6704    .constdata          stm32h747i_discovery_bus.o
    0x08011cfc   0x08011cfc   0x0000000c   Data   RO         7182    .constdata          stm32h747i_discovery_ts.o
    0x08011d08   0x08011d08   0x00001ab8   Data   RO         7319    .constdata          stm32_lcd.o
    0x080137c0   0x080137c0   0x00000be0   Data   RO         7321    .constdata          stm32_lcd.o
    0x080143a0   0x080143a0   0x00000068   Data   RO         7561    .constdata          NetworkRuntime900_CM7_Keil.lib(ai_platform_interface.o)
    0x08014408   0x08014408   0x0000001c   Data   RO         7618    .constdata          NetworkRuntime900_CM7_Keil.lib(layers_conv2d_generic_float.o)
    0x08014424   0x08014424   0x00000280   Data   RO         7682    .constdata          NetworkRuntime900_CM7_Keil.lib(layers_generic_float.o)
    0x080146a4   0x080146a4   0x00000046   Data   RO          467    .conststring        main.o
    0x080146ea   0x080146ea   0x00000002   PAD
    0x080146ec   0x080146ec   0x00000020   Data   RO         9347    Region$$Table       anon$$obj.o


    Execution Region RW_RAM_D1 (Exec base: 0x24000000, Load base: 0x0801470c, Size: 0x00006550, Max: 0x00080000, ABSOLUTE, COMPRESSED[0x00000338])

    Exec Addr    Load Addr    Size         Type   Attr      Idx    E Section Name        Object

    0x24000000   COMPRESSED   0x00000010   Data   RW           37    .data               network.o
    0x24000010   COMPRESSED   0x00000010   Data   RW           38    .data               network.o
    0x24000020   COMPRESSED   0x00000010   Data   RW           39    .data               network.o
    0x24000030   COMPRESSED   0x00000010   Data   RW           40    .data               network.o
    0x24000040   COMPRESSED   0x00000010   Data   RW           41    .data               network.o
    0x24000050   COMPRESSED   0x00000010   Data   RW           42    .data               network.o
    0x24000060   COMPRESSED   0x00000010   Data   RW           43    .data               network.o
    0x24000070   COMPRESSED   0x00000010   Data   RW           44    .data               network.o
    0x24000080   COMPRESSED   0x00000010   Data   RW           45    .data               network.o
    0x24000090   COMPRESSED   0x00000010   Data   RW           46    .data               network.o
    0x240000a0   COMPRESSED   0x00000010   Data   RW           47    .data               network.o
    0x240000b0   COMPRESSED   0x00000010   Data   RW           48    .data               network.o
    0x240000c0   COMPRESSED   0x00000010   Data   RW           49    .data               network.o
    0x240000d0   COMPRESSED   0x00000010   Data   RW           50    .data               network.o
    0x240000e0   COMPRESSED   0x00000010   Data   RW           51    .data               network.o
    0x240000f0   COMPRESSED   0x00000010   Data   RW           52    .data               network.o
    0x24000100   COMPRESSED   0x00000010   Data   RW           53    .data               network.o
    0x24000110   COMPRESSED   0x00000010   Data   RW           54    .data               network.o
    0x24000120   COMPRESSED   0x00000010   Data   RW           55    .data               network.o
    0x24000130   COMPRESSED   0x00000010   Data   RW           56    .data               network.o
    0x24000140   COMPRESSED   0x00000010   Data   RW           57    .data               network.o
    0x24000150   COMPRESSED   0x00000010   Data   RW           58    .data               network.o
    0x24000160   COMPRESSED   0x00000010   Data   RW           59    .data               network.o
    0x24000170   COMPRESSED   0x00000010   Data   RW           60    .data               network.o
    0x24000180   COMPRESSED   0x00000010   Data   RW           61    .data               network.o
    0x24000190   COMPRESSED   0x00000010   Data   RW           62    .data               network.o
    0x240001a0   COMPRESSED   0x00000010   Data   RW           63    .data               network.o
    0x240001b0   COMPRESSED   0x00000010   Data   RW           64    .data               network.o
    0x240001c0   COMPRESSED   0x00000004   Data   RW           65    .data               network.o
    0x240001c4   COMPRESSED   0x00000004   Data   RW           66    .data               network.o
    0x240001c8   COMPRESSED   0x00000008   Data   RW           67    .data               network.o
    0x240001d0   COMPRESSED   0x00000004   Data   RW           68    .data               network.o
    0x240001d4   COMPRESSED   0x00000030   Data   RW           69    .data               network.o
    0x24000204   COMPRESSED   0x00000004   Data   RW           70    .data               network.o
    0x24000208   COMPRESSED   0x00000004   Data   RW           71    .data               network.o
    0x2400020c   COMPRESSED   0x00000004   Data   RW           72    .data               network.o
    0x24000210   COMPRESSED   0x00000004   Data   RW           73    .data               network.o
    0x24000214   COMPRESSED   0x00000030   Data   RW           74    .data               network.o
    0x24000244   COMPRESSED   0x00000018   Data   RW           75    .data               network.o
    0x2400025c   COMPRESSED   0x00000004   Data   RW           76    .data               network.o
    0x24000260   COMPRESSED   0x00000004   Data   RW           77    .data               network.o
    0x24000264   COMPRESSED   0x0000000c   Data   RW           78    .data               network.o
    0x24000270   COMPRESSED   0x00000004   Data   RW           79    .data               network.o
    0x24000274   COMPRESSED   0x00000030   Data   RW           80    .data               network.o
    0x240002a4   COMPRESSED   0x00000004   Data   RW           81    .data               network.o
    0x240002a8   COMPRESSED   0x00000004   Data   RW           82    .data               network.o
    0x240002ac   COMPRESSED   0x0000000c   Data   RW           83    .data               network.o
    0x240002b8   COMPRESSED   0x00000004   Data   RW           84    .data               network.o
    0x240002bc   COMPRESSED   0x00000030   Data   RW           85    .data               network.o
    0x240002ec   COMPRESSED   0x00000010   Data   RW           86    .data               network.o
    0x240002fc   COMPRESSED   0x0000001c   Data   RW           87    .data               network.o
    0x24000318   COMPRESSED   0x00000010   Data   RW           88    .data               network.o
    0x24000328   COMPRESSED   0x0000001c   Data   RW           89    .data               network.o
    0x24000344   COMPRESSED   0x00000008   Data   RW           90    .data               network.o
    0x2400034c   COMPRESSED   0x00000008   Data   RW           91    .data               network.o
    0x24000354   COMPRESSED   0x00000004   Data   RW           92    .data               network.o
    0x24000358   COMPRESSED   0x0000000c   Data   RW           93    .data               network.o
    0x24000364   COMPRESSED   0x00000004   Data   RW           94    .data               network.o
    0x24000368   COMPRESSED   0x0000000c   Data   RW           95    .data               network.o
    0x24000374   COMPRESSED   0x00000018   Data   RW           96    .data               network.o
    0x2400038c   COMPRESSED   0x00000124   Data   RW           97    .data               network.o
    0x240004b0   COMPRESSED   0x0000001c   Data   RW           98    .data               network.o
    0x240004cc   COMPRESSED   0x0000001c   Data   RW           99    .data               network.o
    0x240004e8   COMPRESSED   0x0000001c   Data   RW          100    .data               network.o
    0x24000504   COMPRESSED   0x0000001c   Data   RW          101    .data               network.o
    0x24000520   COMPRESSED   0x0000001c   Data   RW          102    .data               network.o
    0x2400053c   COMPRESSED   0x0000001c   Data   RW          103    .data               network.o
    0x24000558   COMPRESSED   0x0000001c   Data   RW          104    .data               network.o
    0x24000574   COMPRESSED   0x0000001c   Data   RW          105    .data               network.o
    0x24000590   COMPRESSED   0x0000001c   Data   RW          106    .data               network.o
    0x240005ac   COMPRESSED   0x0000001c   Data   RW          107    .data               network.o
    0x240005c8   COMPRESSED   0x0000001c   Data   RW          108    .data               network.o
    0x240005e4   COMPRESSED   0x0000001c   Data   RW          109    .data               network.o
    0x24000600   COMPRESSED   0x0000001c   Data   RW          110    .data               network.o
    0x2400061c   COMPRESSED   0x0000001c   Data   RW          111    .data               network.o
    0x24000638   COMPRESSED   0x0000001c   Data   RW          112    .data               network.o
    0x24000654   COMPRESSED   0x00000024   Data   RW          113    .data               network.o
    0x24000678   COMPRESSED   0x00000060   Data   RW          114    .data               network.o
    0x240006d8   COMPRESSED   0x00000060   Data   RW          115    .data               network.o
    0x24000738   COMPRESSED   0x00000010   Data   RW          377    .data               network_data.o
    0x24000748   COMPRESSED   0x00000010   Data   RW          378    .data               network_data.o
    0x24000758   COMPRESSED   0x0000001c   Data   RW          379    .data               network_data.o
    0x24000774   COMPRESSED   0x0000001c   Data   RW          380    .data               network_data.o
    0x24000790   COMPRESSED   0x00000014   Data   RW          468    .data               main.o
    0x240007a4   COMPRESSED   0x0000000c   Data   RW         3819    .data               stm32h7xx_hal.o
    0x240007b0   COMPRESSED   0x00000008   Data   RW         5323    .data               system_stm32h7xx_dualcore_boot_cm4_cm7.o
    0x240007b8   COMPRESSED   0x00000030   Data   RW         6122    .data               ft6x06.o
    0x240007e8   COMPRESSED   0x0000006c   Data   RW         6513    .data               stm32h747i_discovery.o
    0x24000854   COMPRESSED   0x00000008   Data   RW         6705    .data               stm32h747i_discovery_bus.o
    0x2400085c   COMPRESSED   0x00000008   Data   RW         6845    .data               stm32h747i_discovery_lcd.o
    0x24000864   COMPRESSED   0x00000014   Data   RW         7183    .data               stm32h747i_discovery_ts.o
    0x24000878   COMPRESSED   0x00000008   Data   RW         7324    .data               stm32_lcd.o
    0x24000880   COMPRESSED   0x00000008   Data   RW         7326    .data               stm32_lcd.o
    0x24000888        -       0x00000010   Zero   RW           23    .bss                network.o
    0x24000898        -       0x00000010   Zero   RW           24    .bss                network.o
    0x240008a8        -       0x00000010   Zero   RW           25    .bss                network.o
    0x240008b8        -       0x00000010   Zero   RW           26    .bss                network.o
    0x240008c8        -       0x0000001c   Zero   RW           27    .bss                network.o
    0x240008e4        -       0x00000010   Zero   RW           28    .bss                network.o
    0x240008f4        -       0x0000001c   Zero   RW           29    .bss                network.o
    0x24000910        -       0x00000010   Zero   RW           30    .bss                network.o
    0x24000920        -       0x00001a08   Zero   RW          462    .bss                main.o
    0x24002328   COMPRESSED   0x00000018   PAD
    0x24002340        -       0x00002310   Zero   RW          464    .bss                main.o
    0x24004650        -       0x00000024   Zero   RW          813    .bss                crc.o
    0x24004674        -       0x00000094   Zero   RW          855    .bss                usart.o
    0x24004708        -       0x0000000c   Zero   RW         5658    .bss                otm8009a.o
    0x24004714        -       0x00000010   Zero   RW         6036    .bss                is42s32800j.o
    0x24004724        -       0x00000a54   Zero   RW         6703    .bss                stm32h747i_discovery_bus.o
    0x24005178        -       0x00000190   Zero   RW         6843    .bss                stm32h747i_discovery_lcd.o
    0x24005308        -       0x0000012c   Zero   RW         7113    .bss                stm32h747i_discovery_sdram.o
    0x24005434        -       0x00000050   Zero   RW         7181    .bss                stm32h747i_discovery_ts.o
    0x24005484        -       0x0000006c   Zero   RW         7318    .bss                stm32_lcd.o
    0x240054f0        -       0x00000060   Zero   RW         9215    .bss                c_w.l(libspace.o)
    0x24005550        -       0x00000800   Zero   RW            2    HEAP                startup_stm32h747xx_cm7.o
    0x24005d50        -       0x00000800   Zero   RW            1    STACK               startup_stm32h747xx_cm7.o


==============================================================================

Image component sizes


      Code (inc. data)   RO Data    RW Data    ZI Data      Debug   Object Name

        88         18          0          0         36       1619   crc.o
       556          8          0         48          0      17346   ft6x06.o
       212          0          0          0          0       7299   ft6x06_reg.o
        96         10          0          0          0        983   gpio.o
       288         18          0          0         16       6221   is42s32800j.o
      2632        354        118         20      15640    1641443   main.o
       564         32         32       1848        152      67193   network.o
        40          4        104         88          0      15341   network_data.o
         0          0      33960          0          0      14786   network_data_params.o
      1798         26        327          0         12      10347   otm8009a.o
        14          0          0          0          0       1129   otm8009a_reg.o
        64         26        664          0       4096        836   startup_stm32h747xx_cm7.o
      1366         60       9880         16        108      16970   stm32_lcd.o
       166         14         64        108          0      12512   stm32h747i_discovery.o
      1136        112        132          8       2644      11594   stm32h747i_discovery_bus.o
      1272        102          0          8        400      28968   stm32h747i_discovery_lcd.o
       544         54          0          0        300       3294   stm32h747i_discovery_sdram.o
       536         56         12         20         80      15555   stm32h747i_discovery_ts.o
       232         44          0         12          0      31120   stm32h7xx_hal.o
       354         28          0          0          0      41709   stm32h7xx_hal_cortex.o
       120          6          0          0          0       1259   stm32h7xx_hal_crc.o
        84          0          0          0          0       1367   stm32h7xx_hal_crc_ex.o
       816         16          0          0          0       5815   stm32h7xx_hal_dma2d.o
      2178         16          0          0          0      16459   stm32h7xx_hal_dsi.o
       934         94          0          0          0       3246   stm32h7xx_hal_gpio.o
        52         12          0          0          0       1219   stm32h7xx_hal_hsem.o
      1816         40          0          0          0      15155   stm32h7xx_hal_i2c.o
       172          0          0          0          0       2043   stm32h7xx_hal_i2c_ex.o
       904          6          0          0          0       4965   stm32h7xx_hal_ltdc.o
       356          6          0          0          0       2674   stm32h7xx_hal_mdma.o
        28          6          0          0          0        922   stm32h7xx_hal_msp.o
       132          4          0          0          0        825   stm32h7xx_hal_pwr_ex.o
      2466        102          0          0          0       7056   stm32h7xx_hal_rcc.o
      3788        118          0          0          0       7821   stm32h7xx_hal_rcc_ex.o
       188          4          0          0          0       3432   stm32h7xx_hal_sdram.o
      1648        112         24          0          0      25542   stm32h7xx_hal_uart.o
       284          6         16          0          0       3749   stm32h7xx_hal_uart_ex.o
        20          0          0          0          0       4082   stm32h7xx_it.o
       338         12          0          0          0       4244   stm32h7xx_ll_fmc.o
       248         40         16          8          0       1594   system_stm32h7xx_dualcore_boot_cm4_cm7.o
       240         24          0          0        148       1902   usart.o

    ----------------------------------------------------------------------
     28812       1590      45384       2184      23656    2061636   Object Totals
         0          0         32          0          0          0   (incl. Generated)
        42          0          3          0         24          0   (incl. Padding)

    ----------------------------------------------------------------------

      Code (inc. data)   RO Data    RW Data    ZI Data      Debug   Library Member Name

       390         54          0          0          0        368   ai_datatypes_format.o
        52          6          0          0          0        244   ai_datatypes_internal.o
       158          8          0          0          0        368   ai_platform.o
      2216         72        104          0          0       2768   ai_platform_interface.o
        42          0          0          0          0        348   core_common.o
      1178          4          0          0          0        448   forward_lite_conv2d_if32of32wf32.o
       424          4          0          0          0        148   forward_lite_pool_f32.o
       226          6          0          0          0        628   layers.o
      1554         12         28          0          0        792   layers_conv2d_generic_float.o
       440          4        640          0          0        272   layers_generic_float.o
       464          8          0          0          0        276   lite_dense_if32.o
        40          4          0          0          0        116   lite_nl_generic_float.o
       132          0          0          0          0        132   st_int8_fill.o
        90          0          0          0          0          0   __dczerorl2.o
         8          0          0          0          0         68   __main.o
         0          0          0          0          0          0   __rtentry.o
        12          0          0          0          0          0   __rtentry2.o
         6          0          0          0          0          0   __rtentry4.o
        52          8          0          0          0          0   __scatter.o
        28          0          0          0          0          0   __scatter_zi.o
        10          0          0          0          0         68   defsig_exit.o
        50          0          0          0          0         88   defsig_general.o
        80         58          0          0          0         76   defsig_rtmem_inner.o
        14          0          0          0          0         80   defsig_rtmem_outer.o
        18          0          0          0          0         80   exit.o
        94          0          0          0          0         80   h1_alloc.o
        52          0          0          0          0         68   h1_extend.o
        78          0          0          0          0         80   h1_free.o
        14          0          0          0          0         84   h1_init.o
         6          0          0          0          0        152   heapauxi.o
         4          0          0          0          0        136   hguard.o
         0          0          0          0          0          0   indicate_semi.o
       138          0          0          0          0        168   init_alloc.o
         2          0          0          0          0          0   libinit.o
        14          0          0          0          0          0   libinit2.o
         2          0          0          0          0          0   libshutdown.o
         2          0          0          0          0          0   libshutdown2.o
         8          4          0          0         96         68   libspace.o
       238          0          0          0          0        100   lludivv7m.o
         0          0          0          0          0          0   maybetermalloc1.o
        88          0          0          0          0         76   memcmp.o
         8          4          0          0          0         68   rt_heap_descriptor_intlibspace.o
        78          0          0          0          0         80   rt_memclr_w.o
       100          0          0          0          0         80   rt_memcpy_w.o
         2          0          0          0          0          0   rtexit.o
        10          0          0          0          0          0   rtexit2.o
        12          4          0          0          0         68   sys_exit.o
        74          0          0          0          0         80   sys_stackheap_outer.o
        14          0          0          0          0         76   sys_wrch.o
         2          0          0          0          0         68   use_no_semi.o
        10          0          0          0          0        116   fpinit.o

    ----------------------------------------------------------------------
      8756        260        772          0         96       9016   Library Totals
        22          0          0          0          0          0   (incl. Padding)

    ----------------------------------------------------------------------

      Code (inc. data)   RO Data    RW Data    ZI Data      Debug   Library Name

      7316        182        772          0          0       6908   NetworkRuntime900_CM7_Keil.lib
      1408         78          0          0         96       1992   c_w.l
        10          0          0          0          0        116   fz_wv.l

    ----------------------------------------------------------------------
      8756        260        772          0         96       9016   Library Totals

    ----------------------------------------------------------------------

==============================================================================


      Code (inc. data)   RO Data    RW Data    ZI Data      Debug   

     37568       1850      46156       2184      23752    2041312   Grand Totals
     37568       1850      46156        824      23752    2041312   ELF Image Totals (compressed)
     37568       1850      46156        824          0          0   ROM Totals

==============================================================================

    Total RO  Size (Code + RO Data)                83724 (  81.76kB)
    Total RW  Size (RW Data + ZI Data)             25936 (  25.33kB)
    Total ROM Size (Code + RO Data + RW Data)      84548 (  82.57kB)

==============================================================================

