<html>
<body>
<pre>
<h1>µVision Build Log</h1>
<h2>Tool Versions:</h2>
IDE-Version: ¦ÌVision V5.36.0.0
Copyright (C) 2021 ARM Ltd and ARM Germany GmbH. All rights reserved.
License Information: Yang Zou, Tongji, LIC=JL28G-V5XL5-FWZ2N-YHKXS-HQE6U-RW044
 
Tool Versions:
Toolchain:       MDK-ARM Plus  Version: 5.36.0.0
Toolchain Path:  D:\smartcar\MDK\ARM\ARMCC\Bin
C Compiler:      Armcc.exe V5.06 update 7 (build 960)
Assembler:       Armasm.exe V5.06 update 7 (build 960)
Linker/Locator:  ArmLink.exe V5.06 update 7 (build 960)
Library Manager: ArmAr.exe V5.06 update 7 (build 960)
Hex Converter:   FromElf.exe V5.06 update 7 (build 960)
CPU DLL:         SARMCM3.DLL V5.36.0.0
Dialog DLL:      DCM.DLL V1.17.3.0
Target DLL:      STLink\ST-LINKIII-KEIL_SWO.dll V3.0.1.0
Dialog DLL:      TCM.DLL V1.53.0.0
 
<h2>Project:</h2>
D:\smartcar\Project\MDK-ARM\Project.uvprojx
Project File Date:  06/14/2024

<h2>Output:</h2>
*** Using Compiler 'V5.06 update 7 (build 960)', folder: 'D:\smartcar\MDK\ARM\ARMCC\Bin'
Build target 'Project_CM7'
assembling startup_stm32h747xx_CM7.s...
compiling network_data.c...
compiling network_data_params.c...
compiling network.c...
compiling crc.c...
compiling stm32h7xx_ll_fmc.c...
compiling stm32h7xx_hal_adc.c...
compiling stm32h7xx_hal_ltdc_ex.c...
compiling stm32h7xx_hal_dma2d.c...
compiling stm32h7xx_hal_ltdc.c...
compiling stm32h7xx_hal_adc_ex.c...
compiling stm32h7xx_hal_cortex.c...
compiling stm32h7xx_it.c...
compiling stm32h7xx_hal_sdram.c...
compiling usart.c...
compiling gpio.c...
compiling stm32h7xx_hal_dsi.c...
compiling main.c...
../CM7/Core/Src/main.c(156): warning:  #2532-D: support for trigraphs is disabled
    /* Reteive pointers to the model's input/output tensors *//*????????/???????*/
../CM7/Core/Src/main.c(165): warning:  #550-D: variable "err"  was set but never used
    ai_error err;
../CM7/Core/Src/main.c(823): warning:  #177-D: function "CopyBuffer"  was declared but never referenced
  static void CopyBuffer(uint32_t *pSrc, uint32_t *pDst, uint16_t x, uint16_t y, uint16_t xsize, uint16_t ysize)
../CM7/Core/Src/main.c: 3 warnings, 0 errors
compiling stm32h7xx_hal_msp.c...
compiling stm32h7xx_hal_crc.c...
compiling stm32h7xx_hal_crc_ex.c...
compiling stm32h7xx_hal_rcc.c...
compiling stm32h7xx_hal_mdma.c...
compiling stm32h7xx_hal_rcc_ex.c...
compiling stm32h7xx_hal.c...
compiling stm32h7xx_hal_pwr.c...
compiling stm32h7xx_hal_i2c_ex.c...
compiling stm32h7xx_hal_i2c.c...
compiling stm32h7xx_hal_hsem.c...
compiling stm32h7xx_hal_gpio.c...
compiling stm32h7xx_hal_flash.c...
compiling stm32h7xx_hal_dma_ex.c...
compiling stm32h7xx_hal_flash_ex.c...
compiling stm32h7xx_hal_pwr_ex.c...
compiling stm32h7xx_hal_dma.c...
compiling stm32h7xx_hal_exti.c...
compiling stm32h747i_discovery_bus.c...
compiling stm32h747i_discovery_sdram.c...
compiling stm32h747i_discovery_lcd.c...
compiling stm32h747i_discovery.c...
compiling stm32h747i_discovery_ts.c...
compiling stm32h7xx_hal_tim_ex.c...
compiling is42s32800j.c...
compiling stm32h7xx_hal_uart_ex.c...
compiling stm32h7xx_hal_tim.c...
compiling system_stm32h7xx_dualcore_boot_cm4_cm7.c...
compiling stm32h7xx_hal_uart.c...
linking...
Program Size: Code=37568 RO-data=46156 RW-data=2184 ZI-data=23752  
FromELF: creating hex file...
"Project_CM7\Project_CM7.axf" - 0 Error(s), 3 Warning(s).

<h2>Software Packages used:</h2>

Package Vendor: ARM
                http://www.keil.com/pack/ARM.CMSIS.5.8.0.pack
                ARM.CMSIS.5.8.0
                CMSIS (Common Microcontroller Software Interface Standard)
   * Component: CORE Version: 5.5.0

Package Vendor: Keil
                https://www.keil.com/pack/Keil.STM32H7xx_DFP.3.1.1.pack
                Keil.STM32H7xx_DFP.3.1.1
                STMicroelectronics STM32H7 Series Device Support and Examples

<h2>Collection of Component include folders:</h2>
  .\RTE\_Project_CM7
  D:\smartcar\MDK\Packs\ARM\CMSIS\5.8.0\CMSIS\Core\Include
  D:\smartcar\MDK\Packs\Keil\STM32H7xx_DFP\3.1.1\Drivers\CMSIS\Device\ST\STM32H7xx\Include

<h2>Collection of Component Files used:</h2>

   * Component: ARM::CMSIS:CORE:5.5.0
      Include file:  CMSIS\Core\Include\tz_context.h
Build Time Elapsed:  00:01:22
</pre>
</body>
</html>
