<!doctype html public "-//w3c//dtd html 4.0 transitional//en">
<html><head>
<title>Static Call Graph - [Project_CM7\Project_CM7.axf]</title></head>
<body><HR>
<H1>Static Call Graph for image Project_CM7\Project_CM7.axf</H1><HR>
<BR><P>#&#060CALLGRAPH&#062# ARM Linker, 5060960: Last Updated: Fri Jun 14 09:28:09 2024
<BR><P>
<H3>Maximum Stack Usage =        444 bytes + Unknown(Functions without stacksize, Cycles, Untraceable Function Pointers)</H3><H3>
Call chain for Maximum Stack Depth:</H3>
forward_conv2d_if32of32wf32_nl_pool &rArr; forward_lite_conv2d_if32of32wf32_pool &rArr; ai_conv2d_kernel_simple_opt_f32
<P>
<H3>
Functions with no stack information
</H3><UL>
 <LI><a href="#[f2]">__user_initial_stackheap</a>
</UL>
</UL>
<P>
<H3>
Mutually Recursive functions
</H3> <LI><a href="#[a6]">ADC3_IRQHandler</a>&nbsp;&nbsp;&nbsp;&rArr;&nbsp;&nbsp;&nbsp;<a href="#[a6]">ADC3_IRQHandler</a><BR>
 <LI><a href="#[25]">BusFault_Handler</a>&nbsp;&nbsp;&nbsp;&rArr;&nbsp;&nbsp;&nbsp;<a href="#[25]">BusFault_Handler</a><BR>
 <LI><a href="#[23]">HardFault_Handler</a>&nbsp;&nbsp;&nbsp;&rArr;&nbsp;&nbsp;&nbsp;<a href="#[23]">HardFault_Handler</a><BR>
 <LI><a href="#[24]">MemManage_Handler</a>&nbsp;&nbsp;&nbsp;&rArr;&nbsp;&nbsp;&nbsp;<a href="#[24]">MemManage_Handler</a><BR>
 <LI><a href="#[22]">NMI_Handler</a>&nbsp;&nbsp;&nbsp;&rArr;&nbsp;&nbsp;&nbsp;<a href="#[22]">NMI_Handler</a><BR>
 <LI><a href="#[26]">UsageFault_Handler</a>&nbsp;&nbsp;&nbsp;&rArr;&nbsp;&nbsp;&nbsp;<a href="#[26]">UsageFault_Handler</a><BR>
</UL>
<P>
<H3>
Function Pointers
</H3><UL>
 <LI><a href="#[a6]">ADC3_IRQHandler</a> from startup_stm32h747xx_cm7.o(.text) referenced from startup_stm32h747xx_cm7.o(RESET)
 <LI><a href="#[3d]">ADC_IRQHandler</a> from startup_stm32h747xx_cm7.o(.text) referenced from startup_stm32h747xx_cm7.o(RESET)
 <LI><a href="#[a8]">BDMA_Channel0_IRQHandler</a> from startup_stm32h747xx_cm7.o(.text) referenced from startup_stm32h747xx_cm7.o(RESET)
 <LI><a href="#[a9]">BDMA_Channel1_IRQHandler</a> from startup_stm32h747xx_cm7.o(.text) referenced from startup_stm32h747xx_cm7.o(RESET)
 <LI><a href="#[aa]">BDMA_Channel2_IRQHandler</a> from startup_stm32h747xx_cm7.o(.text) referenced from startup_stm32h747xx_cm7.o(RESET)
 <LI><a href="#[ab]">BDMA_Channel3_IRQHandler</a> from startup_stm32h747xx_cm7.o(.text) referenced from startup_stm32h747xx_cm7.o(RESET)
 <LI><a href="#[ac]">BDMA_Channel4_IRQHandler</a> from startup_stm32h747xx_cm7.o(.text) referenced from startup_stm32h747xx_cm7.o(RESET)
 <LI><a href="#[ad]">BDMA_Channel5_IRQHandler</a> from startup_stm32h747xx_cm7.o(.text) referenced from startup_stm32h747xx_cm7.o(RESET)
 <LI><a href="#[ae]">BDMA_Channel6_IRQHandler</a> from startup_stm32h747xx_cm7.o(.text) referenced from startup_stm32h747xx_cm7.o(RESET)
 <LI><a href="#[af]">BDMA_Channel7_IRQHandler</a> from startup_stm32h747xx_cm7.o(.text) referenced from startup_stm32h747xx_cm7.o(RESET)
 <LI><a href="#[c2]">BSP_GetTick</a> from stm32h747i_discovery_bus.o(i.BSP_GetTick) referenced from stm32h747i_discovery_ts.o(i.FT6X06_Probe)
 <LI><a href="#[c2]">BSP_GetTick</a> from stm32h747i_discovery_bus.o(i.BSP_GetTick) referenced from main.o(i.LCD_Init)
 <LI><a href="#[bf]">BSP_I2C4_DeInit</a> from stm32h747i_discovery_bus.o(i.BSP_I2C4_DeInit) referenced from stm32h747i_discovery_ts.o(i.FT6X06_Probe)
 <LI><a href="#[be]">BSP_I2C4_Init</a> from stm32h747i_discovery_bus.o(i.BSP_I2C4_Init) referenced from stm32h747i_discovery_ts.o(i.FT6X06_Probe)
 <LI><a href="#[c0]">BSP_I2C4_ReadReg</a> from stm32h747i_discovery_bus.o(i.BSP_I2C4_ReadReg) referenced from stm32h747i_discovery_ts.o(i.FT6X06_Probe)
 <LI><a href="#[c1]">BSP_I2C4_WriteReg</a> from stm32h747i_discovery_bus.o(i.BSP_I2C4_WriteReg) referenced from stm32h747i_discovery_ts.o(i.FT6X06_Probe)
 <LI><a href="#[c9]">BSP_LCD_DrawBitmap</a> from stm32h747i_discovery_lcd.o(i.BSP_LCD_DrawBitmap) referenced from main.o(.constdata)
 <LI><a href="#[cb]">BSP_LCD_DrawHLine</a> from stm32h747i_discovery_lcd.o(i.BSP_LCD_DrawHLine) referenced from main.o(.constdata)
 <LI><a href="#[cc]">BSP_LCD_DrawVLine</a> from stm32h747i_discovery_lcd.o(i.BSP_LCD_DrawVLine) referenced from main.o(.constdata)
 <LI><a href="#[ca]">BSP_LCD_FillRGBRect</a> from stm32h747i_discovery_lcd.o(i.BSP_LCD_FillRGBRect) referenced from main.o(.constdata)
 <LI><a href="#[cd]">BSP_LCD_FillRect</a> from stm32h747i_discovery_lcd.o(i.BSP_LCD_FillRect) referenced from main.o(.constdata)
 <LI><a href="#[d3]">BSP_LCD_GetPixelFormat</a> from stm32h747i_discovery_lcd.o(i.BSP_LCD_GetPixelFormat) referenced from main.o(.constdata)
 <LI><a href="#[ce]">BSP_LCD_ReadPixel</a> from stm32h747i_discovery_lcd.o(i.BSP_LCD_ReadPixel) referenced from main.o(.constdata)
 <LI><a href="#[d2]">BSP_LCD_SetActiveLayer</a> from stm32h747i_discovery_lcd.o(i.BSP_LCD_SetActiveLayer) referenced from main.o(.constdata)
 <LI><a href="#[cf]">BSP_LCD_WritePixel</a> from stm32h747i_discovery_lcd.o(i.BSP_LCD_WritePixel) referenced from main.o(.constdata)
 <LI><a href="#[1a]">BUTTON_WAKEUP_EXTI_Callback</a> from stm32h747i_discovery.o(i.BUTTON_WAKEUP_EXTI_Callback) referenced 2 times from stm32h747i_discovery.o(.data)
 <LI><a href="#[25]">BusFault_Handler</a> from stm32h7xx_it.o(i.BusFault_Handler) referenced from startup_stm32h747xx_cm7.o(RESET)
 <LI><a href="#[85]">CEC_IRQHandler</a> from startup_stm32h747xx_cm7.o(.text) referenced from startup_stm32h747xx_cm7.o(RESET)
 <LI><a href="#[6b]">CM4_SEV_IRQHandler</a> from startup_stm32h747xx_cm7.o(.text) referenced from startup_stm32h747xx_cm7.o(RESET)
 <LI><a href="#[6a]">CM7_SEV_IRQHandler</a> from startup_stm32h747xx_cm7.o(.text) referenced from startup_stm32h747xx_cm7.o(RESET)
 <LI><a href="#[b0]">COMP1_IRQHandler</a> from startup_stm32h747xx_cm7.o(.text) referenced from startup_stm32h747xx_cm7.o(RESET)
 <LI><a href="#[b7]">CRS_IRQHandler</a> from startup_stm32h747xx_cm7.o(.text) referenced from startup_stm32h747xx_cm7.o(RESET)
 <LI><a href="#[76]">DCMI_IRQHandler</a> from startup_stm32h747xx_cm7.o(.text) referenced from startup_stm32h747xx_cm7.o(RESET)
 <LI><a href="#[95]">DFSDM1_FLT0_IRQHandler</a> from startup_stm32h747xx_cm7.o(.text) referenced from startup_stm32h747xx_cm7.o(RESET)
 <LI><a href="#[96]">DFSDM1_FLT1_IRQHandler</a> from startup_stm32h747xx_cm7.o(.text) referenced from startup_stm32h747xx_cm7.o(RESET)
 <LI><a href="#[97]">DFSDM1_FLT2_IRQHandler</a> from startup_stm32h747xx_cm7.o(.text) referenced from startup_stm32h747xx_cm7.o(RESET)
 <LI><a href="#[98]">DFSDM1_FLT3_IRQHandler</a> from startup_stm32h747xx_cm7.o(.text) referenced from startup_stm32h747xx_cm7.o(RESET)
 <LI><a href="#[36]">DMA1_Stream0_IRQHandler</a> from startup_stm32h747xx_cm7.o(.text) referenced from startup_stm32h747xx_cm7.o(RESET)
 <LI><a href="#[37]">DMA1_Stream1_IRQHandler</a> from startup_stm32h747xx_cm7.o(.text) referenced from startup_stm32h747xx_cm7.o(RESET)
 <LI><a href="#[38]">DMA1_Stream2_IRQHandler</a> from startup_stm32h747xx_cm7.o(.text) referenced from startup_stm32h747xx_cm7.o(RESET)
 <LI><a href="#[39]">DMA1_Stream3_IRQHandler</a> from startup_stm32h747xx_cm7.o(.text) referenced from startup_stm32h747xx_cm7.o(RESET)
 <LI><a href="#[3a]">DMA1_Stream4_IRQHandler</a> from startup_stm32h747xx_cm7.o(.text) referenced from startup_stm32h747xx_cm7.o(RESET)
 <LI><a href="#[3b]">DMA1_Stream5_IRQHandler</a> from startup_stm32h747xx_cm7.o(.text) referenced from startup_stm32h747xx_cm7.o(RESET)
 <LI><a href="#[3c]">DMA1_Stream6_IRQHandler</a> from startup_stm32h747xx_cm7.o(.text) referenced from startup_stm32h747xx_cm7.o(RESET)
 <LI><a href="#[59]">DMA1_Stream7_IRQHandler</a> from startup_stm32h747xx_cm7.o(.text) referenced from startup_stm32h747xx_cm7.o(RESET)
 <LI><a href="#[81]">DMA2D_IRQHandler</a> from startup_stm32h747xx_cm7.o(.text) referenced from startup_stm32h747xx_cm7.o(RESET)
 <LI><a href="#[62]">DMA2_Stream0_IRQHandler</a> from startup_stm32h747xx_cm7.o(.text) referenced from startup_stm32h747xx_cm7.o(RESET)
 <LI><a href="#[63]">DMA2_Stream1_IRQHandler</a> from startup_stm32h747xx_cm7.o(.text) referenced from startup_stm32h747xx_cm7.o(RESET)
 <LI><a href="#[64]">DMA2_Stream2_IRQHandler</a> from startup_stm32h747xx_cm7.o(.text) referenced from startup_stm32h747xx_cm7.o(RESET)
 <LI><a href="#[65]">DMA2_Stream3_IRQHandler</a> from startup_stm32h747xx_cm7.o(.text) referenced from startup_stm32h747xx_cm7.o(RESET)
 <LI><a href="#[66]">DMA2_Stream4_IRQHandler</a> from startup_stm32h747xx_cm7.o(.text) referenced from startup_stm32h747xx_cm7.o(RESET)
 <LI><a href="#[6c]">DMA2_Stream5_IRQHandler</a> from startup_stm32h747xx_cm7.o(.text) referenced from startup_stm32h747xx_cm7.o(RESET)
 <LI><a href="#[6d]">DMA2_Stream6_IRQHandler</a> from startup_stm32h747xx_cm7.o(.text) referenced from startup_stm32h747xx_cm7.o(RESET)
 <LI><a href="#[6e]">DMA2_Stream7_IRQHandler</a> from startup_stm32h747xx_cm7.o(.text) referenced from startup_stm32h747xx_cm7.o(RESET)
 <LI><a href="#[8d]">DMAMUX1_OVR_IRQHandler</a> from startup_stm32h747xx_cm7.o(.text) referenced from startup_stm32h747xx_cm7.o(RESET)
 <LI><a href="#[a7]">DMAMUX2_OVR_IRQHandler</a> from startup_stm32h747xx_cm7.o(.text) referenced from startup_stm32h747xx_cm7.o(RESET)
 <LI><a href="#[c6]">DSI_IO_Read</a> from main.o(i.DSI_IO_Read) referenced from main.o(i.LCD_Init)
 <LI><a href="#[c5]">DSI_IO_Write</a> from main.o(i.DSI_IO_Write) referenced from main.o(i.LCD_Init)
 <LI><a href="#[a2]">DSI_IRQHandler</a> from main.o(i.DSI_IRQHandler) referenced from startup_stm32h747xx_cm7.o(RESET)
 <LI><a href="#[28]">DebugMon_Handler</a> from stm32h7xx_it.o(i.DebugMon_Handler) referenced from startup_stm32h747xx_cm7.o(RESET)
 <LI><a href="#[b8]">ECC_IRQHandler</a> from startup_stm32h747xx_cm7.o(.text) referenced from startup_stm32h747xx_cm7.o(RESET)
 <LI><a href="#[67]">ETH_IRQHandler</a> from startup_stm32h747xx_cm7.o(.text) referenced from startup_stm32h747xx_cm7.o(RESET)
 <LI><a href="#[68]">ETH_WKUP_IRQHandler</a> from startup_stm32h747xx_cm7.o(.text) referenced from startup_stm32h747xx_cm7.o(RESET)
 <LI><a href="#[31]">EXTI0_IRQHandler</a> from startup_stm32h747xx_cm7.o(.text) referenced from startup_stm32h747xx_cm7.o(RESET)
 <LI><a href="#[53]">EXTI15_10_IRQHandler</a> from startup_stm32h747xx_cm7.o(.text) referenced from startup_stm32h747xx_cm7.o(RESET)
 <LI><a href="#[32]">EXTI1_IRQHandler</a> from startup_stm32h747xx_cm7.o(.text) referenced from startup_stm32h747xx_cm7.o(RESET)
 <LI><a href="#[33]">EXTI2_IRQHandler</a> from startup_stm32h747xx_cm7.o(.text) referenced from startup_stm32h747xx_cm7.o(RESET)
 <LI><a href="#[34]">EXTI3_IRQHandler</a> from startup_stm32h747xx_cm7.o(.text) referenced from startup_stm32h747xx_cm7.o(RESET)
 <LI><a href="#[35]">EXTI4_IRQHandler</a> from startup_stm32h747xx_cm7.o(.text) referenced from startup_stm32h747xx_cm7.o(RESET)
 <LI><a href="#[42]">EXTI9_5_IRQHandler</a> from startup_stm32h747xx_cm7.o(.text) referenced from startup_stm32h747xx_cm7.o(RESET)
 <LI><a href="#[3e]">FDCAN1_IT0_IRQHandler</a> from startup_stm32h747xx_cm7.o(.text) referenced from startup_stm32h747xx_cm7.o(RESET)
 <LI><a href="#[40]">FDCAN1_IT1_IRQHandler</a> from startup_stm32h747xx_cm7.o(.text) referenced from startup_stm32h747xx_cm7.o(RESET)
 <LI><a href="#[3f]">FDCAN2_IT0_IRQHandler</a> from startup_stm32h747xx_cm7.o(.text) referenced from startup_stm32h747xx_cm7.o(RESET)
 <LI><a href="#[41]">FDCAN2_IT1_IRQHandler</a> from startup_stm32h747xx_cm7.o(.text) referenced from startup_stm32h747xx_cm7.o(RESET)
 <LI><a href="#[69]">FDCAN_CAL_IRQHandler</a> from startup_stm32h747xx_cm7.o(.text) referenced from startup_stm32h747xx_cm7.o(RESET)
 <LI><a href="#[2f]">FLASH_IRQHandler</a> from startup_stm32h747xx_cm7.o(.text) referenced from startup_stm32h747xx_cm7.o(RESET)
 <LI><a href="#[5a]">FMC_IRQHandler</a> from startup_stm32h747xx_cm7.o(.text) referenced from startup_stm32h747xx_cm7.o(RESET)
 <LI><a href="#[78]">FPU_IRQHandler</a> from startup_stm32h747xx_cm7.o(.text) referenced from startup_stm32h747xx_cm7.o(RESET)
 <LI><a href="#[18]">FT6X06_ClearIT</a> from ft6x06.o(i.FT6X06_ClearIT) referenced 2 times from ft6x06.o(.data)
 <LI><a href="#[f]">FT6X06_DeInit</a> from ft6x06.o(i.FT6X06_DeInit) referenced 2 times from ft6x06.o(.data)
 <LI><a href="#[17]">FT6X06_DisableIT</a> from ft6x06.o(i.FT6X06_DisableIT) referenced 2 times from ft6x06.o(.data)
 <LI><a href="#[16]">FT6X06_EnableIT</a> from ft6x06.o(i.FT6X06_EnableIT) referenced 2 times from ft6x06.o(.data)
 <LI><a href="#[10]">FT6X06_GestureConfig</a> from ft6x06.o(i.FT6X06_GestureConfig) referenced 2 times from ft6x06.o(.data)
 <LI><a href="#[15]">FT6X06_GetCapabilities</a> from ft6x06.o(i.FT6X06_GetCapabilities) referenced 2 times from ft6x06.o(.data)
 <LI><a href="#[14]">FT6X06_GetGesture</a> from ft6x06.o(i.FT6X06_GetGesture) referenced 2 times from ft6x06.o(.data)
 <LI><a href="#[13]">FT6X06_GetMultiTouchState</a> from ft6x06.o(i.FT6X06_GetMultiTouchState) referenced 2 times from ft6x06.o(.data)
 <LI><a href="#[12]">FT6X06_GetState</a> from ft6x06.o(i.FT6X06_GetState) referenced 2 times from ft6x06.o(.data)
 <LI><a href="#[19]">FT6X06_ITStatus</a> from ft6x06.o(i.FT6X06_ITStatus) referenced 2 times from ft6x06.o(.data)
 <LI><a href="#[e]">FT6X06_Init</a> from ft6x06.o(i.FT6X06_Init) referenced 2 times from ft6x06.o(.data)
 <LI><a href="#[11]">FT6X06_ReadID</a> from ft6x06.o(i.FT6X06_ReadID) referenced 2 times from ft6x06.o(.data)
 <LI><a href="#[ba]">HOLD_CORE_IRQHandler</a> from startup_stm32h747xx_cm7.o(.text) referenced from startup_stm32h747xx_cm7.o(RESET)
 <LI><a href="#[94]">HRTIM1_FLT_IRQHandler</a> from startup_stm32h747xx_cm7.o(.text) referenced from startup_stm32h747xx_cm7.o(RESET)
 <LI><a href="#[8e]">HRTIM1_Master_IRQHandler</a> from startup_stm32h747xx_cm7.o(.text) referenced from startup_stm32h747xx_cm7.o(RESET)
 <LI><a href="#[8f]">HRTIM1_TIMA_IRQHandler</a> from startup_stm32h747xx_cm7.o(.text) referenced from startup_stm32h747xx_cm7.o(RESET)
 <LI><a href="#[90]">HRTIM1_TIMB_IRQHandler</a> from startup_stm32h747xx_cm7.o(.text) referenced from startup_stm32h747xx_cm7.o(RESET)
 <LI><a href="#[91]">HRTIM1_TIMC_IRQHandler</a> from startup_stm32h747xx_cm7.o(.text) referenced from startup_stm32h747xx_cm7.o(RESET)
 <LI><a href="#[92]">HRTIM1_TIMD_IRQHandler</a> from startup_stm32h747xx_cm7.o(.text) referenced from startup_stm32h747xx_cm7.o(RESET)
 <LI><a href="#[93]">HRTIM1_TIME_IRQHandler</a> from startup_stm32h747xx_cm7.o(.text) referenced from startup_stm32h747xx_cm7.o(RESET)
 <LI><a href="#[a4]">HSEM1_IRQHandler</a> from startup_stm32h747xx_cm7.o(.text) referenced from startup_stm32h747xx_cm7.o(RESET)
 <LI><a href="#[a5]">HSEM2_IRQHandler</a> from startup_stm32h747xx_cm7.o(.text) referenced from startup_stm32h747xx_cm7.o(RESET)
 <LI><a href="#[23]">HardFault_Handler</a> from stm32h7xx_it.o(i.HardFault_Handler) referenced from startup_stm32h747xx_cm7.o(RESET)
 <LI><a href="#[4b]">I2C1_ER_IRQHandler</a> from startup_stm32h747xx_cm7.o(.text) referenced from startup_stm32h747xx_cm7.o(RESET)
 <LI><a href="#[4a]">I2C1_EV_IRQHandler</a> from startup_stm32h747xx_cm7.o(.text) referenced from startup_stm32h747xx_cm7.o(RESET)
 <LI><a href="#[4d]">I2C2_ER_IRQHandler</a> from startup_stm32h747xx_cm7.o(.text) referenced from startup_stm32h747xx_cm7.o(RESET)
 <LI><a href="#[4c]">I2C2_EV_IRQHandler</a> from startup_stm32h747xx_cm7.o(.text) referenced from startup_stm32h747xx_cm7.o(RESET)
 <LI><a href="#[71]">I2C3_ER_IRQHandler</a> from startup_stm32h747xx_cm7.o(.text) referenced from startup_stm32h747xx_cm7.o(RESET)
 <LI><a href="#[70]">I2C3_EV_IRQHandler</a> from startup_stm32h747xx_cm7.o(.text) referenced from startup_stm32h747xx_cm7.o(RESET)
 <LI><a href="#[87]">I2C4_ER_IRQHandler</a> from startup_stm32h747xx_cm7.o(.text) referenced from startup_stm32h747xx_cm7.o(RESET)
 <LI><a href="#[86]">I2C4_EV_IRQHandler</a> from startup_stm32h747xx_cm7.o(.text) referenced from startup_stm32h747xx_cm7.o(RESET)
 <LI><a href="#[1c]">JOY1_DOWN_EXTI_Callback</a> from stm32h747i_discovery.o(i.JOY1_DOWN_EXTI_Callback) referenced 2 times from stm32h747i_discovery.o(.data)
 <LI><a href="#[1d]">JOY1_LEFT_EXTI_Callback</a> from stm32h747i_discovery.o(i.JOY1_LEFT_EXTI_Callback) referenced 2 times from stm32h747i_discovery.o(.data)
 <LI><a href="#[1e]">JOY1_RIGHT_EXTI_Callback</a> from stm32h747i_discovery.o(i.JOY1_RIGHT_EXTI_Callback) referenced 2 times from stm32h747i_discovery.o(.data)
 <LI><a href="#[1b]">JOY1_SEL_EXTI_Callback</a> from stm32h747i_discovery.o(i.JOY1_SEL_EXTI_Callback) referenced 2 times from stm32h747i_discovery.o(.data)
 <LI><a href="#[1f]">JOY1_UP_EXTI_Callback</a> from stm32h747i_discovery.o(i.JOY1_UP_EXTI_Callback) referenced 2 times from stm32h747i_discovery.o(.data)
 <LI><a href="#[a0]">JPEG_IRQHandler</a> from startup_stm32h747xx_cm7.o(.text) referenced from startup_stm32h747xx_cm7.o(RESET)
 <LI><a href="#[d0]">LCD_GetXSize</a> from main.o(i.LCD_GetXSize) referenced from main.o(.constdata)
 <LI><a href="#[d1]">LCD_GetYSize</a> from main.o(i.LCD_GetYSize) referenced from main.o(.constdata)
 <LI><a href="#[84]">LPTIM1_IRQHandler</a> from startup_stm32h747xx_cm7.o(.text) referenced from startup_stm32h747xx_cm7.o(RESET)
 <LI><a href="#[b1]">LPTIM2_IRQHandler</a> from startup_stm32h747xx_cm7.o(.text) referenced from startup_stm32h747xx_cm7.o(RESET)
 <LI><a href="#[b2]">LPTIM3_IRQHandler</a> from startup_stm32h747xx_cm7.o(.text) referenced from startup_stm32h747xx_cm7.o(RESET)
 <LI><a href="#[b3]">LPTIM4_IRQHandler</a> from startup_stm32h747xx_cm7.o(.text) referenced from startup_stm32h747xx_cm7.o(RESET)
 <LI><a href="#[b4]">LPTIM5_IRQHandler</a> from startup_stm32h747xx_cm7.o(.text) referenced from startup_stm32h747xx_cm7.o(RESET)
 <LI><a href="#[b5]">LPUART1_IRQHandler</a> from startup_stm32h747xx_cm7.o(.text) referenced from startup_stm32h747xx_cm7.o(RESET)
 <LI><a href="#[80]">LTDC_ER_IRQHandler</a> from startup_stm32h747xx_cm7.o(.text) referenced from startup_stm32h747xx_cm7.o(RESET)
 <LI><a href="#[7f]">LTDC_IRQHandler</a> from startup_stm32h747xx_cm7.o(.text) referenced from startup_stm32h747xx_cm7.o(RESET)
 <LI><a href="#[9f]">MDIOS_IRQHandler</a> from startup_stm32h747xx_cm7.o(.text) referenced from startup_stm32h747xx_cm7.o(RESET)
 <LI><a href="#[9e]">MDIOS_WKUP_IRQHandler</a> from startup_stm32h747xx_cm7.o(.text) referenced from startup_stm32h747xx_cm7.o(RESET)
 <LI><a href="#[a1]">MDMA_IRQHandler</a> from startup_stm32h747xx_cm7.o(.text) referenced from startup_stm32h747xx_cm7.o(RESET)
 <LI><a href="#[24]">MemManage_Handler</a> from stm32h7xx_it.o(i.MemManage_Handler) referenced from startup_stm32h747xx_cm7.o(RESET)
 <LI><a href="#[22]">NMI_Handler</a> from stm32h7xx_it.o(i.NMI_Handler) referenced from startup_stm32h747xx_cm7.o(RESET)
 <LI><a href="#[8a]">OTG_FS_EP1_IN_IRQHandler</a> from startup_stm32h747xx_cm7.o(.text) referenced from startup_stm32h747xx_cm7.o(RESET)
 <LI><a href="#[89]">OTG_FS_EP1_OUT_IRQHandler</a> from startup_stm32h747xx_cm7.o(.text) referenced from startup_stm32h747xx_cm7.o(RESET)
 <LI><a href="#[8c]">OTG_FS_IRQHandler</a> from startup_stm32h747xx_cm7.o(.text) referenced from startup_stm32h747xx_cm7.o(RESET)
 <LI><a href="#[8b]">OTG_FS_WKUP_IRQHandler</a> from startup_stm32h747xx_cm7.o(.text) referenced from startup_stm32h747xx_cm7.o(RESET)
 <LI><a href="#[73]">OTG_HS_EP1_IN_IRQHandler</a> from startup_stm32h747xx_cm7.o(.text) referenced from startup_stm32h747xx_cm7.o(RESET)
 <LI><a href="#[72]">OTG_HS_EP1_OUT_IRQHandler</a> from startup_stm32h747xx_cm7.o(.text) referenced from startup_stm32h747xx_cm7.o(RESET)
 <LI><a href="#[75]">OTG_HS_IRQHandler</a> from startup_stm32h747xx_cm7.o(.text) referenced from startup_stm32h747xx_cm7.o(RESET)
 <LI><a href="#[74]">OTG_HS_WKUP_IRQHandler</a> from startup_stm32h747xx_cm7.o(.text) referenced from startup_stm32h747xx_cm7.o(RESET)
 <LI><a href="#[c7]">OTM8009A_ReadRegWrap</a> from otm8009a.o(i.OTM8009A_ReadRegWrap) referenced from otm8009a.o(i.OTM8009A_RegisterBusIO)
 <LI><a href="#[c8]">OTM8009A_WriteRegWrap</a> from otm8009a.o(i.OTM8009A_WriteRegWrap) referenced from otm8009a.o(i.OTM8009A_RegisterBusIO)
 <LI><a href="#[2c]">PVD_AVD_IRQHandler</a> from startup_stm32h747xx_cm7.o(.text) referenced from startup_stm32h747xx_cm7.o(RESET)
 <LI><a href="#[29]">PendSV_Handler</a> from stm32h7xx_it.o(i.PendSV_Handler) referenced from startup_stm32h747xx_cm7.o(RESET)
 <LI><a href="#[83]">QUADSPI_IRQHandler</a> from startup_stm32h747xx_cm7.o(.text) referenced from startup_stm32h747xx_cm7.o(RESET)
 <LI><a href="#[30]">RCC_IRQHandler</a> from startup_stm32h747xx_cm7.o(.text) referenced from startup_stm32h747xx_cm7.o(RESET)
 <LI><a href="#[77]">RNG_IRQHandler</a> from startup_stm32h747xx_cm7.o(.text) referenced from startup_stm32h747xx_cm7.o(RESET)
 <LI><a href="#[54]">RTC_Alarm_IRQHandler</a> from startup_stm32h747xx_cm7.o(.text) referenced from startup_stm32h747xx_cm7.o(RESET)
 <LI><a href="#[2e]">RTC_WKUP_IRQHandler</a> from startup_stm32h747xx_cm7.o(.text) referenced from startup_stm32h747xx_cm7.o(RESET)
 <LI><a href="#[c3]">ReadRegWrap</a> from ft6x06.o(i.ReadRegWrap) referenced from ft6x06.o(i.FT6X06_RegisterBusIO)
 <LI><a href="#[21]">Reset_Handler</a> from startup_stm32h747xx_cm7.o(.text) referenced from startup_stm32h747xx_cm7.o(RESET)
 <LI><a href="#[7e]">SAI1_IRQHandler</a> from startup_stm32h747xx_cm7.o(.text) referenced from startup_stm32h747xx_cm7.o(RESET)
 <LI><a href="#[82]">SAI2_IRQHandler</a> from startup_stm32h747xx_cm7.o(.text) referenced from startup_stm32h747xx_cm7.o(RESET)
 <LI><a href="#[99]">SAI3_IRQHandler</a> from startup_stm32h747xx_cm7.o(.text) referenced from startup_stm32h747xx_cm7.o(RESET)
 <LI><a href="#[b9]">SAI4_IRQHandler</a> from startup_stm32h747xx_cm7.o(.text) referenced from startup_stm32h747xx_cm7.o(RESET)
 <LI><a href="#[5b]">SDMMC1_IRQHandler</a> from startup_stm32h747xx_cm7.o(.text) referenced from startup_stm32h747xx_cm7.o(RESET)
 <LI><a href="#[a3]">SDMMC2_IRQHandler</a> from startup_stm32h747xx_cm7.o(.text) referenced from startup_stm32h747xx_cm7.o(RESET)
 <LI><a href="#[88]">SPDIF_RX_IRQHandler</a> from startup_stm32h747xx_cm7.o(.text) referenced from startup_stm32h747xx_cm7.o(RESET)
 <LI><a href="#[4e]">SPI1_IRQHandler</a> from startup_stm32h747xx_cm7.o(.text) referenced from startup_stm32h747xx_cm7.o(RESET)
 <LI><a href="#[4f]">SPI2_IRQHandler</a> from startup_stm32h747xx_cm7.o(.text) referenced from startup_stm32h747xx_cm7.o(RESET)
 <LI><a href="#[5d]">SPI3_IRQHandler</a> from startup_stm32h747xx_cm7.o(.text) referenced from startup_stm32h747xx_cm7.o(RESET)
 <LI><a href="#[7b]">SPI4_IRQHandler</a> from startup_stm32h747xx_cm7.o(.text) referenced from startup_stm32h747xx_cm7.o(RESET)
 <LI><a href="#[7c]">SPI5_IRQHandler</a> from startup_stm32h747xx_cm7.o(.text) referenced from startup_stm32h747xx_cm7.o(RESET)
 <LI><a href="#[7d]">SPI6_IRQHandler</a> from startup_stm32h747xx_cm7.o(.text) referenced from startup_stm32h747xx_cm7.o(RESET)
 <LI><a href="#[27]">SVC_Handler</a> from stm32h7xx_it.o(i.SVC_Handler) referenced from startup_stm32h747xx_cm7.o(RESET)
 <LI><a href="#[9a]">SWPMI1_IRQHandler</a> from startup_stm32h747xx_cm7.o(.text) referenced from startup_stm32h747xx_cm7.o(RESET)
 <LI><a href="#[2a]">SysTick_Handler</a> from stm32h7xx_it.o(i.SysTick_Handler) referenced from startup_stm32h747xx_cm7.o(RESET)
 <LI><a href="#[bc]">SystemInit</a> from system_stm32h7xx_dualcore_boot_cm4_cm7.o(i.SystemInit) referenced from startup_stm32h747xx_cm7.o(.text)
 <LI><a href="#[2d]">TAMP_STAMP_IRQHandler</a> from startup_stm32h747xx_cm7.o(.text) referenced from startup_stm32h747xx_cm7.o(RESET)
 <LI><a href="#[9b]">TIM15_IRQHandler</a> from startup_stm32h747xx_cm7.o(.text) referenced from startup_stm32h747xx_cm7.o(RESET)
 <LI><a href="#[9c]">TIM16_IRQHandler</a> from startup_stm32h747xx_cm7.o(.text) referenced from startup_stm32h747xx_cm7.o(RESET)
 <LI><a href="#[9d]">TIM17_IRQHandler</a> from startup_stm32h747xx_cm7.o(.text) referenced from startup_stm32h747xx_cm7.o(RESET)
 <LI><a href="#[43]">TIM1_BRK_IRQHandler</a> from startup_stm32h747xx_cm7.o(.text) referenced from startup_stm32h747xx_cm7.o(RESET)
 <LI><a href="#[46]">TIM1_CC_IRQHandler</a> from startup_stm32h747xx_cm7.o(.text) referenced from startup_stm32h747xx_cm7.o(RESET)
 <LI><a href="#[45]">TIM1_TRG_COM_IRQHandler</a> from startup_stm32h747xx_cm7.o(.text) referenced from startup_stm32h747xx_cm7.o(RESET)
 <LI><a href="#[44]">TIM1_UP_IRQHandler</a> from startup_stm32h747xx_cm7.o(.text) referenced from startup_stm32h747xx_cm7.o(RESET)
 <LI><a href="#[47]">TIM2_IRQHandler</a> from startup_stm32h747xx_cm7.o(.text) referenced from startup_stm32h747xx_cm7.o(RESET)
 <LI><a href="#[48]">TIM3_IRQHandler</a> from startup_stm32h747xx_cm7.o(.text) referenced from startup_stm32h747xx_cm7.o(RESET)
 <LI><a href="#[49]">TIM4_IRQHandler</a> from startup_stm32h747xx_cm7.o(.text) referenced from startup_stm32h747xx_cm7.o(RESET)
 <LI><a href="#[5c]">TIM5_IRQHandler</a> from startup_stm32h747xx_cm7.o(.text) referenced from startup_stm32h747xx_cm7.o(RESET)
 <LI><a href="#[60]">TIM6_DAC_IRQHandler</a> from startup_stm32h747xx_cm7.o(.text) referenced from startup_stm32h747xx_cm7.o(RESET)
 <LI><a href="#[61]">TIM7_IRQHandler</a> from startup_stm32h747xx_cm7.o(.text) referenced from startup_stm32h747xx_cm7.o(RESET)
 <LI><a href="#[55]">TIM8_BRK_TIM12_IRQHandler</a> from startup_stm32h747xx_cm7.o(.text) referenced from startup_stm32h747xx_cm7.o(RESET)
 <LI><a href="#[58]">TIM8_CC_IRQHandler</a> from startup_stm32h747xx_cm7.o(.text) referenced from startup_stm32h747xx_cm7.o(RESET)
 <LI><a href="#[57]">TIM8_TRG_COM_TIM14_IRQHandler</a> from startup_stm32h747xx_cm7.o(.text) referenced from startup_stm32h747xx_cm7.o(RESET)
 <LI><a href="#[56]">TIM8_UP_TIM13_IRQHandler</a> from startup_stm32h747xx_cm7.o(.text) referenced from startup_stm32h747xx_cm7.o(RESET)
 <LI><a href="#[20]">TS_EXTI_Callback</a> from stm32h747i_discovery_ts.o(i.TS_EXTI_Callback) referenced 2 times from stm32h747i_discovery_ts.o(.data)
 <LI><a href="#[5e]">UART4_IRQHandler</a> from startup_stm32h747xx_cm7.o(.text) referenced from startup_stm32h747xx_cm7.o(RESET)
 <LI><a href="#[5f]">UART5_IRQHandler</a> from startup_stm32h747xx_cm7.o(.text) referenced from startup_stm32h747xx_cm7.o(RESET)
 <LI><a href="#[79]">UART7_IRQHandler</a> from startup_stm32h747xx_cm7.o(.text) referenced from startup_stm32h747xx_cm7.o(RESET)
 <LI><a href="#[7a]">UART8_IRQHandler</a> from startup_stm32h747xx_cm7.o(.text) referenced from startup_stm32h747xx_cm7.o(RESET)
 <LI><a href="#[50]">USART1_IRQHandler</a> from startup_stm32h747xx_cm7.o(.text) referenced from startup_stm32h747xx_cm7.o(RESET)
 <LI><a href="#[51]">USART2_IRQHandler</a> from startup_stm32h747xx_cm7.o(.text) referenced from startup_stm32h747xx_cm7.o(RESET)
 <LI><a href="#[52]">USART3_IRQHandler</a> from startup_stm32h747xx_cm7.o(.text) referenced from startup_stm32h747xx_cm7.o(RESET)
 <LI><a href="#[6f]">USART6_IRQHandler</a> from startup_stm32h747xx_cm7.o(.text) referenced from startup_stm32h747xx_cm7.o(RESET)
 <LI><a href="#[26]">UsageFault_Handler</a> from stm32h7xx_it.o(i.UsageFault_Handler) referenced from startup_stm32h747xx_cm7.o(RESET)
 <LI><a href="#[bb]">WAKEUP_PIN_IRQHandler</a> from startup_stm32h747xx_cm7.o(.text) referenced from startup_stm32h747xx_cm7.o(RESET)
 <LI><a href="#[2b]">WWDG_IRQHandler</a> from startup_stm32h747xx_cm7.o(.text) referenced from startup_stm32h747xx_cm7.o(RESET)
 <LI><a href="#[b6]">WWDG_RST_IRQHandler</a> from startup_stm32h747xx_cm7.o(.text) referenced from startup_stm32h747xx_cm7.o(RESET)
 <LI><a href="#[c4]">WriteRegWrap</a> from ft6x06.o(i.WriteRegWrap) referenced from ft6x06.o(i.FT6X06_RegisterBusIO)
 <LI><a href="#[d4]">__main</a> from __main.o(!!!main) referenced from startup_stm32h747xx_cm7.o(.text)
 <LI><a href="#[b]">forward_conv2d_if32of32wf32_nl_pool</a> from layers_conv2d_generic_float.o(i.forward_conv2d_if32of32wf32_nl_pool) referenced 4 times from network.o(.data)
 <LI><a href="#[9]">forward_dense</a> from layers_conv2d_generic_float.o(i.forward_dense) referenced 2 times from network.o(.data)
 <LI><a href="#[c]">forward_lite_nl_relu_if32of32</a> from lite_nl_generic_float.o(i.forward_lite_nl_relu_if32of32) referenced 4 times from network.o(.data)
 <LI><a href="#[a]">forward_transpose</a> from layers_generic_float.o(i.forward_transpose) referenced 2 times from network.o(.data)
 <LI><a href="#[d]">pool_func_mp_array_f32</a> from forward_lite_pool_f32.o(i.pool_func_mp_array_f32) referenced 4 times from network.o(.data)
</UL>
<P>
<H3>
Global Symbols
</H3>
<P><STRONG><a name="[d4]"></a>__main</STRONG> (Thumb, 8 bytes, Stack size 0 bytes, __main.o(!!!main))
<BR><BR>[Calls]<UL><LI><a href="#[d5]">&gt;&gt;</a>&nbsp;&nbsp;&nbsp;__scatterload
<LI><a href="#[d6]">&gt;&gt;</a>&nbsp;&nbsp;&nbsp;__rt_entry
</UL>

<P><STRONG><a name="[d5]"></a>__scatterload</STRONG> (Thumb, 0 bytes, Stack size unknown bytes, __scatter.o(!!!scatter))
<BR><BR>[Called By]<UL><LI><a href="#[d4]">&gt;&gt;</a>&nbsp;&nbsp;&nbsp;__main
</UL>

<P><STRONG><a name="[d7]"></a>__scatterload_rt2</STRONG> (Thumb, 44 bytes, Stack size unknown bytes, __scatter.o(!!!scatter), UNUSED)
<BR><BR>[Calls]<UL><LI><a href="#[d6]">&gt;&gt;</a>&nbsp;&nbsp;&nbsp;__rt_entry
</UL>

<P><STRONG><a name="[1e8]"></a>__scatterload_rt2_thumb_only</STRONG> (Thumb, 0 bytes, Stack size unknown bytes, __scatter.o(!!!scatter), UNUSED)

<P><STRONG><a name="[1e9]"></a>__scatterload_null</STRONG> (Thumb, 0 bytes, Stack size unknown bytes, __scatter.o(!!!scatter), UNUSED)

<P><STRONG><a name="[1ea]"></a>__decompress</STRONG> (Thumb, 90 bytes, Stack size unknown bytes, __dczerorl2.o(!!dczerorl2), UNUSED)

<P><STRONG><a name="[1eb]"></a>__decompress1</STRONG> (Thumb, 0 bytes, Stack size unknown bytes, __dczerorl2.o(!!dczerorl2), UNUSED)

<P><STRONG><a name="[1ec]"></a>__scatterload_zeroinit</STRONG> (Thumb, 28 bytes, Stack size unknown bytes, __scatter_zi.o(!!handler_zi), UNUSED)

<P><STRONG><a name="[df]"></a>__rt_lib_init</STRONG> (Thumb, 0 bytes, Stack size unknown bytes, libinit.o(.ARM.Collect$$libinit$$00000000))
<BR><BR>[Called By]<UL><LI><a href="#[de]">&gt;&gt;</a>&nbsp;&nbsp;&nbsp;__rt_entry_li
</UL>

<P><STRONG><a name="[d8]"></a>__rt_lib_init_fp_1</STRONG> (Thumb, 0 bytes, Stack size unknown bytes, libinit2.o(.ARM.Collect$$libinit$$00000001))
<BR><BR>[Calls]<UL><LI><a href="#[d9]">&gt;&gt;</a>&nbsp;&nbsp;&nbsp;_fp_init
</UL>

<P><STRONG><a name="[da]"></a>__rt_lib_init_heap_2</STRONG> (Thumb, 0 bytes, Stack size unknown bytes, libinit2.o(.ARM.Collect$$libinit$$00000005))
<BR><BR>[Stack]<UL><LI>Max Depth = 64 + Unknown Stack Size
<LI>Call Chain = __rt_lib_init_heap_2 &rArr; _init_alloc &rArr; __rt_SIGRTMEM &rArr; __rt_SIGRTMEM_inner &rArr; __default_signal_display &rArr; _ttywrch
</UL>
<BR>[Calls]<UL><LI><a href="#[db]">&gt;&gt;</a>&nbsp;&nbsp;&nbsp;_init_alloc
</UL>

<P><STRONG><a name="[1ed]"></a>__rt_lib_init_preinit_1</STRONG> (Thumb, 0 bytes, Stack size unknown bytes, libinit2.o(.ARM.Collect$$libinit$$00000004))

<P><STRONG><a name="[1ee]"></a>__rt_lib_init_alloca_1</STRONG> (Thumb, 0 bytes, Stack size unknown bytes, libinit2.o(.ARM.Collect$$libinit$$0000002E))

<P><STRONG><a name="[1ef]"></a>__rt_lib_init_argv_1</STRONG> (Thumb, 0 bytes, Stack size unknown bytes, libinit2.o(.ARM.Collect$$libinit$$0000002C))

<P><STRONG><a name="[1f0]"></a>__rt_lib_init_atexit_1</STRONG> (Thumb, 0 bytes, Stack size unknown bytes, libinit2.o(.ARM.Collect$$libinit$$0000001B))

<P><STRONG><a name="[1f1]"></a>__rt_lib_init_clock_1</STRONG> (Thumb, 0 bytes, Stack size unknown bytes, libinit2.o(.ARM.Collect$$libinit$$00000021))

<P><STRONG><a name="[1f2]"></a>__rt_lib_init_cpp_1</STRONG> (Thumb, 0 bytes, Stack size unknown bytes, libinit2.o(.ARM.Collect$$libinit$$00000032))

<P><STRONG><a name="[1f3]"></a>__rt_lib_init_exceptions_1</STRONG> (Thumb, 0 bytes, Stack size unknown bytes, libinit2.o(.ARM.Collect$$libinit$$00000030))

<P><STRONG><a name="[1f4]"></a>__rt_lib_init_fp_trap_1</STRONG> (Thumb, 0 bytes, Stack size unknown bytes, libinit2.o(.ARM.Collect$$libinit$$0000001F))

<P><STRONG><a name="[1f5]"></a>__rt_lib_init_getenv_1</STRONG> (Thumb, 0 bytes, Stack size unknown bytes, libinit2.o(.ARM.Collect$$libinit$$00000023))

<P><STRONG><a name="[1f6]"></a>__rt_lib_init_heap_1</STRONG> (Thumb, 0 bytes, Stack size unknown bytes, libinit2.o(.ARM.Collect$$libinit$$0000000A))

<P><STRONG><a name="[1f7]"></a>__rt_lib_init_lc_collate_1</STRONG> (Thumb, 0 bytes, Stack size unknown bytes, libinit2.o(.ARM.Collect$$libinit$$00000011))

<P><STRONG><a name="[1f8]"></a>__rt_lib_init_lc_ctype_1</STRONG> (Thumb, 0 bytes, Stack size unknown bytes, libinit2.o(.ARM.Collect$$libinit$$00000013))

<P><STRONG><a name="[1f9]"></a>__rt_lib_init_lc_monetary_1</STRONG> (Thumb, 0 bytes, Stack size unknown bytes, libinit2.o(.ARM.Collect$$libinit$$00000015))

<P><STRONG><a name="[1fa]"></a>__rt_lib_init_lc_numeric_1</STRONG> (Thumb, 0 bytes, Stack size unknown bytes, libinit2.o(.ARM.Collect$$libinit$$00000017))

<P><STRONG><a name="[1fb]"></a>__rt_lib_init_lc_time_1</STRONG> (Thumb, 0 bytes, Stack size unknown bytes, libinit2.o(.ARM.Collect$$libinit$$00000019))

<P><STRONG><a name="[1fc]"></a>__rt_lib_init_rand_1</STRONG> (Thumb, 0 bytes, Stack size unknown bytes, libinit2.o(.ARM.Collect$$libinit$$0000000E))

<P><STRONG><a name="[1fd]"></a>__rt_lib_init_return</STRONG> (Thumb, 0 bytes, Stack size unknown bytes, libinit2.o(.ARM.Collect$$libinit$$00000033))

<P><STRONG><a name="[1fe]"></a>__rt_lib_init_signal_1</STRONG> (Thumb, 0 bytes, Stack size unknown bytes, libinit2.o(.ARM.Collect$$libinit$$0000001D))

<P><STRONG><a name="[1ff]"></a>__rt_lib_init_stdio_1</STRONG> (Thumb, 0 bytes, Stack size unknown bytes, libinit2.o(.ARM.Collect$$libinit$$00000025))

<P><STRONG><a name="[200]"></a>__rt_lib_init_user_alloc_1</STRONG> (Thumb, 0 bytes, Stack size unknown bytes, libinit2.o(.ARM.Collect$$libinit$$0000000C))

<P><STRONG><a name="[e4]"></a>__rt_lib_shutdown</STRONG> (Thumb, 0 bytes, Stack size unknown bytes, libshutdown.o(.ARM.Collect$$libshutdown$$00000000))
<BR><BR>[Called By]<UL><LI><a href="#[e3]">&gt;&gt;</a>&nbsp;&nbsp;&nbsp;__rt_exit_ls
</UL>

<P><STRONG><a name="[201]"></a>__rt_lib_shutdown_cpp_1</STRONG> (Thumb, 0 bytes, Stack size unknown bytes, libshutdown2.o(.ARM.Collect$$libshutdown$$00000004))

<P><STRONG><a name="[202]"></a>__rt_lib_shutdown_fini_1</STRONG> (Thumb, 0 bytes, Stack size unknown bytes, libshutdown2.o(.ARM.Collect$$libshutdown$$00000002))

<P><STRONG><a name="[203]"></a>__rt_lib_shutdown_fp_trap_1</STRONG> (Thumb, 0 bytes, Stack size unknown bytes, libshutdown2.o(.ARM.Collect$$libshutdown$$00000009))

<P><STRONG><a name="[204]"></a>__rt_lib_shutdown_heap_1</STRONG> (Thumb, 0 bytes, Stack size unknown bytes, libshutdown2.o(.ARM.Collect$$libshutdown$$00000011))

<P><STRONG><a name="[205]"></a>__rt_lib_shutdown_return</STRONG> (Thumb, 0 bytes, Stack size unknown bytes, libshutdown2.o(.ARM.Collect$$libshutdown$$00000012))

<P><STRONG><a name="[206]"></a>__rt_lib_shutdown_signal_1</STRONG> (Thumb, 0 bytes, Stack size unknown bytes, libshutdown2.o(.ARM.Collect$$libshutdown$$0000000C))

<P><STRONG><a name="[207]"></a>__rt_lib_shutdown_stdio_1</STRONG> (Thumb, 0 bytes, Stack size unknown bytes, libshutdown2.o(.ARM.Collect$$libshutdown$$00000006))

<P><STRONG><a name="[208]"></a>__rt_lib_shutdown_user_alloc_1</STRONG> (Thumb, 0 bytes, Stack size unknown bytes, libshutdown2.o(.ARM.Collect$$libshutdown$$0000000E))

<P><STRONG><a name="[d6]"></a>__rt_entry</STRONG> (Thumb, 0 bytes, Stack size unknown bytes, __rtentry.o(.ARM.Collect$$rtentry$$00000000))
<BR><BR>[Called By]<UL><LI><a href="#[d4]">&gt;&gt;</a>&nbsp;&nbsp;&nbsp;__main
<LI><a href="#[d7]">&gt;&gt;</a>&nbsp;&nbsp;&nbsp;__scatterload_rt2
</UL>

<P><STRONG><a name="[209]"></a>__rt_entry_presh_1</STRONG> (Thumb, 0 bytes, Stack size unknown bytes, __rtentry2.o(.ARM.Collect$$rtentry$$00000002))

<P><STRONG><a name="[dc]"></a>__rt_entry_sh</STRONG> (Thumb, 0 bytes, Stack size unknown bytes, __rtentry4.o(.ARM.Collect$$rtentry$$00000004))
<BR><BR>[Stack]<UL><LI>Max Depth = 8 + Unknown Stack Size
<LI>Call Chain = __rt_entry_sh &rArr; __user_setup_stackheap
</UL>
<BR>[Calls]<UL><LI><a href="#[dd]">&gt;&gt;</a>&nbsp;&nbsp;&nbsp;__user_setup_stackheap
</UL>

<P><STRONG><a name="[de]"></a>__rt_entry_li</STRONG> (Thumb, 0 bytes, Stack size unknown bytes, __rtentry2.o(.ARM.Collect$$rtentry$$0000000A))
<BR><BR>[Calls]<UL><LI><a href="#[df]">&gt;&gt;</a>&nbsp;&nbsp;&nbsp;__rt_lib_init
</UL>

<P><STRONG><a name="[20a]"></a>__rt_entry_postsh_1</STRONG> (Thumb, 0 bytes, Stack size unknown bytes, __rtentry2.o(.ARM.Collect$$rtentry$$00000009))

<P><STRONG><a name="[e0]"></a>__rt_entry_main</STRONG> (Thumb, 0 bytes, Stack size unknown bytes, __rtentry2.o(.ARM.Collect$$rtentry$$0000000D))
<BR><BR>[Stack]<UL><LI>Max Depth = 400 + Unknown Stack Size
<LI>Call Chain = __rt_entry_main &rArr; main &rArr; MX_USART1_UART_Init &rArr; HAL_UART_Init &rArr; HAL_UART_MspInit &rArr; HAL_RCCEx_PeriphCLKConfig &rArr; RCCEx_PLL3_Config
</UL>
<BR>[Calls]<UL><LI><a href="#[e1]">&gt;&gt;</a>&nbsp;&nbsp;&nbsp;main
<LI><a href="#[e2]">&gt;&gt;</a>&nbsp;&nbsp;&nbsp;exit
</UL>

<P><STRONG><a name="[20b]"></a>__rt_entry_postli_1</STRONG> (Thumb, 0 bytes, Stack size unknown bytes, __rtentry2.o(.ARM.Collect$$rtentry$$0000000C))

<P><STRONG><a name="[f3]"></a>__rt_exit</STRONG> (Thumb, 0 bytes, Stack size unknown bytes, rtexit.o(.ARM.Collect$$rtexit$$00000000))
<BR><BR>[Called By]<UL><LI><a href="#[e2]">&gt;&gt;</a>&nbsp;&nbsp;&nbsp;exit
</UL>

<P><STRONG><a name="[e3]"></a>__rt_exit_ls</STRONG> (Thumb, 0 bytes, Stack size unknown bytes, rtexit2.o(.ARM.Collect$$rtexit$$00000003))
<BR><BR>[Calls]<UL><LI><a href="#[e4]">&gt;&gt;</a>&nbsp;&nbsp;&nbsp;__rt_lib_shutdown
</UL>

<P><STRONG><a name="[20c]"></a>__rt_exit_prels_1</STRONG> (Thumb, 0 bytes, Stack size unknown bytes, rtexit2.o(.ARM.Collect$$rtexit$$00000002))

<P><STRONG><a name="[e5]"></a>__rt_exit_exit</STRONG> (Thumb, 0 bytes, Stack size unknown bytes, rtexit2.o(.ARM.Collect$$rtexit$$00000004))
<BR><BR>[Calls]<UL><LI><a href="#[e6]">&gt;&gt;</a>&nbsp;&nbsp;&nbsp;_sys_exit
</UL>

<P><STRONG><a name="[21]"></a>Reset_Handler</STRONG> (Thumb, 8 bytes, Stack size 0 bytes, startup_stm32h747xx_cm7.o(.text))
<BR>[Address Reference Count : 1]<UL><LI> startup_stm32h747xx_cm7.o(RESET)
</UL>
<P><STRONG><a name="[20d]"></a>_maybe_terminate_alloc</STRONG> (Thumb, 0 bytes, Stack size 0 bytes, maybetermalloc1.o(.emb_text), UNUSED)

<P><STRONG><a name="[a6]"></a>ADC3_IRQHandler</STRONG> (Thumb, 0 bytes, Stack size 0 bytes, startup_stm32h747xx_cm7.o(.text))
<BR><BR>[Calls]<UL><LI><a href="#[a6]">&gt;&gt;</a>&nbsp;&nbsp;&nbsp;ADC3_IRQHandler
</UL>
<BR>[Called By]<UL><LI><a href="#[a6]">&gt;&gt;</a>&nbsp;&nbsp;&nbsp;ADC3_IRQHandler
</UL>
<BR>[Address Reference Count : 1]<UL><LI> startup_stm32h747xx_cm7.o(RESET)
</UL>
<P><STRONG><a name="[3d]"></a>ADC_IRQHandler</STRONG> (Thumb, 0 bytes, Stack size 0 bytes, startup_stm32h747xx_cm7.o(.text))
<BR>[Address Reference Count : 1]<UL><LI> startup_stm32h747xx_cm7.o(RESET)
</UL>
<P><STRONG><a name="[a8]"></a>BDMA_Channel0_IRQHandler</STRONG> (Thumb, 0 bytes, Stack size 0 bytes, startup_stm32h747xx_cm7.o(.text))
<BR>[Address Reference Count : 1]<UL><LI> startup_stm32h747xx_cm7.o(RESET)
</UL>
<P><STRONG><a name="[a9]"></a>BDMA_Channel1_IRQHandler</STRONG> (Thumb, 0 bytes, Stack size 0 bytes, startup_stm32h747xx_cm7.o(.text))
<BR>[Address Reference Count : 1]<UL><LI> startup_stm32h747xx_cm7.o(RESET)
</UL>
<P><STRONG><a name="[aa]"></a>BDMA_Channel2_IRQHandler</STRONG> (Thumb, 0 bytes, Stack size 0 bytes, startup_stm32h747xx_cm7.o(.text))
<BR>[Address Reference Count : 1]<UL><LI> startup_stm32h747xx_cm7.o(RESET)
</UL>
<P><STRONG><a name="[ab]"></a>BDMA_Channel3_IRQHandler</STRONG> (Thumb, 0 bytes, Stack size 0 bytes, startup_stm32h747xx_cm7.o(.text))
<BR>[Address Reference Count : 1]<UL><LI> startup_stm32h747xx_cm7.o(RESET)
</UL>
<P><STRONG><a name="[ac]"></a>BDMA_Channel4_IRQHandler</STRONG> (Thumb, 0 bytes, Stack size 0 bytes, startup_stm32h747xx_cm7.o(.text))
<BR>[Address Reference Count : 1]<UL><LI> startup_stm32h747xx_cm7.o(RESET)
</UL>
<P><STRONG><a name="[ad]"></a>BDMA_Channel5_IRQHandler</STRONG> (Thumb, 0 bytes, Stack size 0 bytes, startup_stm32h747xx_cm7.o(.text))
<BR>[Address Reference Count : 1]<UL><LI> startup_stm32h747xx_cm7.o(RESET)
</UL>
<P><STRONG><a name="[ae]"></a>BDMA_Channel6_IRQHandler</STRONG> (Thumb, 0 bytes, Stack size 0 bytes, startup_stm32h747xx_cm7.o(.text))
<BR>[Address Reference Count : 1]<UL><LI> startup_stm32h747xx_cm7.o(RESET)
</UL>
<P><STRONG><a name="[af]"></a>BDMA_Channel7_IRQHandler</STRONG> (Thumb, 0 bytes, Stack size 0 bytes, startup_stm32h747xx_cm7.o(.text))
<BR>[Address Reference Count : 1]<UL><LI> startup_stm32h747xx_cm7.o(RESET)
</UL>
<P><STRONG><a name="[85]"></a>CEC_IRQHandler</STRONG> (Thumb, 0 bytes, Stack size 0 bytes, startup_stm32h747xx_cm7.o(.text))
<BR>[Address Reference Count : 1]<UL><LI> startup_stm32h747xx_cm7.o(RESET)
</UL>
<P><STRONG><a name="[6b]"></a>CM4_SEV_IRQHandler</STRONG> (Thumb, 0 bytes, Stack size 0 bytes, startup_stm32h747xx_cm7.o(.text))
<BR>[Address Reference Count : 1]<UL><LI> startup_stm32h747xx_cm7.o(RESET)
</UL>
<P><STRONG><a name="[6a]"></a>CM7_SEV_IRQHandler</STRONG> (Thumb, 0 bytes, Stack size 0 bytes, startup_stm32h747xx_cm7.o(.text))
<BR>[Address Reference Count : 1]<UL><LI> startup_stm32h747xx_cm7.o(RESET)
</UL>
<P><STRONG><a name="[b0]"></a>COMP1_IRQHandler</STRONG> (Thumb, 0 bytes, Stack size 0 bytes, startup_stm32h747xx_cm7.o(.text))
<BR>[Address Reference Count : 1]<UL><LI> startup_stm32h747xx_cm7.o(RESET)
</UL>
<P><STRONG><a name="[b7]"></a>CRS_IRQHandler</STRONG> (Thumb, 0 bytes, Stack size 0 bytes, startup_stm32h747xx_cm7.o(.text))
<BR>[Address Reference Count : 1]<UL><LI> startup_stm32h747xx_cm7.o(RESET)
</UL>
<P><STRONG><a name="[76]"></a>DCMI_IRQHandler</STRONG> (Thumb, 0 bytes, Stack size 0 bytes, startup_stm32h747xx_cm7.o(.text))
<BR>[Address Reference Count : 1]<UL><LI> startup_stm32h747xx_cm7.o(RESET)
</UL>
<P><STRONG><a name="[95]"></a>DFSDM1_FLT0_IRQHandler</STRONG> (Thumb, 0 bytes, Stack size 0 bytes, startup_stm32h747xx_cm7.o(.text))
<BR>[Address Reference Count : 1]<UL><LI> startup_stm32h747xx_cm7.o(RESET)
</UL>
<P><STRONG><a name="[96]"></a>DFSDM1_FLT1_IRQHandler</STRONG> (Thumb, 0 bytes, Stack size 0 bytes, startup_stm32h747xx_cm7.o(.text))
<BR>[Address Reference Count : 1]<UL><LI> startup_stm32h747xx_cm7.o(RESET)
</UL>
<P><STRONG><a name="[97]"></a>DFSDM1_FLT2_IRQHandler</STRONG> (Thumb, 0 bytes, Stack size 0 bytes, startup_stm32h747xx_cm7.o(.text))
<BR>[Address Reference Count : 1]<UL><LI> startup_stm32h747xx_cm7.o(RESET)
</UL>
<P><STRONG><a name="[98]"></a>DFSDM1_FLT3_IRQHandler</STRONG> (Thumb, 0 bytes, Stack size 0 bytes, startup_stm32h747xx_cm7.o(.text))
<BR>[Address Reference Count : 1]<UL><LI> startup_stm32h747xx_cm7.o(RESET)
</UL>
<P><STRONG><a name="[36]"></a>DMA1_Stream0_IRQHandler</STRONG> (Thumb, 0 bytes, Stack size 0 bytes, startup_stm32h747xx_cm7.o(.text))
<BR>[Address Reference Count : 1]<UL><LI> startup_stm32h747xx_cm7.o(RESET)
</UL>
<P><STRONG><a name="[37]"></a>DMA1_Stream1_IRQHandler</STRONG> (Thumb, 0 bytes, Stack size 0 bytes, startup_stm32h747xx_cm7.o(.text))
<BR>[Address Reference Count : 1]<UL><LI> startup_stm32h747xx_cm7.o(RESET)
</UL>
<P><STRONG><a name="[38]"></a>DMA1_Stream2_IRQHandler</STRONG> (Thumb, 0 bytes, Stack size 0 bytes, startup_stm32h747xx_cm7.o(.text))
<BR>[Address Reference Count : 1]<UL><LI> startup_stm32h747xx_cm7.o(RESET)
</UL>
<P><STRONG><a name="[39]"></a>DMA1_Stream3_IRQHandler</STRONG> (Thumb, 0 bytes, Stack size 0 bytes, startup_stm32h747xx_cm7.o(.text))
<BR>[Address Reference Count : 1]<UL><LI> startup_stm32h747xx_cm7.o(RESET)
</UL>
<P><STRONG><a name="[3a]"></a>DMA1_Stream4_IRQHandler</STRONG> (Thumb, 0 bytes, Stack size 0 bytes, startup_stm32h747xx_cm7.o(.text))
<BR>[Address Reference Count : 1]<UL><LI> startup_stm32h747xx_cm7.o(RESET)
</UL>
<P><STRONG><a name="[3b]"></a>DMA1_Stream5_IRQHandler</STRONG> (Thumb, 0 bytes, Stack size 0 bytes, startup_stm32h747xx_cm7.o(.text))
<BR>[Address Reference Count : 1]<UL><LI> startup_stm32h747xx_cm7.o(RESET)
</UL>
<P><STRONG><a name="[3c]"></a>DMA1_Stream6_IRQHandler</STRONG> (Thumb, 0 bytes, Stack size 0 bytes, startup_stm32h747xx_cm7.o(.text))
<BR>[Address Reference Count : 1]<UL><LI> startup_stm32h747xx_cm7.o(RESET)
</UL>
<P><STRONG><a name="[59]"></a>DMA1_Stream7_IRQHandler</STRONG> (Thumb, 0 bytes, Stack size 0 bytes, startup_stm32h747xx_cm7.o(.text))
<BR>[Address Reference Count : 1]<UL><LI> startup_stm32h747xx_cm7.o(RESET)
</UL>
<P><STRONG><a name="[81]"></a>DMA2D_IRQHandler</STRONG> (Thumb, 0 bytes, Stack size 0 bytes, startup_stm32h747xx_cm7.o(.text))
<BR>[Address Reference Count : 1]<UL><LI> startup_stm32h747xx_cm7.o(RESET)
</UL>
<P><STRONG><a name="[62]"></a>DMA2_Stream0_IRQHandler</STRONG> (Thumb, 0 bytes, Stack size 0 bytes, startup_stm32h747xx_cm7.o(.text))
<BR>[Address Reference Count : 1]<UL><LI> startup_stm32h747xx_cm7.o(RESET)
</UL>
<P><STRONG><a name="[63]"></a>DMA2_Stream1_IRQHandler</STRONG> (Thumb, 0 bytes, Stack size 0 bytes, startup_stm32h747xx_cm7.o(.text))
<BR>[Address Reference Count : 1]<UL><LI> startup_stm32h747xx_cm7.o(RESET)
</UL>
<P><STRONG><a name="[64]"></a>DMA2_Stream2_IRQHandler</STRONG> (Thumb, 0 bytes, Stack size 0 bytes, startup_stm32h747xx_cm7.o(.text))
<BR>[Address Reference Count : 1]<UL><LI> startup_stm32h747xx_cm7.o(RESET)
</UL>
<P><STRONG><a name="[65]"></a>DMA2_Stream3_IRQHandler</STRONG> (Thumb, 0 bytes, Stack size 0 bytes, startup_stm32h747xx_cm7.o(.text))
<BR>[Address Reference Count : 1]<UL><LI> startup_stm32h747xx_cm7.o(RESET)
</UL>
<P><STRONG><a name="[66]"></a>DMA2_Stream4_IRQHandler</STRONG> (Thumb, 0 bytes, Stack size 0 bytes, startup_stm32h747xx_cm7.o(.text))
<BR>[Address Reference Count : 1]<UL><LI> startup_stm32h747xx_cm7.o(RESET)
</UL>
<P><STRONG><a name="[6c]"></a>DMA2_Stream5_IRQHandler</STRONG> (Thumb, 0 bytes, Stack size 0 bytes, startup_stm32h747xx_cm7.o(.text))
<BR>[Address Reference Count : 1]<UL><LI> startup_stm32h747xx_cm7.o(RESET)
</UL>
<P><STRONG><a name="[6d]"></a>DMA2_Stream6_IRQHandler</STRONG> (Thumb, 0 bytes, Stack size 0 bytes, startup_stm32h747xx_cm7.o(.text))
<BR>[Address Reference Count : 1]<UL><LI> startup_stm32h747xx_cm7.o(RESET)
</UL>
<P><STRONG><a name="[6e]"></a>DMA2_Stream7_IRQHandler</STRONG> (Thumb, 0 bytes, Stack size 0 bytes, startup_stm32h747xx_cm7.o(.text))
<BR>[Address Reference Count : 1]<UL><LI> startup_stm32h747xx_cm7.o(RESET)
</UL>
<P><STRONG><a name="[8d]"></a>DMAMUX1_OVR_IRQHandler</STRONG> (Thumb, 0 bytes, Stack size 0 bytes, startup_stm32h747xx_cm7.o(.text))
<BR>[Address Reference Count : 1]<UL><LI> startup_stm32h747xx_cm7.o(RESET)
</UL>
<P><STRONG><a name="[a7]"></a>DMAMUX2_OVR_IRQHandler</STRONG> (Thumb, 0 bytes, Stack size 0 bytes, startup_stm32h747xx_cm7.o(.text))
<BR>[Address Reference Count : 1]<UL><LI> startup_stm32h747xx_cm7.o(RESET)
</UL>
<P><STRONG><a name="[b8]"></a>ECC_IRQHandler</STRONG> (Thumb, 0 bytes, Stack size 0 bytes, startup_stm32h747xx_cm7.o(.text))
<BR>[Address Reference Count : 1]<UL><LI> startup_stm32h747xx_cm7.o(RESET)
</UL>
<P><STRONG><a name="[67]"></a>ETH_IRQHandler</STRONG> (Thumb, 0 bytes, Stack size 0 bytes, startup_stm32h747xx_cm7.o(.text))
<BR>[Address Reference Count : 1]<UL><LI> startup_stm32h747xx_cm7.o(RESET)
</UL>
<P><STRONG><a name="[68]"></a>ETH_WKUP_IRQHandler</STRONG> (Thumb, 0 bytes, Stack size 0 bytes, startup_stm32h747xx_cm7.o(.text))
<BR>[Address Reference Count : 1]<UL><LI> startup_stm32h747xx_cm7.o(RESET)
</UL>
<P><STRONG><a name="[31]"></a>EXTI0_IRQHandler</STRONG> (Thumb, 0 bytes, Stack size 0 bytes, startup_stm32h747xx_cm7.o(.text))
<BR>[Address Reference Count : 1]<UL><LI> startup_stm32h747xx_cm7.o(RESET)
</UL>
<P><STRONG><a name="[53]"></a>EXTI15_10_IRQHandler</STRONG> (Thumb, 0 bytes, Stack size 0 bytes, startup_stm32h747xx_cm7.o(.text))
<BR>[Address Reference Count : 1]<UL><LI> startup_stm32h747xx_cm7.o(RESET)
</UL>
<P><STRONG><a name="[32]"></a>EXTI1_IRQHandler</STRONG> (Thumb, 0 bytes, Stack size 0 bytes, startup_stm32h747xx_cm7.o(.text))
<BR>[Address Reference Count : 1]<UL><LI> startup_stm32h747xx_cm7.o(RESET)
</UL>
<P><STRONG><a name="[33]"></a>EXTI2_IRQHandler</STRONG> (Thumb, 0 bytes, Stack size 0 bytes, startup_stm32h747xx_cm7.o(.text))
<BR>[Address Reference Count : 1]<UL><LI> startup_stm32h747xx_cm7.o(RESET)
</UL>
<P><STRONG><a name="[34]"></a>EXTI3_IRQHandler</STRONG> (Thumb, 0 bytes, Stack size 0 bytes, startup_stm32h747xx_cm7.o(.text))
<BR>[Address Reference Count : 1]<UL><LI> startup_stm32h747xx_cm7.o(RESET)
</UL>
<P><STRONG><a name="[35]"></a>EXTI4_IRQHandler</STRONG> (Thumb, 0 bytes, Stack size 0 bytes, startup_stm32h747xx_cm7.o(.text))
<BR>[Address Reference Count : 1]<UL><LI> startup_stm32h747xx_cm7.o(RESET)
</UL>
<P><STRONG><a name="[42]"></a>EXTI9_5_IRQHandler</STRONG> (Thumb, 0 bytes, Stack size 0 bytes, startup_stm32h747xx_cm7.o(.text))
<BR>[Address Reference Count : 1]<UL><LI> startup_stm32h747xx_cm7.o(RESET)
</UL>
<P><STRONG><a name="[3e]"></a>FDCAN1_IT0_IRQHandler</STRONG> (Thumb, 0 bytes, Stack size 0 bytes, startup_stm32h747xx_cm7.o(.text))
<BR>[Address Reference Count : 1]<UL><LI> startup_stm32h747xx_cm7.o(RESET)
</UL>
<P><STRONG><a name="[40]"></a>FDCAN1_IT1_IRQHandler</STRONG> (Thumb, 0 bytes, Stack size 0 bytes, startup_stm32h747xx_cm7.o(.text))
<BR>[Address Reference Count : 1]<UL><LI> startup_stm32h747xx_cm7.o(RESET)
</UL>
<P><STRONG><a name="[3f]"></a>FDCAN2_IT0_IRQHandler</STRONG> (Thumb, 0 bytes, Stack size 0 bytes, startup_stm32h747xx_cm7.o(.text))
<BR>[Address Reference Count : 1]<UL><LI> startup_stm32h747xx_cm7.o(RESET)
</UL>
<P><STRONG><a name="[41]"></a>FDCAN2_IT1_IRQHandler</STRONG> (Thumb, 0 bytes, Stack size 0 bytes, startup_stm32h747xx_cm7.o(.text))
<BR>[Address Reference Count : 1]<UL><LI> startup_stm32h747xx_cm7.o(RESET)
</UL>
<P><STRONG><a name="[69]"></a>FDCAN_CAL_IRQHandler</STRONG> (Thumb, 0 bytes, Stack size 0 bytes, startup_stm32h747xx_cm7.o(.text))
<BR>[Address Reference Count : 1]<UL><LI> startup_stm32h747xx_cm7.o(RESET)
</UL>
<P><STRONG><a name="[2f]"></a>FLASH_IRQHandler</STRONG> (Thumb, 0 bytes, Stack size 0 bytes, startup_stm32h747xx_cm7.o(.text))
<BR>[Address Reference Count : 1]<UL><LI> startup_stm32h747xx_cm7.o(RESET)
</UL>
<P><STRONG><a name="[5a]"></a>FMC_IRQHandler</STRONG> (Thumb, 0 bytes, Stack size 0 bytes, startup_stm32h747xx_cm7.o(.text))
<BR>[Address Reference Count : 1]<UL><LI> startup_stm32h747xx_cm7.o(RESET)
</UL>
<P><STRONG><a name="[78]"></a>FPU_IRQHandler</STRONG> (Thumb, 0 bytes, Stack size 0 bytes, startup_stm32h747xx_cm7.o(.text))
<BR>[Address Reference Count : 1]<UL><LI> startup_stm32h747xx_cm7.o(RESET)
</UL>
<P><STRONG><a name="[ba]"></a>HOLD_CORE_IRQHandler</STRONG> (Thumb, 0 bytes, Stack size 0 bytes, startup_stm32h747xx_cm7.o(.text))
<BR>[Address Reference Count : 1]<UL><LI> startup_stm32h747xx_cm7.o(RESET)
</UL>
<P><STRONG><a name="[94]"></a>HRTIM1_FLT_IRQHandler</STRONG> (Thumb, 0 bytes, Stack size 0 bytes, startup_stm32h747xx_cm7.o(.text))
<BR>[Address Reference Count : 1]<UL><LI> startup_stm32h747xx_cm7.o(RESET)
</UL>
<P><STRONG><a name="[8e]"></a>HRTIM1_Master_IRQHandler</STRONG> (Thumb, 0 bytes, Stack size 0 bytes, startup_stm32h747xx_cm7.o(.text))
<BR>[Address Reference Count : 1]<UL><LI> startup_stm32h747xx_cm7.o(RESET)
</UL>
<P><STRONG><a name="[8f]"></a>HRTIM1_TIMA_IRQHandler</STRONG> (Thumb, 0 bytes, Stack size 0 bytes, startup_stm32h747xx_cm7.o(.text))
<BR>[Address Reference Count : 1]<UL><LI> startup_stm32h747xx_cm7.o(RESET)
</UL>
<P><STRONG><a name="[90]"></a>HRTIM1_TIMB_IRQHandler</STRONG> (Thumb, 0 bytes, Stack size 0 bytes, startup_stm32h747xx_cm7.o(.text))
<BR>[Address Reference Count : 1]<UL><LI> startup_stm32h747xx_cm7.o(RESET)
</UL>
<P><STRONG><a name="[91]"></a>HRTIM1_TIMC_IRQHandler</STRONG> (Thumb, 0 bytes, Stack size 0 bytes, startup_stm32h747xx_cm7.o(.text))
<BR>[Address Reference Count : 1]<UL><LI> startup_stm32h747xx_cm7.o(RESET)
</UL>
<P><STRONG><a name="[92]"></a>HRTIM1_TIMD_IRQHandler</STRONG> (Thumb, 0 bytes, Stack size 0 bytes, startup_stm32h747xx_cm7.o(.text))
<BR>[Address Reference Count : 1]<UL><LI> startup_stm32h747xx_cm7.o(RESET)
</UL>
<P><STRONG><a name="[93]"></a>HRTIM1_TIME_IRQHandler</STRONG> (Thumb, 0 bytes, Stack size 0 bytes, startup_stm32h747xx_cm7.o(.text))
<BR>[Address Reference Count : 1]<UL><LI> startup_stm32h747xx_cm7.o(RESET)
</UL>
<P><STRONG><a name="[a4]"></a>HSEM1_IRQHandler</STRONG> (Thumb, 0 bytes, Stack size 0 bytes, startup_stm32h747xx_cm7.o(.text))
<BR>[Address Reference Count : 1]<UL><LI> startup_stm32h747xx_cm7.o(RESET)
</UL>
<P><STRONG><a name="[a5]"></a>HSEM2_IRQHandler</STRONG> (Thumb, 0 bytes, Stack size 0 bytes, startup_stm32h747xx_cm7.o(.text))
<BR>[Address Reference Count : 1]<UL><LI> startup_stm32h747xx_cm7.o(RESET)
</UL>
<P><STRONG><a name="[4b]"></a>I2C1_ER_IRQHandler</STRONG> (Thumb, 0 bytes, Stack size 0 bytes, startup_stm32h747xx_cm7.o(.text))
<BR>[Address Reference Count : 1]<UL><LI> startup_stm32h747xx_cm7.o(RESET)
</UL>
<P><STRONG><a name="[4a]"></a>I2C1_EV_IRQHandler</STRONG> (Thumb, 0 bytes, Stack size 0 bytes, startup_stm32h747xx_cm7.o(.text))
<BR>[Address Reference Count : 1]<UL><LI> startup_stm32h747xx_cm7.o(RESET)
</UL>
<P><STRONG><a name="[4d]"></a>I2C2_ER_IRQHandler</STRONG> (Thumb, 0 bytes, Stack size 0 bytes, startup_stm32h747xx_cm7.o(.text))
<BR>[Address Reference Count : 1]<UL><LI> startup_stm32h747xx_cm7.o(RESET)
</UL>
<P><STRONG><a name="[4c]"></a>I2C2_EV_IRQHandler</STRONG> (Thumb, 0 bytes, Stack size 0 bytes, startup_stm32h747xx_cm7.o(.text))
<BR>[Address Reference Count : 1]<UL><LI> startup_stm32h747xx_cm7.o(RESET)
</UL>
<P><STRONG><a name="[71]"></a>I2C3_ER_IRQHandler</STRONG> (Thumb, 0 bytes, Stack size 0 bytes, startup_stm32h747xx_cm7.o(.text))
<BR>[Address Reference Count : 1]<UL><LI> startup_stm32h747xx_cm7.o(RESET)
</UL>
<P><STRONG><a name="[70]"></a>I2C3_EV_IRQHandler</STRONG> (Thumb, 0 bytes, Stack size 0 bytes, startup_stm32h747xx_cm7.o(.text))
<BR>[Address Reference Count : 1]<UL><LI> startup_stm32h747xx_cm7.o(RESET)
</UL>
<P><STRONG><a name="[87]"></a>I2C4_ER_IRQHandler</STRONG> (Thumb, 0 bytes, Stack size 0 bytes, startup_stm32h747xx_cm7.o(.text))
<BR>[Address Reference Count : 1]<UL><LI> startup_stm32h747xx_cm7.o(RESET)
</UL>
<P><STRONG><a name="[86]"></a>I2C4_EV_IRQHandler</STRONG> (Thumb, 0 bytes, Stack size 0 bytes, startup_stm32h747xx_cm7.o(.text))
<BR>[Address Reference Count : 1]<UL><LI> startup_stm32h747xx_cm7.o(RESET)
</UL>
<P><STRONG><a name="[a0]"></a>JPEG_IRQHandler</STRONG> (Thumb, 0 bytes, Stack size 0 bytes, startup_stm32h747xx_cm7.o(.text))
<BR>[Address Reference Count : 1]<UL><LI> startup_stm32h747xx_cm7.o(RESET)
</UL>
<P><STRONG><a name="[84]"></a>LPTIM1_IRQHandler</STRONG> (Thumb, 0 bytes, Stack size 0 bytes, startup_stm32h747xx_cm7.o(.text))
<BR>[Address Reference Count : 1]<UL><LI> startup_stm32h747xx_cm7.o(RESET)
</UL>
<P><STRONG><a name="[b1]"></a>LPTIM2_IRQHandler</STRONG> (Thumb, 0 bytes, Stack size 0 bytes, startup_stm32h747xx_cm7.o(.text))
<BR>[Address Reference Count : 1]<UL><LI> startup_stm32h747xx_cm7.o(RESET)
</UL>
<P><STRONG><a name="[b2]"></a>LPTIM3_IRQHandler</STRONG> (Thumb, 0 bytes, Stack size 0 bytes, startup_stm32h747xx_cm7.o(.text))
<BR>[Address Reference Count : 1]<UL><LI> startup_stm32h747xx_cm7.o(RESET)
</UL>
<P><STRONG><a name="[b3]"></a>LPTIM4_IRQHandler</STRONG> (Thumb, 0 bytes, Stack size 0 bytes, startup_stm32h747xx_cm7.o(.text))
<BR>[Address Reference Count : 1]<UL><LI> startup_stm32h747xx_cm7.o(RESET)
</UL>
<P><STRONG><a name="[b4]"></a>LPTIM5_IRQHandler</STRONG> (Thumb, 0 bytes, Stack size 0 bytes, startup_stm32h747xx_cm7.o(.text))
<BR>[Address Reference Count : 1]<UL><LI> startup_stm32h747xx_cm7.o(RESET)
</UL>
<P><STRONG><a name="[b5]"></a>LPUART1_IRQHandler</STRONG> (Thumb, 0 bytes, Stack size 0 bytes, startup_stm32h747xx_cm7.o(.text))
<BR>[Address Reference Count : 1]<UL><LI> startup_stm32h747xx_cm7.o(RESET)
</UL>
<P><STRONG><a name="[80]"></a>LTDC_ER_IRQHandler</STRONG> (Thumb, 0 bytes, Stack size 0 bytes, startup_stm32h747xx_cm7.o(.text))
<BR>[Address Reference Count : 1]<UL><LI> startup_stm32h747xx_cm7.o(RESET)
</UL>
<P><STRONG><a name="[7f]"></a>LTDC_IRQHandler</STRONG> (Thumb, 0 bytes, Stack size 0 bytes, startup_stm32h747xx_cm7.o(.text))
<BR>[Address Reference Count : 1]<UL><LI> startup_stm32h747xx_cm7.o(RESET)
</UL>
<P><STRONG><a name="[9f]"></a>MDIOS_IRQHandler</STRONG> (Thumb, 0 bytes, Stack size 0 bytes, startup_stm32h747xx_cm7.o(.text))
<BR>[Address Reference Count : 1]<UL><LI> startup_stm32h747xx_cm7.o(RESET)
</UL>
<P><STRONG><a name="[9e]"></a>MDIOS_WKUP_IRQHandler</STRONG> (Thumb, 0 bytes, Stack size 0 bytes, startup_stm32h747xx_cm7.o(.text))
<BR>[Address Reference Count : 1]<UL><LI> startup_stm32h747xx_cm7.o(RESET)
</UL>
<P><STRONG><a name="[a1]"></a>MDMA_IRQHandler</STRONG> (Thumb, 0 bytes, Stack size 0 bytes, startup_stm32h747xx_cm7.o(.text))
<BR>[Address Reference Count : 1]<UL><LI> startup_stm32h747xx_cm7.o(RESET)
</UL>
<P><STRONG><a name="[8a]"></a>OTG_FS_EP1_IN_IRQHandler</STRONG> (Thumb, 0 bytes, Stack size 0 bytes, startup_stm32h747xx_cm7.o(.text))
<BR>[Address Reference Count : 1]<UL><LI> startup_stm32h747xx_cm7.o(RESET)
</UL>
<P><STRONG><a name="[89]"></a>OTG_FS_EP1_OUT_IRQHandler</STRONG> (Thumb, 0 bytes, Stack size 0 bytes, startup_stm32h747xx_cm7.o(.text))
<BR>[Address Reference Count : 1]<UL><LI> startup_stm32h747xx_cm7.o(RESET)
</UL>
<P><STRONG><a name="[8c]"></a>OTG_FS_IRQHandler</STRONG> (Thumb, 0 bytes, Stack size 0 bytes, startup_stm32h747xx_cm7.o(.text))
<BR>[Address Reference Count : 1]<UL><LI> startup_stm32h747xx_cm7.o(RESET)
</UL>
<P><STRONG><a name="[8b]"></a>OTG_FS_WKUP_IRQHandler</STRONG> (Thumb, 0 bytes, Stack size 0 bytes, startup_stm32h747xx_cm7.o(.text))
<BR>[Address Reference Count : 1]<UL><LI> startup_stm32h747xx_cm7.o(RESET)
</UL>
<P><STRONG><a name="[73]"></a>OTG_HS_EP1_IN_IRQHandler</STRONG> (Thumb, 0 bytes, Stack size 0 bytes, startup_stm32h747xx_cm7.o(.text))
<BR>[Address Reference Count : 1]<UL><LI> startup_stm32h747xx_cm7.o(RESET)
</UL>
<P><STRONG><a name="[72]"></a>OTG_HS_EP1_OUT_IRQHandler</STRONG> (Thumb, 0 bytes, Stack size 0 bytes, startup_stm32h747xx_cm7.o(.text))
<BR>[Address Reference Count : 1]<UL><LI> startup_stm32h747xx_cm7.o(RESET)
</UL>
<P><STRONG><a name="[75]"></a>OTG_HS_IRQHandler</STRONG> (Thumb, 0 bytes, Stack size 0 bytes, startup_stm32h747xx_cm7.o(.text))
<BR>[Address Reference Count : 1]<UL><LI> startup_stm32h747xx_cm7.o(RESET)
</UL>
<P><STRONG><a name="[74]"></a>OTG_HS_WKUP_IRQHandler</STRONG> (Thumb, 0 bytes, Stack size 0 bytes, startup_stm32h747xx_cm7.o(.text))
<BR>[Address Reference Count : 1]<UL><LI> startup_stm32h747xx_cm7.o(RESET)
</UL>
<P><STRONG><a name="[2c]"></a>PVD_AVD_IRQHandler</STRONG> (Thumb, 0 bytes, Stack size 0 bytes, startup_stm32h747xx_cm7.o(.text))
<BR>[Address Reference Count : 1]<UL><LI> startup_stm32h747xx_cm7.o(RESET)
</UL>
<P><STRONG><a name="[83]"></a>QUADSPI_IRQHandler</STRONG> (Thumb, 0 bytes, Stack size 0 bytes, startup_stm32h747xx_cm7.o(.text))
<BR>[Address Reference Count : 1]<UL><LI> startup_stm32h747xx_cm7.o(RESET)
</UL>
<P><STRONG><a name="[30]"></a>RCC_IRQHandler</STRONG> (Thumb, 0 bytes, Stack size 0 bytes, startup_stm32h747xx_cm7.o(.text))
<BR>[Address Reference Count : 1]<UL><LI> startup_stm32h747xx_cm7.o(RESET)
</UL>
<P><STRONG><a name="[77]"></a>RNG_IRQHandler</STRONG> (Thumb, 0 bytes, Stack size 0 bytes, startup_stm32h747xx_cm7.o(.text))
<BR>[Address Reference Count : 1]<UL><LI> startup_stm32h747xx_cm7.o(RESET)
</UL>
<P><STRONG><a name="[54]"></a>RTC_Alarm_IRQHandler</STRONG> (Thumb, 0 bytes, Stack size 0 bytes, startup_stm32h747xx_cm7.o(.text))
<BR>[Address Reference Count : 1]<UL><LI> startup_stm32h747xx_cm7.o(RESET)
</UL>
<P><STRONG><a name="[2e]"></a>RTC_WKUP_IRQHandler</STRONG> (Thumb, 0 bytes, Stack size 0 bytes, startup_stm32h747xx_cm7.o(.text))
<BR>[Address Reference Count : 1]<UL><LI> startup_stm32h747xx_cm7.o(RESET)
</UL>
<P><STRONG><a name="[7e]"></a>SAI1_IRQHandler</STRONG> (Thumb, 0 bytes, Stack size 0 bytes, startup_stm32h747xx_cm7.o(.text))
<BR>[Address Reference Count : 1]<UL><LI> startup_stm32h747xx_cm7.o(RESET)
</UL>
<P><STRONG><a name="[82]"></a>SAI2_IRQHandler</STRONG> (Thumb, 0 bytes, Stack size 0 bytes, startup_stm32h747xx_cm7.o(.text))
<BR>[Address Reference Count : 1]<UL><LI> startup_stm32h747xx_cm7.o(RESET)
</UL>
<P><STRONG><a name="[99]"></a>SAI3_IRQHandler</STRONG> (Thumb, 0 bytes, Stack size 0 bytes, startup_stm32h747xx_cm7.o(.text))
<BR>[Address Reference Count : 1]<UL><LI> startup_stm32h747xx_cm7.o(RESET)
</UL>
<P><STRONG><a name="[b9]"></a>SAI4_IRQHandler</STRONG> (Thumb, 0 bytes, Stack size 0 bytes, startup_stm32h747xx_cm7.o(.text))
<BR>[Address Reference Count : 1]<UL><LI> startup_stm32h747xx_cm7.o(RESET)
</UL>
<P><STRONG><a name="[5b]"></a>SDMMC1_IRQHandler</STRONG> (Thumb, 0 bytes, Stack size 0 bytes, startup_stm32h747xx_cm7.o(.text))
<BR>[Address Reference Count : 1]<UL><LI> startup_stm32h747xx_cm7.o(RESET)
</UL>
<P><STRONG><a name="[a3]"></a>SDMMC2_IRQHandler</STRONG> (Thumb, 0 bytes, Stack size 0 bytes, startup_stm32h747xx_cm7.o(.text))
<BR>[Address Reference Count : 1]<UL><LI> startup_stm32h747xx_cm7.o(RESET)
</UL>
<P><STRONG><a name="[88]"></a>SPDIF_RX_IRQHandler</STRONG> (Thumb, 0 bytes, Stack size 0 bytes, startup_stm32h747xx_cm7.o(.text))
<BR>[Address Reference Count : 1]<UL><LI> startup_stm32h747xx_cm7.o(RESET)
</UL>
<P><STRONG><a name="[4e]"></a>SPI1_IRQHandler</STRONG> (Thumb, 0 bytes, Stack size 0 bytes, startup_stm32h747xx_cm7.o(.text))
<BR>[Address Reference Count : 1]<UL><LI> startup_stm32h747xx_cm7.o(RESET)
</UL>
<P><STRONG><a name="[4f]"></a>SPI2_IRQHandler</STRONG> (Thumb, 0 bytes, Stack size 0 bytes, startup_stm32h747xx_cm7.o(.text))
<BR>[Address Reference Count : 1]<UL><LI> startup_stm32h747xx_cm7.o(RESET)
</UL>
<P><STRONG><a name="[5d]"></a>SPI3_IRQHandler</STRONG> (Thumb, 0 bytes, Stack size 0 bytes, startup_stm32h747xx_cm7.o(.text))
<BR>[Address Reference Count : 1]<UL><LI> startup_stm32h747xx_cm7.o(RESET)
</UL>
<P><STRONG><a name="[7b]"></a>SPI4_IRQHandler</STRONG> (Thumb, 0 bytes, Stack size 0 bytes, startup_stm32h747xx_cm7.o(.text))
<BR>[Address Reference Count : 1]<UL><LI> startup_stm32h747xx_cm7.o(RESET)
</UL>
<P><STRONG><a name="[7c]"></a>SPI5_IRQHandler</STRONG> (Thumb, 0 bytes, Stack size 0 bytes, startup_stm32h747xx_cm7.o(.text))
<BR>[Address Reference Count : 1]<UL><LI> startup_stm32h747xx_cm7.o(RESET)
</UL>
<P><STRONG><a name="[7d]"></a>SPI6_IRQHandler</STRONG> (Thumb, 0 bytes, Stack size 0 bytes, startup_stm32h747xx_cm7.o(.text))
<BR>[Address Reference Count : 1]<UL><LI> startup_stm32h747xx_cm7.o(RESET)
</UL>
<P><STRONG><a name="[9a]"></a>SWPMI1_IRQHandler</STRONG> (Thumb, 0 bytes, Stack size 0 bytes, startup_stm32h747xx_cm7.o(.text))
<BR>[Address Reference Count : 1]<UL><LI> startup_stm32h747xx_cm7.o(RESET)
</UL>
<P><STRONG><a name="[2d]"></a>TAMP_STAMP_IRQHandler</STRONG> (Thumb, 0 bytes, Stack size 0 bytes, startup_stm32h747xx_cm7.o(.text))
<BR>[Address Reference Count : 1]<UL><LI> startup_stm32h747xx_cm7.o(RESET)
</UL>
<P><STRONG><a name="[9b]"></a>TIM15_IRQHandler</STRONG> (Thumb, 0 bytes, Stack size 0 bytes, startup_stm32h747xx_cm7.o(.text))
<BR>[Address Reference Count : 1]<UL><LI> startup_stm32h747xx_cm7.o(RESET)
</UL>
<P><STRONG><a name="[9c]"></a>TIM16_IRQHandler</STRONG> (Thumb, 0 bytes, Stack size 0 bytes, startup_stm32h747xx_cm7.o(.text))
<BR>[Address Reference Count : 1]<UL><LI> startup_stm32h747xx_cm7.o(RESET)
</UL>
<P><STRONG><a name="[9d]"></a>TIM17_IRQHandler</STRONG> (Thumb, 0 bytes, Stack size 0 bytes, startup_stm32h747xx_cm7.o(.text))
<BR>[Address Reference Count : 1]<UL><LI> startup_stm32h747xx_cm7.o(RESET)
</UL>
<P><STRONG><a name="[43]"></a>TIM1_BRK_IRQHandler</STRONG> (Thumb, 0 bytes, Stack size 0 bytes, startup_stm32h747xx_cm7.o(.text))
<BR>[Address Reference Count : 1]<UL><LI> startup_stm32h747xx_cm7.o(RESET)
</UL>
<P><STRONG><a name="[46]"></a>TIM1_CC_IRQHandler</STRONG> (Thumb, 0 bytes, Stack size 0 bytes, startup_stm32h747xx_cm7.o(.text))
<BR>[Address Reference Count : 1]<UL><LI> startup_stm32h747xx_cm7.o(RESET)
</UL>
<P><STRONG><a name="[45]"></a>TIM1_TRG_COM_IRQHandler</STRONG> (Thumb, 0 bytes, Stack size 0 bytes, startup_stm32h747xx_cm7.o(.text))
<BR>[Address Reference Count : 1]<UL><LI> startup_stm32h747xx_cm7.o(RESET)
</UL>
<P><STRONG><a name="[44]"></a>TIM1_UP_IRQHandler</STRONG> (Thumb, 0 bytes, Stack size 0 bytes, startup_stm32h747xx_cm7.o(.text))
<BR>[Address Reference Count : 1]<UL><LI> startup_stm32h747xx_cm7.o(RESET)
</UL>
<P><STRONG><a name="[47]"></a>TIM2_IRQHandler</STRONG> (Thumb, 0 bytes, Stack size 0 bytes, startup_stm32h747xx_cm7.o(.text))
<BR>[Address Reference Count : 1]<UL><LI> startup_stm32h747xx_cm7.o(RESET)
</UL>
<P><STRONG><a name="[48]"></a>TIM3_IRQHandler</STRONG> (Thumb, 0 bytes, Stack size 0 bytes, startup_stm32h747xx_cm7.o(.text))
<BR>[Address Reference Count : 1]<UL><LI> startup_stm32h747xx_cm7.o(RESET)
</UL>
<P><STRONG><a name="[49]"></a>TIM4_IRQHandler</STRONG> (Thumb, 0 bytes, Stack size 0 bytes, startup_stm32h747xx_cm7.o(.text))
<BR>[Address Reference Count : 1]<UL><LI> startup_stm32h747xx_cm7.o(RESET)
</UL>
<P><STRONG><a name="[5c]"></a>TIM5_IRQHandler</STRONG> (Thumb, 0 bytes, Stack size 0 bytes, startup_stm32h747xx_cm7.o(.text))
<BR>[Address Reference Count : 1]<UL><LI> startup_stm32h747xx_cm7.o(RESET)
</UL>
<P><STRONG><a name="[60]"></a>TIM6_DAC_IRQHandler</STRONG> (Thumb, 0 bytes, Stack size 0 bytes, startup_stm32h747xx_cm7.o(.text))
<BR>[Address Reference Count : 1]<UL><LI> startup_stm32h747xx_cm7.o(RESET)
</UL>
<P><STRONG><a name="[61]"></a>TIM7_IRQHandler</STRONG> (Thumb, 0 bytes, Stack size 0 bytes, startup_stm32h747xx_cm7.o(.text))
<BR>[Address Reference Count : 1]<UL><LI> startup_stm32h747xx_cm7.o(RESET)
</UL>
<P><STRONG><a name="[55]"></a>TIM8_BRK_TIM12_IRQHandler</STRONG> (Thumb, 0 bytes, Stack size 0 bytes, startup_stm32h747xx_cm7.o(.text))
<BR>[Address Reference Count : 1]<UL><LI> startup_stm32h747xx_cm7.o(RESET)
</UL>
<P><STRONG><a name="[58]"></a>TIM8_CC_IRQHandler</STRONG> (Thumb, 0 bytes, Stack size 0 bytes, startup_stm32h747xx_cm7.o(.text))
<BR>[Address Reference Count : 1]<UL><LI> startup_stm32h747xx_cm7.o(RESET)
</UL>
<P><STRONG><a name="[57]"></a>TIM8_TRG_COM_TIM14_IRQHandler</STRONG> (Thumb, 0 bytes, Stack size 0 bytes, startup_stm32h747xx_cm7.o(.text))
<BR>[Address Reference Count : 1]<UL><LI> startup_stm32h747xx_cm7.o(RESET)
</UL>
<P><STRONG><a name="[56]"></a>TIM8_UP_TIM13_IRQHandler</STRONG> (Thumb, 0 bytes, Stack size 0 bytes, startup_stm32h747xx_cm7.o(.text))
<BR>[Address Reference Count : 1]<UL><LI> startup_stm32h747xx_cm7.o(RESET)
</UL>
<P><STRONG><a name="[5e]"></a>UART4_IRQHandler</STRONG> (Thumb, 0 bytes, Stack size 0 bytes, startup_stm32h747xx_cm7.o(.text))
<BR>[Address Reference Count : 1]<UL><LI> startup_stm32h747xx_cm7.o(RESET)
</UL>
<P><STRONG><a name="[5f]"></a>UART5_IRQHandler</STRONG> (Thumb, 0 bytes, Stack size 0 bytes, startup_stm32h747xx_cm7.o(.text))
<BR>[Address Reference Count : 1]<UL><LI> startup_stm32h747xx_cm7.o(RESET)
</UL>
<P><STRONG><a name="[79]"></a>UART7_IRQHandler</STRONG> (Thumb, 0 bytes, Stack size 0 bytes, startup_stm32h747xx_cm7.o(.text))
<BR>[Address Reference Count : 1]<UL><LI> startup_stm32h747xx_cm7.o(RESET)
</UL>
<P><STRONG><a name="[7a]"></a>UART8_IRQHandler</STRONG> (Thumb, 0 bytes, Stack size 0 bytes, startup_stm32h747xx_cm7.o(.text))
<BR>[Address Reference Count : 1]<UL><LI> startup_stm32h747xx_cm7.o(RESET)
</UL>
<P><STRONG><a name="[50]"></a>USART1_IRQHandler</STRONG> (Thumb, 0 bytes, Stack size 0 bytes, startup_stm32h747xx_cm7.o(.text))
<BR>[Address Reference Count : 1]<UL><LI> startup_stm32h747xx_cm7.o(RESET)
</UL>
<P><STRONG><a name="[51]"></a>USART2_IRQHandler</STRONG> (Thumb, 0 bytes, Stack size 0 bytes, startup_stm32h747xx_cm7.o(.text))
<BR>[Address Reference Count : 1]<UL><LI> startup_stm32h747xx_cm7.o(RESET)
</UL>
<P><STRONG><a name="[52]"></a>USART3_IRQHandler</STRONG> (Thumb, 0 bytes, Stack size 0 bytes, startup_stm32h747xx_cm7.o(.text))
<BR>[Address Reference Count : 1]<UL><LI> startup_stm32h747xx_cm7.o(RESET)
</UL>
<P><STRONG><a name="[6f]"></a>USART6_IRQHandler</STRONG> (Thumb, 0 bytes, Stack size 0 bytes, startup_stm32h747xx_cm7.o(.text))
<BR>[Address Reference Count : 1]<UL><LI> startup_stm32h747xx_cm7.o(RESET)
</UL>
<P><STRONG><a name="[bb]"></a>WAKEUP_PIN_IRQHandler</STRONG> (Thumb, 0 bytes, Stack size 0 bytes, startup_stm32h747xx_cm7.o(.text))
<BR>[Address Reference Count : 1]<UL><LI> startup_stm32h747xx_cm7.o(RESET)
</UL>
<P><STRONG><a name="[2b]"></a>WWDG_IRQHandler</STRONG> (Thumb, 0 bytes, Stack size 0 bytes, startup_stm32h747xx_cm7.o(.text))
<BR>[Address Reference Count : 1]<UL><LI> startup_stm32h747xx_cm7.o(RESET)
</UL>
<P><STRONG><a name="[b6]"></a>WWDG_RST_IRQHandler</STRONG> (Thumb, 0 bytes, Stack size 0 bytes, startup_stm32h747xx_cm7.o(.text))
<BR>[Address Reference Count : 1]<UL><LI> startup_stm32h747xx_cm7.o(RESET)
</UL>
<P><STRONG><a name="[f2]"></a>__user_initial_stackheap</STRONG> (Thumb, 0 bytes, Stack size unknown bytes, startup_stm32h747xx_cm7.o(.text))
<BR><BR>[Called By]<UL><LI><a href="#[dd]">&gt;&gt;</a>&nbsp;&nbsp;&nbsp;__user_setup_stackheap
</UL>

<P><STRONG><a name="[e7]"></a>malloc</STRONG> (Thumb, 94 bytes, Stack size 16 bytes, h1_alloc.o(.text))
<BR><BR>[Stack]<UL><LI>Max Depth = 48<LI>Call Chain = malloc &rArr; __Heap_Full &rArr; __Heap_ProvideMemory &rArr; free
</UL>
<BR>[Calls]<UL><LI><a href="#[e9]">&gt;&gt;</a>&nbsp;&nbsp;&nbsp;__Heap_Full
<LI><a href="#[e8]">&gt;&gt;</a>&nbsp;&nbsp;&nbsp;__rt_heap_descriptor
</UL>
<BR>[Called By]<UL><LI><a href="#[1db]">&gt;&gt;</a>&nbsp;&nbsp;&nbsp;forward_lite_conv2d_if32of32wf32_pool
</UL>

<P><STRONG><a name="[ea]"></a>free</STRONG> (Thumb, 78 bytes, Stack size 16 bytes, h1_free.o(.text))
<BR><BR>[Stack]<UL><LI>Max Depth = 16<LI>Call Chain = free
</UL>
<BR>[Calls]<UL><LI><a href="#[e8]">&gt;&gt;</a>&nbsp;&nbsp;&nbsp;__rt_heap_descriptor
</UL>
<BR>[Called By]<UL><LI><a href="#[1db]">&gt;&gt;</a>&nbsp;&nbsp;&nbsp;forward_lite_conv2d_if32of32wf32_pool
<LI><a href="#[eb]">&gt;&gt;</a>&nbsp;&nbsp;&nbsp;__Heap_ProvideMemory
</UL>

<P><STRONG><a name="[19e]"></a>__aeabi_uldivmod</STRONG> (Thumb, 0 bytes, Stack size 48 bytes, lludivv7m.o(.text))
<BR><BR>[Stack]<UL><LI>Max Depth = 48<LI>Call Chain = __aeabi_uldivmod
</UL>
<BR>[Called By]<UL><LI><a href="#[16a]">&gt;&gt;</a>&nbsp;&nbsp;&nbsp;UART_SetConfig
</UL>

<P><STRONG><a name="[20e]"></a>_ll_udiv</STRONG> (Thumb, 238 bytes, Stack size 48 bytes, lludivv7m.o(.text), UNUSED)

<P><STRONG><a name="[1bc]"></a>memcmp</STRONG> (Thumb, 88 bytes, Stack size 8 bytes, memcmp.o(.text))
<BR><BR>[Stack]<UL><LI>Max Depth = 8<LI>Call Chain = memcmp
</UL>
<BR>[Called By]<UL><LI><a href="#[1bb]">&gt;&gt;</a>&nbsp;&nbsp;&nbsp;ai_check_custom_types
</UL>

<P><STRONG><a name="[149]"></a>__aeabi_memcpy4</STRONG> (Thumb, 0 bytes, Stack size 8 bytes, rt_memcpy_w.o(.text))
<BR><BR>[Stack]<UL><LI>Max Depth = 8<LI>Call Chain = __aeabi_memcpy4
</UL>
<BR>[Called By]<UL><LI><a href="#[9]">&gt;&gt;</a>&nbsp;&nbsp;&nbsp;forward_dense
<LI><a href="#[1c5]">&gt;&gt;</a>&nbsp;&nbsp;&nbsp;ai_platform_network_init
<LI><a href="#[148]">&gt;&gt;</a>&nbsp;&nbsp;&nbsp;HAL_LTDC_ConfigLayer
<LI><a href="#[1a9]">&gt;&gt;</a>&nbsp;&nbsp;&nbsp;_platform_ai_buffer_array_copy
<LI><a href="#[1a7]">&gt;&gt;</a>&nbsp;&nbsp;&nbsp;_ai_platform_get_io_buffers_info
</UL>

<P><STRONG><a name="[20f]"></a>__aeabi_memcpy8</STRONG> (Thumb, 0 bytes, Stack size 8 bytes, rt_memcpy_w.o(.text), UNUSED)

<P><STRONG><a name="[210]"></a>__rt_memcpy_w</STRONG> (Thumb, 100 bytes, Stack size 8 bytes, rt_memcpy_w.o(.text), UNUSED)

<P><STRONG><a name="[211]"></a>_memcpy_lastbytes_aligned</STRONG> (Thumb, 0 bytes, Stack size unknown bytes, rt_memcpy_w.o(.text), UNUSED)

<P><STRONG><a name="[16c]"></a>__aeabi_memclr4</STRONG> (Thumb, 0 bytes, Stack size 4 bytes, rt_memclr_w.o(.text))
<BR><BR>[Stack]<UL><LI>Max Depth = 4<LI>Call Chain = __aeabi_memclr4
</UL>
<BR>[Called By]<UL><LI><a href="#[168]">&gt;&gt;</a>&nbsp;&nbsp;&nbsp;HAL_UART_MspInit
<LI><a href="#[190]">&gt;&gt;</a>&nbsp;&nbsp;&nbsp;MX_GPIO_Init
<LI><a href="#[199]">&gt;&gt;</a>&nbsp;&nbsp;&nbsp;SystemClock_Config
<LI><a href="#[1a7]">&gt;&gt;</a>&nbsp;&nbsp;&nbsp;_ai_platform_get_io_buffers_info
</UL>

<P><STRONG><a name="[212]"></a>__aeabi_memclr8</STRONG> (Thumb, 0 bytes, Stack size 4 bytes, rt_memclr_w.o(.text), UNUSED)

<P><STRONG><a name="[213]"></a>__rt_memclr_w</STRONG> (Thumb, 78 bytes, Stack size 4 bytes, rt_memclr_w.o(.text), UNUSED)

<P><STRONG><a name="[214]"></a>_memset_w</STRONG> (Thumb, 0 bytes, Stack size unknown bytes, rt_memclr_w.o(.text), UNUSED)

<P><STRONG><a name="[215]"></a>__use_two_region_memory</STRONG> (Thumb, 2 bytes, Stack size 0 bytes, heapauxi.o(.text), UNUSED)

<P><STRONG><a name="[3]"></a>__rt_heap_escrow</STRONG> (Thumb, 2 bytes, Stack size 0 bytes, heapauxi.o(.text), UNUSED)

<P><STRONG><a name="[2]"></a>__rt_heap_expand</STRONG> (Thumb, 2 bytes, Stack size 0 bytes, heapauxi.o(.text), UNUSED)

<P><STRONG><a name="[e8]"></a>__rt_heap_descriptor</STRONG> (Thumb, 8 bytes, Stack size 0 bytes, rt_heap_descriptor_intlibspace.o(.text))
<BR><BR>[Called By]<UL><LI><a href="#[ea]">&gt;&gt;</a>&nbsp;&nbsp;&nbsp;free
<LI><a href="#[e7]">&gt;&gt;</a>&nbsp;&nbsp;&nbsp;malloc
<LI><a href="#[db]">&gt;&gt;</a>&nbsp;&nbsp;&nbsp;_init_alloc
</UL>

<P><STRONG><a name="[216]"></a>__use_no_heap</STRONG> (Thumb, 2 bytes, Stack size 0 bytes, hguard.o(.text), UNUSED)

<P><STRONG><a name="[217]"></a>__heap$guard</STRONG> (Thumb, 2 bytes, Stack size 0 bytes, hguard.o(.text), UNUSED)

<P><STRONG><a name="[7]"></a>_terminate_user_alloc</STRONG> (Thumb, 2 bytes, Stack size 0 bytes, init_alloc.o(.text), UNUSED)

<P><STRONG><a name="[5]"></a>_init_user_alloc</STRONG> (Thumb, 2 bytes, Stack size 0 bytes, init_alloc.o(.text), UNUSED)

<P><STRONG><a name="[e9]"></a>__Heap_Full</STRONG> (Thumb, 34 bytes, Stack size 16 bytes, init_alloc.o(.text))
<BR><BR>[Stack]<UL><LI>Max Depth = 32<LI>Call Chain = __Heap_Full &rArr; __Heap_ProvideMemory &rArr; free
</UL>
<BR>[Calls]<UL><LI><a href="#[eb]">&gt;&gt;</a>&nbsp;&nbsp;&nbsp;__Heap_ProvideMemory
</UL>
<BR>[Called By]<UL><LI><a href="#[e7]">&gt;&gt;</a>&nbsp;&nbsp;&nbsp;malloc
</UL>

<P><STRONG><a name="[ec]"></a>__Heap_Broken</STRONG> (Thumb, 6 bytes, Stack size 0 bytes, init_alloc.o(.text), UNUSED)
<BR><BR>[Calls]<UL><LI><a href="#[ed]">&gt;&gt;</a>&nbsp;&nbsp;&nbsp;__rt_SIGRTMEM
</UL>

<P><STRONG><a name="[db]"></a>_init_alloc</STRONG> (Thumb, 94 bytes, Stack size 24 bytes, init_alloc.o(.text))
<BR><BR>[Stack]<UL><LI>Max Depth = 64<LI>Call Chain = _init_alloc &rArr; __rt_SIGRTMEM &rArr; __rt_SIGRTMEM_inner &rArr; __default_signal_display &rArr; _ttywrch
</UL>
<BR>[Calls]<UL><LI><a href="#[ed]">&gt;&gt;</a>&nbsp;&nbsp;&nbsp;__rt_SIGRTMEM
<LI><a href="#[eb]">&gt;&gt;</a>&nbsp;&nbsp;&nbsp;__Heap_ProvideMemory
<LI><a href="#[ee]">&gt;&gt;</a>&nbsp;&nbsp;&nbsp;__Heap_Initialize
<LI><a href="#[e8]">&gt;&gt;</a>&nbsp;&nbsp;&nbsp;__rt_heap_descriptor
</UL>
<BR>[Called By]<UL><LI><a href="#[da]">&gt;&gt;</a>&nbsp;&nbsp;&nbsp;__rt_lib_init_heap_2
</UL>

<P><STRONG><a name="[ee]"></a>__Heap_Initialize</STRONG> (Thumb, 10 bytes, Stack size 0 bytes, h1_init.o(.text))
<BR><BR>[Called By]<UL><LI><a href="#[db]">&gt;&gt;</a>&nbsp;&nbsp;&nbsp;_init_alloc
</UL>

<P><STRONG><a name="[4]"></a>__Heap_DescSize</STRONG> (Thumb, 4 bytes, Stack size 0 bytes, h1_init.o(.text), UNUSED)

<P><STRONG><a name="[218]"></a>__user_libspace</STRONG> (Thumb, 8 bytes, Stack size 0 bytes, libspace.o(.text), UNUSED)

<P><STRONG><a name="[f1]"></a>__user_perproc_libspace</STRONG> (Thumb, 0 bytes, Stack size 0 bytes, libspace.o(.text))
<BR><BR>[Called By]<UL><LI><a href="#[dd]">&gt;&gt;</a>&nbsp;&nbsp;&nbsp;__user_setup_stackheap
</UL>

<P><STRONG><a name="[219]"></a>__user_perthread_libspace</STRONG> (Thumb, 0 bytes, Stack size 0 bytes, libspace.o(.text), UNUSED)

<P><STRONG><a name="[eb]"></a>__Heap_ProvideMemory</STRONG> (Thumb, 52 bytes, Stack size 0 bytes, h1_extend.o(.text))
<BR><BR>[Stack]<UL><LI>Max Depth = 16<LI>Call Chain = __Heap_ProvideMemory &rArr; free
</UL>
<BR>[Calls]<UL><LI><a href="#[ea]">&gt;&gt;</a>&nbsp;&nbsp;&nbsp;free
</UL>
<BR>[Called By]<UL><LI><a href="#[db]">&gt;&gt;</a>&nbsp;&nbsp;&nbsp;_init_alloc
<LI><a href="#[e9]">&gt;&gt;</a>&nbsp;&nbsp;&nbsp;__Heap_Full
</UL>

<P><STRONG><a name="[ed]"></a>__rt_SIGRTMEM</STRONG> (Thumb, 14 bytes, Stack size 8 bytes, defsig_rtmem_outer.o(.text))
<BR><BR>[Stack]<UL><LI>Max Depth = 40<LI>Call Chain = __rt_SIGRTMEM &rArr; __rt_SIGRTMEM_inner &rArr; __default_signal_display &rArr; _ttywrch
</UL>
<BR>[Calls]<UL><LI><a href="#[ef]">&gt;&gt;</a>&nbsp;&nbsp;&nbsp;__rt_SIGRTMEM_inner
<LI><a href="#[f0]">&gt;&gt;</a>&nbsp;&nbsp;&nbsp;__sig_exit
</UL>
<BR>[Called By]<UL><LI><a href="#[db]">&gt;&gt;</a>&nbsp;&nbsp;&nbsp;_init_alloc
<LI><a href="#[ec]">&gt;&gt;</a>&nbsp;&nbsp;&nbsp;__Heap_Broken
</UL>

<P><STRONG><a name="[21a]"></a>__I$use$semihosting</STRONG> (Thumb, 0 bytes, Stack size 0 bytes, use_no_semi.o(.text), UNUSED)

<P><STRONG><a name="[21b]"></a>__use_no_semihosting_swi</STRONG> (Thumb, 2 bytes, Stack size 0 bytes, use_no_semi.o(.text), UNUSED)

<P><STRONG><a name="[21c]"></a>__semihosting_library_function</STRONG> (Thumb, 0 bytes, Stack size 8 bytes, indicate_semi.o(.text), UNUSED)

<P><STRONG><a name="[dd]"></a>__user_setup_stackheap</STRONG> (Thumb, 74 bytes, Stack size 8 bytes, sys_stackheap_outer.o(.text))
<BR><BR>[Stack]<UL><LI>Max Depth = 8 + Unknown Stack Size
<LI>Call Chain = __user_setup_stackheap
</UL>
<BR>[Calls]<UL><LI><a href="#[f2]">&gt;&gt;</a>&nbsp;&nbsp;&nbsp;__user_initial_stackheap
<LI><a href="#[f1]">&gt;&gt;</a>&nbsp;&nbsp;&nbsp;__user_perproc_libspace
</UL>
<BR>[Called By]<UL><LI><a href="#[dc]">&gt;&gt;</a>&nbsp;&nbsp;&nbsp;__rt_entry_sh
</UL>

<P><STRONG><a name="[e2]"></a>exit</STRONG> (Thumb, 18 bytes, Stack size 8 bytes, exit.o(.text))
<BR><BR>[Stack]<UL><LI>Max Depth = 8 + Unknown Stack Size
<LI>Call Chain = exit
</UL>
<BR>[Calls]<UL><LI><a href="#[f3]">&gt;&gt;</a>&nbsp;&nbsp;&nbsp;__rt_exit
</UL>
<BR>[Called By]<UL><LI><a href="#[e0]">&gt;&gt;</a>&nbsp;&nbsp;&nbsp;__rt_entry_main
</UL>

<P><STRONG><a name="[f0]"></a>__sig_exit</STRONG> (Thumb, 10 bytes, Stack size 0 bytes, defsig_exit.o(.text))
<BR><BR>[Calls]<UL><LI><a href="#[e6]">&gt;&gt;</a>&nbsp;&nbsp;&nbsp;_sys_exit
</UL>
<BR>[Called By]<UL><LI><a href="#[ed]">&gt;&gt;</a>&nbsp;&nbsp;&nbsp;__rt_SIGRTMEM
</UL>

<P><STRONG><a name="[ef]"></a>__rt_SIGRTMEM_inner</STRONG> (Thumb, 22 bytes, Stack size 8 bytes, defsig_rtmem_inner.o(.text))
<BR><BR>[Stack]<UL><LI>Max Depth = 32<LI>Call Chain = __rt_SIGRTMEM_inner &rArr; __default_signal_display &rArr; _ttywrch
</UL>
<BR>[Calls]<UL><LI><a href="#[f4]">&gt;&gt;</a>&nbsp;&nbsp;&nbsp;__default_signal_display
</UL>
<BR>[Called By]<UL><LI><a href="#[ed]">&gt;&gt;</a>&nbsp;&nbsp;&nbsp;__rt_SIGRTMEM
</UL>

<P><STRONG><a name="[e6]"></a>_sys_exit</STRONG> (Thumb, 8 bytes, Stack size 0 bytes, sys_exit.o(.text))
<BR><BR>[Called By]<UL><LI><a href="#[e5]">&gt;&gt;</a>&nbsp;&nbsp;&nbsp;__rt_exit_exit
<LI><a href="#[f0]">&gt;&gt;</a>&nbsp;&nbsp;&nbsp;__sig_exit
</UL>

<P><STRONG><a name="[f4]"></a>__default_signal_display</STRONG> (Thumb, 50 bytes, Stack size 16 bytes, defsig_general.o(.text))
<BR><BR>[Stack]<UL><LI>Max Depth = 24<LI>Call Chain = __default_signal_display &rArr; _ttywrch
</UL>
<BR>[Calls]<UL><LI><a href="#[f5]">&gt;&gt;</a>&nbsp;&nbsp;&nbsp;_ttywrch
</UL>
<BR>[Called By]<UL><LI><a href="#[ef]">&gt;&gt;</a>&nbsp;&nbsp;&nbsp;__rt_SIGRTMEM_inner
</UL>

<P><STRONG><a name="[f5]"></a>_ttywrch</STRONG> (Thumb, 14 bytes, Stack size 8 bytes, sys_wrch.o(.text))
<BR><BR>[Stack]<UL><LI>Max Depth = 8<LI>Call Chain = _ttywrch
</UL>
<BR>[Called By]<UL><LI><a href="#[f4]">&gt;&gt;</a>&nbsp;&nbsp;&nbsp;__default_signal_display
</UL>

<P><STRONG><a name="[f6]"></a>AI_Run</STRONG> (Thumb, 40 bytes, Stack size 8 bytes, main.o(i.AI_Run))
[...]
</UL>
<BR>[Called By]<UL><LI><a href="#[13e]">&gt;&gt;</a>&nbsp;&nbsp;&nbsp;HAL_I2C_Mem_Write
<LI><a href="#[139]">&gt;&gt;</a>&nbsp;&nbsp;&nbsp;HAL_I2C_Mem_Read
</UL>

<P><STRONG><a name="[140]"></a>I2C_WaitOnTXISFlagUntilTimeout</STRONG> (Thumb, 92 bytes, Stack size 16 bytes, stm32h7xx_hal_i2c.o(i.I2C_WaitOnTXISFlagUntilTimeout))
<BR><BR>[Stack]<UL><LI>Max Depth = 48<LI>Call Chain = I2C_WaitOnTXISFlagUntilTimeout &rArr; I2C_IsErrorOccurred
</UL>
<BR>[Calls]<UL><LI><a href="#[f9]">&gt;&gt;</a>&nbsp;&nbsp;&nbsp;HAL_GetTick
<LI><a href="#[170]">&gt;&gt;</a>&nbsp;&nbsp;&nbsp;I2C_IsErrorOccurred
</UL>
<BR>[Called By]<UL><LI><a href="#[13e]">&gt;&gt;</a>&nbsp;&nbsp;&nbsp;HAL_I2C_Mem_Write
<LI><a href="#[13f]">&gt;&gt;</a>&nbsp;&nbsp;&nbsp;I2C_RequestMemoryWrite
<LI><a href="#[13b]">&gt;&gt;</a>&nbsp;&nbsp;&nbsp;I2C_RequestMemoryRead
</UL>

<P><STRONG><a name="[19f]"></a>UART_EndRxTransfer</STRONG> (Thumb, 78 bytes, Stack size 8 bytes, stm32h7xx_hal_uart.o(i.UART_EndRxTransfer))
<BR><BR>[Stack]<UL><LI>Max Depth = 8<LI>Call Chain = UART_EndRxTransfer
</UL>
<BR>[Called By]<UL><LI><a href="#[19b]">&gt;&gt;</a>&nbsp;&nbsp;&nbsp;UART_WaitOnFlagUntilTimeout
</UL>

<P><STRONG><a name="[165]"></a>UARTEx_SetNbDataToProcess</STRONG> (Thumb, 62 bytes, Stack size 12 bytes, stm32h7xx_hal_uart_ex.o(i.UARTEx_SetNbDataToProcess))
<BR><BR>[Stack]<UL><LI>Max Depth = 12<LI>Call Chain = UARTEx_SetNbDataToProcess
</UL>
<BR>[Called By]<UL><LI><a href="#[166]">&gt;&gt;</a>&nbsp;&nbsp;&nbsp;HAL_UARTEx_SetTxFifoThreshold
<LI><a href="#[164]">&gt;&gt;</a>&nbsp;&nbsp;&nbsp;HAL_UARTEx_SetRxFifoThreshold
</UL>

<P><STRONG><a name="[196]"></a>OTM8009A_IO_Delay</STRONG> (Thumb, 26 bytes, Stack size 16 bytes, otm8009a.o(i.OTM8009A_IO_Delay))
<BR><BR>[Stack]<UL><LI>Max Depth = 16<LI>Call Chain = OTM8009A_IO_Delay
</UL>
<BR>[Called By]<UL><LI><a href="#[186]">&gt;&gt;</a>&nbsp;&nbsp;&nbsp;OTM8009A_Init
</UL>

<P><STRONG><a name="[c7]"></a>OTM8009A_ReadRegWrap</STRONG> (Thumb, 14 bytes, Stack size 8 bytes, otm8009a.o(i.OTM8009A_ReadRegWrap))
<BR><BR>[Stack]<UL><LI>Max Depth = 8<LI>Call Chain = OTM8009A_ReadRegWrap
</UL>
<BR>[Address Reference Count : 1]<UL><LI> otm8009a.o(i.OTM8009A_RegisterBusIO)
</UL>
<P><STRONG><a name="[c8]"></a>OTM8009A_WriteRegWrap</STRONG> (Thumb, 14 bytes, Stack size 8 bytes, otm8009a.o(i.OTM8009A_WriteRegWrap))
<BR><BR>[Stack]<UL><LI>Max Depth = 8<LI>Call Chain = OTM8009A_WriteRegWrap
</UL>
<BR>[Address Reference Count : 1]<UL><LI> otm8009a.o(i.OTM8009A_RegisterBusIO)
</UL>
<P><STRONG><a name="[119]"></a>FT6X06_DetectTouch</STRONG> (Thumb, 30 bytes, Stack size 8 bytes, ft6x06.o(i.FT6X06_DetectTouch))
<BR><BR>[Stack]<UL><LI>Max Depth = 24<LI>Call Chain = FT6X06_DetectTouch &rArr; ft6x06_td_status &rArr; ft6x06_read_reg
</UL>
<BR>[Calls]<UL><LI><a href="#[11a]">&gt;&gt;</a>&nbsp;&nbsp;&nbsp;ft6x06_td_status
</UL>
<BR>[Called By]<UL><LI><a href="#[12]">&gt;&gt;</a>&nbsp;&nbsp;&nbsp;FT6X06_GetState
<LI><a href="#[13]">&gt;&gt;</a>&nbsp;&nbsp;&nbsp;FT6X06_GetMultiTouchState
</UL>

<P><STRONG><a name="[c3]"></a>ReadRegWrap</STRONG> (Thumb, 14 bytes, Stack size 8 bytes, ft6x06.o(i.ReadRegWrap))
<BR><BR>[Stack]<UL><LI>Max Depth = 8<LI>Call Chain = ReadRegWrap
</UL>
<BR>[Address Reference Count : 1]<UL><LI> ft6x06.o(i.FT6X06_RegisterBusIO)
</UL>
<P><STRONG><a name="[c4]"></a>WriteRegWrap</STRONG> (Thumb, 14 bytes, Stack size 8 bytes, ft6x06.o(i.WriteRegWrap))
<BR><BR>[Stack]<UL><LI>Max Depth = 8<LI>Call Chain = WriteRegWrap
</UL>
<BR>[Address Reference Count : 1]<UL><LI> ft6x06.o(i.FT6X06_RegisterBusIO)
</UL>
<P><STRONG><a name="[1a]"></a>BUTTON_WAKEUP_EXTI_Callback</STRONG> (Thumb, 10 bytes, Stack size 8 bytes, stm32h747i_discovery.o(i.BUTTON_WAKEUP_EXTI_Callback))
<BR><BR>[Stack]<UL><LI>Max Depth = 8<LI>Call Chain = BUTTON_WAKEUP_EXTI_Callback
</UL>
<BR>[Calls]<UL><LI><a href="#[111]">&gt;&gt;</a>&nbsp;&nbsp;&nbsp;BSP_PB_Callback
</UL>
<BR>[Address Reference Count : 1]<UL><LI> stm32h747i_discovery.o(.data)
</UL>
<P><STRONG><a name="[1c]"></a>JOY1_DOWN_EXTI_Callback</STRONG> (Thumb, 12 bytes, Stack size 8 bytes, stm32h747i_discovery.o(i.JOY1_DOWN_EXTI_Callback))
<BR><BR>[Stack]<UL><LI>Max Depth = 8<LI>Call Chain = JOY1_DOWN_EXTI_Callback
</UL>
<BR>[Calls]<UL><LI><a href="#[177]">&gt;&gt;</a>&nbsp;&nbsp;&nbsp;BSP_JOY_Callback
</UL>
<BR>[Address Reference Count : 1]<UL><LI> stm32h747i_discovery.o(.data)
</UL>
<P><STRONG><a name="[1d]"></a>JOY1_LEFT_EXTI_Callback</STRONG> (Thumb, 12 bytes, Stack size 8 bytes, stm32h747i_discovery.o(i.JOY1_LEFT_EXTI_Callback))
<BR><BR>[Stack]<UL><LI>Max Depth = 8<LI>Call Chain = JOY1_LEFT_EXTI_Callback
</UL>
<BR>[Calls]<UL><LI><a href="#[177]">&gt;&gt;</a>&nbsp;&nbsp;&nbsp;BSP_JOY_Callback
</UL>
<BR>[Address Reference Count : 1]<UL><LI> stm32h747i_discovery.o(.data)
</UL>
<P><STRONG><a name="[1e]"></a>JOY1_RIGHT_EXTI_Callback</STRONG> (Thumb, 12 bytes, Stack size 8 bytes, stm32h747i_discovery.o(i.JOY1_RIGHT_EXTI_Callback))
<BR><BR>[Stack]<UL><LI>Max Depth = 8<LI>Call Chain = JOY1_RIGHT_EXTI_Callback
</UL>
<BR>[Calls]<UL><LI><a href="#[177]">&gt;&gt;</a>&nbsp;&nbsp;&nbsp;BSP_JOY_Callback
</UL>
<BR>[Address Reference Count : 1]<UL><LI> stm32h747i_discovery.o(.data)
</UL>
<P><STRONG><a name="[1b]"></a>JOY1_SEL_EXTI_Callback</STRONG> (Thumb, 12 bytes, Stack size 8 bytes, stm32h747i_discovery.o(i.JOY1_SEL_EXTI_Callback))
<BR><BR>[Stack]<UL><LI>Max Depth = 8<LI>Call Chain = JOY1_SEL_EXTI_Callback
</UL>
<BR>[Calls]<UL><LI><a href="#[177]">&gt;&gt;</a>&nbsp;&nbsp;&nbsp;BSP_JOY_Callback
</UL>
<BR>[Address Reference Count : 1]<UL><LI> stm32h747i_discovery.o(.data)
</UL>
<P><STRONG><a name="[1f]"></a>JOY1_UP_EXTI_Callback</STRONG> (Thumb, 12 bytes, Stack size 8 bytes, stm32h747i_discovery.o(i.JOY1_UP_EXTI_Callback))
<BR><BR>[Stack]<UL><LI>Max Depth = 8<LI>Call Chain = JOY1_UP_EXTI_Callback
</UL>
<BR>[Calls]<UL><LI><a href="#[177]">&gt;&gt;</a>&nbsp;&nbsp;&nbsp;BSP_JOY_Callback
</UL>
<BR>[Address Reference Count : 1]<UL><LI> stm32h747i_discovery.o(.data)
</UL>
<P><STRONG><a name="[fd]"></a>I2C4_MspInit</STRONG> (Thumb, 126 bytes, Stack size 48 bytes, stm32h747i_discovery_bus.o(i.I2C4_MspInit))
<BR><BR>[Stack]<UL><LI>Max Depth = 88<LI>Call Chain = I2C4_MspInit &rArr; HAL_GPIO_Init
</UL>
<BR>[Calls]<UL><LI><a href="#[107]">&gt;&gt;</a>&nbsp;&nbsp;&nbsp;HAL_GPIO_Init
</UL>
<BR>[Called By]<UL><LI><a href="#[be]">&gt;&gt;</a>&nbsp;&nbsp;&nbsp;BSP_I2C4_Init
</UL>

<P><STRONG><a name="[101]"></a>I2C4_ReadReg</STRONG> (Thumb, 34 bytes, Stack size 24 bytes, stm32h747i_discovery_bus.o(i.I2C4_ReadReg))
<BR><BR>[Stack]<UL><LI>Max Depth = 176<LI>Call Chain = I2C4_ReadReg &rArr; HAL_I2C_Mem_Read &rArr; I2C_RequestMemoryRead &rArr; I2C_WaitOnFlagUntilTimeout &rArr; I2C_IsErrorOccurred
</UL>
<BR>[Calls]<UL><LI><a href="#[139]">&gt;&gt;</a>&nbsp;&nbsp;&nbsp;HAL_I2C_Mem_Read
</UL>
<BR>[Called By]<UL><LI><a href="#[c0]">&gt;&gt;</a>&nbsp;&nbsp;&nbsp;BSP_I2C4_ReadReg
</UL>

<P><STRONG><a name="[103]"></a>I2C4_WriteReg</STRONG> (Thumb, 34 bytes, Stack size 24 bytes, stm32h747i_discovery_bus.o(i.I2C4_WriteReg))
<BR><BR>[Stack]<UL><LI>Max Depth = 176<LI>Call Chain = I2C4_WriteReg &rArr; HAL_I2C_Mem_Write &rArr; I2C_RequestMemoryWrite &rArr; I2C_WaitOnFlagUntilTimeout &rArr; I2C_IsErrorOccurred
</UL>
<BR>[Calls]<UL><LI><a href="#[13e]">&gt;&gt;</a>&nbsp;&nbsp;&nbsp;HAL_I2C_Mem_Write
</UL>
<BR>[Called By]<UL><LI><a href="#[c1]">&gt;&gt;</a>&nbsp;&nbsp;&nbsp;BSP_I2C4_WriteReg
</UL>

<P><STRONG><a name="[16e]"></a>I2C_Compute_PRESC_SCLDEL_SDADEL</STRONG> (Thumb, 184 bytes, Stack size 36 bytes, stm32h747i_discovery_bus.o(i.I2C_Compute_PRESC_SCLDEL_SDADEL))
<BR><BR>[Stack]<UL><LI>Max Depth = 36<LI>Call Chain = I2C_Compute_PRESC_SCLDEL_SDADEL
</UL>
<BR>[Called By]<UL><LI><a href="#[ff]">&gt;&gt;</a>&nbsp;&nbsp;&nbsp;I2C_GetTiming
</UL>

<P><STRONG><a name="[16f]"></a>I2C_Compute_SCLL_SCLH</STRONG> (Thumb, 260 bytes, Stack size 68 bytes, stm32h747i_discovery_bus.o(i.I2C_Compute_SCLL_SCLH))
<BR><BR>[Stack]<UL><LI>Max Depth = 68<LI>Call Chain = I2C_Compute_SCLL_SCLH
</UL>
<BR>[Called By]<UL><LI><a href="#[ff]">&gt;&gt;</a>&nbsp;&nbsp;&nbsp;I2C_GetTiming
</UL>

<P><STRONG><a name="[ff]"></a>I2C_GetTiming</STRONG> (Thumb, 118 bytes, Stack size 16 bytes, stm32h747i_discovery_bus.o(i.I2C_GetTiming))
<BR><BR>[Stack]<UL><LI>Max Depth = 84<LI>Call Chain = I2C_GetTiming &rArr; I2C_Compute_SCLL_SCLH
</UL>
<BR>[Calls]<UL><LI><a href="#[16f]">&gt;&gt;</a>&nbsp;&nbsp;&nbsp;I2C_Compute_SCLL_SCLH
<LI><a href="#[16e]">&gt;&gt;</a>&nbsp;&nbsp;&nbsp;I2C_Compute_PRESC_SCLDEL_SDADEL
</UL>
<BR>[Called By]<UL><LI><a href="#[be]">&gt;&gt;</a>&nbsp;&nbsp;&nbsp;BSP_I2C4_Init
</UL>

<P><STRONG><a name="[104]"></a>LL_ConvertLineToRGB</STRONG> (Thumb, 120 bytes, Stack size 32 bytes, stm32h747i_discovery_lcd.o(i.LL_ConvertLineToRGB))
<BR><BR>[Stack]<UL><LI>Max Depth = 76<LI>Call Chain = LL_ConvertLineToRGB &rArr; HAL_DMA2D_Start &rArr; DMA2D_SetConfig
</UL>
<BR>[Calls]<UL><LI><a href="#[12c]">&gt;&gt;</a>&nbsp;&nbsp;&nbsp;HAL_DMA2D_Start
<LI><a href="#[12b]">&gt;&gt;</a>&nbsp;&nbsp;&nbsp;HAL_DMA2D_PollForTransfer
<LI><a href="#[129]">&gt;&gt;</a>&nbsp;&nbsp;&nbsp;HAL_DMA2D_Init
<LI><a href="#[18a]">&gt;&gt;</a>&nbsp;&nbsp;&nbsp;HAL_DMA2D_ConfigLayer
</UL>
<BR>[Called By]<UL><LI><a href="#[c9]">&gt;&gt;</a>&nbsp;&nbsp;&nbsp;BSP_LCD_DrawBitmap
</UL>

<P><STRONG><a name="[105]"></a>LL_FillBuffer</STRONG> (Thumb, 168 bytes, Stack size 24 bytes, stm32h747i_discovery_lcd.o(i.LL_FillBuffer))
<BR><BR>[Stack]<UL><LI>Max Depth = 68<LI>Call Chain = LL_FillBuffer &rArr; HAL_DMA2D_Start &rArr; DMA2D_SetConfig
</UL>
<BR>[Calls]<UL><LI><a href="#[12c]">&gt;&gt;</a>&nbsp;&nbsp;&nbsp;HAL_DMA2D_Start
<LI><a href="#[12b]">&gt;&gt;</a>&nbsp;&nbsp;&nbsp;HAL_DMA2D_PollForTransfer
<LI><a href="#[129]">&gt;&gt;</a>&nbsp;&nbsp;&nbsp;HAL_DMA2D_Init
<LI><a href="#[18a]">&gt;&gt;</a>&nbsp;&nbsp;&nbsp;HAL_DMA2D_ConfigLayer
</UL>
<BR>[Called By]<UL><LI><a href="#[cd]">&gt;&gt;</a>&nbsp;&nbsp;&nbsp;BSP_LCD_FillRect
<LI><a href="#[cc]">&gt;&gt;</a>&nbsp;&nbsp;&nbsp;BSP_LCD_DrawVLine
<LI><a href="#[cb]">&gt;&gt;</a>&nbsp;&nbsp;&nbsp;BSP_LCD_DrawHLine
</UL>

<P><STRONG><a name="[10c]"></a>SDRAM_MspInit</STRONG> (Thumb, 322 bytes, Stack size 48 bytes, stm32h747i_discovery_sdram.o(i.SDRAM_MspInit))
<BR><BR>[Stack]<UL><LI>Max Depth = 88<LI>Call Chain = SDRAM_MspInit &rArr; HAL_GPIO_Init
</UL>
<BR>[Calls]<UL><LI><a href="#[107]">&gt;&gt;</a>&nbsp;&nbsp;&nbsp;HAL_GPIO_Init
<LI><a href="#[147]">&gt;&gt;</a>&nbsp;&nbsp;&nbsp;HAL_NVIC_SetPriority
<LI><a href="#[189]">&gt;&gt;</a>&nbsp;&nbsp;&nbsp;HAL_NVIC_EnableIRQ
<LI><a href="#[14f]">&gt;&gt;</a>&nbsp;&nbsp;&nbsp;HAL_MDMA_Init
<LI><a href="#[197]">&gt;&gt;</a>&nbsp;&nbsp;&nbsp;HAL_MDMA_DeInit
</UL>
<BR>[Called By]<UL><LI><a href="#[10b]">&gt;&gt;</a>&nbsp;&nbsp;&nbsp;BSP_SDRAM_Init
</UL>

<P><STRONG><a name="[110]"></a>FT6X06_Probe</STRONG> (Thumb, 132 bytes, Stack size 72 bytes, stm32h747i_discovery_ts.o(i.FT6X06_Probe))
<BR><BR>[Stack]<UL><LI>Max Depth = 104<LI>Call Chain = FT6X06_Probe &rArr; FT6X06_ReadID &rArr; ft6x06_chip_id &rArr; ft6x06_read_reg
</UL>
<BR>[Calls]<UL><LI><a href="#[124]">&gt;&gt;</a>&nbsp;&nbsp;&nbsp;FT6X06_RegisterBusIO
<LI><a href="#[11]">&gt;&gt;</a>&nbsp;&nbsp;&nbsp;FT6X06_ReadID
<LI><a href="#[15]">&gt;&gt;</a>&nbsp;&nbsp;&nbsp;FT6X06_GetCapabilities
</UL>
<BR>[Called By]<UL><LI><a href="#[10f]">&gt;&gt;</a>&nbsp;&nbsp;&nbsp;BSP_TS_Init
</UL>

<P><STRONG><a name="[20]"></a>TS_EXTI_Callback</STRONG> (Thumb, 10 bytes, Stack size 8 bytes, stm32h747i_discovery_ts.o(i.TS_EXTI_Callback))
<BR><BR>[Stack]<UL><LI>Max Depth = 8<LI>Call Chain = TS_EXTI_Callback
</UL>
<BR>[Calls]<UL><LI><a href="#[19a]">&gt;&gt;</a>&nbsp;&nbsp;&nbsp;BSP_TS_Callback
</UL>
<BR>[Address Reference Count : 1]<UL><LI> stm32h747i_discovery_ts.o(.data)
</UL>
<P><STRONG><a name="[117]"></a>DrawChar</STRONG> (Thumb, 262 bytes, Stack size 200 bytes, stm32_lcd.o(i.DrawChar))
<BR><BR>[Stack]<UL><LI>Max Depth = 224<LI>Call Chain = DrawChar &rArr; UTIL_LCD_FillRGBRect
</UL>
<BR>[Calls]<UL><LI><a href="#[118]">&gt;&gt;</a>&nbsp;&nbsp;&nbsp;UTIL_LCD_FillRGBRect
</UL>
<BR>[Called By]<UL><LI><a href="#[1a0]">&gt;&gt;</a>&nbsp;&nbsp;&nbsp;UTIL_LCD_DisplayChar
</UL>

<P><STRONG><a name="[1a7]"></a>_ai_platform_get_io_buffers_info</STRONG> (Thumb, 220 bytes, Stack size 136 bytes, ai_platform_interface.o(i._ai_platform_get_io_buffers_info))
<BR><BR>[Stack]<UL><LI>Max Depth = 152<LI>Call Chain = _ai_platform_get_io_buffers_info &rArr; ai_array_to_buffer_fmt
</UL>
<BR>[Calls]<UL><LI><a href="#[1a8]">&gt;&gt;</a>&nbsp;&nbsp;&nbsp;ai_array_to_buffer_fmt
<LI><a href="#[16c]">&gt;&gt;</a>&nbsp;&nbsp;&nbsp;__aeabi_memclr4
<LI><a href="#[149]">&gt;&gt;</a>&nbsp;&nbsp;&nbsp;__aeabi_memcpy4
</UL>
<BR>[Called By]<UL><LI><a href="#[1ca]">&gt;&gt;</a>&nbsp;&nbsp;&nbsp;ai_platform_outputs_get
<LI><a href="#[1c9]">&gt;&gt;</a>&nbsp;&nbsp;&nbsp;ai_platform_inputs_get
</UL>

<P><STRONG><a name="[1a9]"></a>_platform_ai_buffer_array_copy</STRONG> (Thumb, 74 bytes, Stack size 16 bytes, ai_platform_interface.o(i._platform_ai_buffer_array_copy))
<BR><BR>[Stack]<UL><LI>Max Depth = 24<LI>Call Chain = _platform_ai_buffer_array_copy &rArr; __aeabi_memcpy4
</UL>
<BR>[Calls]<UL><LI><a href="#[149]">&gt;&gt;</a>&nbsp;&nbsp;&nbsp;__aeabi_memcpy4
</UL>
<BR>[Called By]<UL><LI><a href="#[1c5]">&gt;&gt;</a>&nbsp;&nbsp;&nbsp;ai_platform_network_init
</UL>

<P><STRONG><a name="[1cd]"></a>_platform_get_table_map_from_buffer</STRONG> (Thumb, 74 bytes, Stack size 12 bytes, ai_platform_interface.o(i._platform_get_table_map_from_buffer))
<BR><BR>[Stack]<UL><LI>Max Depth = 12<LI>Call Chain = _platform_get_table_map_from_buffer
</UL>
<BR>[Called By]<UL><LI><a href="#[1ce]">&gt;&gt;</a>&nbsp;&nbsp;&nbsp;ai_platform_get_weights_map
<LI><a href="#[1cc]">&gt;&gt;</a>&nbsp;&nbsp;&nbsp;ai_platform_get_activations_map
</UL>

<P><STRONG><a name="[1aa]"></a>_platform_get_table_map_from_buffer_array</STRONG> (Thumb, 68 bytes, Stack size 16 bytes, ai_platform_interface.o(i._platform_get_table_map_from_buffer_array))
<BR><BR>[Stack]<UL><LI>Max Depth = 16<LI>Call Chain = _platform_get_table_map_from_buffer_array
</UL>
<BR>[Calls]<UL><LI><a href="#[1ab]">&gt;&gt;</a>&nbsp;&nbsp;&nbsp;ai_buffer_array_sane
</UL>
<BR>[Called By]<UL><LI><a href="#[1ce]">&gt;&gt;</a>&nbsp;&nbsp;&nbsp;ai_platform_get_weights_map
<LI><a href="#[1cc]">&gt;&gt;</a>&nbsp;&nbsp;&nbsp;ai_platform_get_activations_map
</UL>

<P><STRONG><a name="[1d3]"></a>_platform_network_buffers_signature_valid</STRONG> (Thumb, 14 bytes, Stack size 0 bytes, ai_platform_interface.o(i._platform_network_buffers_signature_valid))
<BR><BR>[Called By]<UL><LI><a href="#[1c5]">&gt;&gt;</a>&nbsp;&nbsp;&nbsp;ai_platform_network_init
</UL>

<P><STRONG><a name="[1ac]"></a>_platform_network_io_bind</STRONG> (Thumb, 528 bytes, Stack size 48 bytes, ai_platform_interface.o(i._platform_network_io_bind))
<BR><BR>[Stack]<UL><LI>Max Depth = 76<LI>Call Chain = _platform_network_io_bind &rArr; _platform_network_state_setup &rArr; get_tensor_byte_size
</UL>
<BR>[Calls]<UL><LI><a href="#[1b1]">&gt;&gt;</a>&nbsp;&nbsp;&nbsp;ai_platform_network_set_error
<LI><a href="#[1af]">&gt;&gt;</a>&nbsp;&nbsp;&nbsp;get_tensor_byte_size
<LI><a href="#[1a8]">&gt;&gt;</a>&nbsp;&nbsp;&nbsp;ai_array_to_buffer_fmt
<LI><a href="#[1ae]">&gt;&gt;</a>&nbsp;&nbsp;&nbsp;ai_array_get_data_byte_size
<LI><a href="#[1b0]">&gt;&gt;</a>&nbsp;&nbsp;&nbsp;_platform_network_state_setup
<LI><a href="#[1ad]">&gt;&gt;</a>&nbsp;&nbsp;&nbsp;ai_buffer_get_size
</UL>
<BR>[Called By]<UL><LI><a href="#[1cb]">&gt;&gt;</a>&nbsp;&nbsp;&nbsp;ai_platform_network_process
</UL>

<P><STRONG><a name="[1b0]"></a>_platform_network_state_setup</STRONG> (Thumb, 62 bytes, Stack size 16 bytes, ai_platform_interface.o(i._platform_network_state_setup))
<BR><BR>[Stack]<UL><LI>Max Depth = 28<LI>Call Chain = _platform_network_state_setup &rArr; get_tensor_byte_size
</UL>
<BR>[Calls]<UL><LI><a href="#[1af]">&gt;&gt;</a>&nbsp;&nbsp;&nbsp;get_tensor_byte_size
</UL>
<BR>[Called By]<UL><LI><a href="#[1ac]">&gt;&gt;</a>&nbsp;&nbsp;&nbsp;_platform_network_io_bind
</UL>

<P><STRONG><a name="[1b2]"></a>_platform_network_state_update_input</STRONG> (Thumb, 106 bytes, Stack size 24 bytes, ai_platform_interface.o(i._platform_network_state_update_input))
<BR><BR>[Stack]<UL><LI>Max Depth = 44<LI>Call Chain = _platform_network_state_update_input &rArr; st_int8_copy
</UL>
<BR>[Calls]<UL><LI><a href="#[1b3]">&gt;&gt;</a>&nbsp;&nbsp;&nbsp;st_int8_copy
</UL>
<BR>[Called By]<UL><LI><a href="#[1cb]">&gt;&gt;</a>&nbsp;&nbsp;&nbsp;ai_platform_network_process
</UL>

<P><STRONG><a name="[1b4]"></a>_platform_network_state_update_output</STRONG> (Thumb, 128 bytes, Stack size 24 bytes, ai_platform_interface.o(i._platform_network_state_update_output))
<BR><BR>[Stack]<UL><LI>Max Depth = 44<LI>Call Chain = _platform_network_state_update_output &rArr; st_int8_copy
</UL>
<BR>[Calls]<UL><LI><a href="#[1b3]">&gt;&gt;</a>&nbsp;&nbsp;&nbsp;st_int8_copy
</UL>
<BR>[Called By]<UL><LI><a href="#[1cb]">&gt;&gt;</a>&nbsp;&nbsp;&nbsp;ai_platform_network_process
</UL>

<P><STRONG><a name="[1dc]"></a>_ai_dict4_dot_array_f32</STRONG> (Thumb, 300 bytes, Stack size 32 bytes, layers_conv2d_generic_float.o(i._ai_dict4_dot_array_f32))
<BR><BR>[Stack]<UL><LI>Max Depth = 32<LI>Call Chain = _ai_dict4_dot_array_f32
</UL>
<BR>[Called By]<UL><LI><a href="#[9]">&gt;&gt;</a>&nbsp;&nbsp;&nbsp;forward_dense
</UL>

<P><STRONG><a name="[1d7]"></a>core_nl_get_params_byte_size</STRONG> (Thumb, 18 bytes, Stack size 0 bytes, layers_conv2d_generic_float.o(i.core_nl_get_params_byte_size))
<BR><BR>[Stack]<UL><LI>Max Depth = 8<LI>Call Chain = core_nl_get_params_byte_size &rArr; ai_array_get_byte_size
</UL>
<BR>[Calls]<UL><LI><a href="#[1d8]">&gt;&gt;</a>&nbsp;&nbsp;&nbsp;ai_array_get_byte_size
</UL>
<BR>[Called By]<UL><LI><a href="#[b]">&gt;&gt;</a>&nbsp;&nbsp;&nbsp;forward_conv2d_if32of32wf32_nl_pool
</UL>

<P><STRONG><a name="[1da]"></a>core_nl_get_params_ptr</STRONG> (Thumb, 18 bytes, Stack size 0 bytes, layers_conv2d_generic_float.o(i.core_nl_get_params_ptr))
<BR><BR>[Called By]<UL><LI><a href="#[b]">&gt;&gt;</a>&nbsp;&nbsp;&nbsp;forward_conv2d_if32of32wf32_nl_pool
</UL>

<P><STRONG><a name="[1d9]"></a>core_nl_get_params_stride</STRONG> (Thumb, 18 bytes, Stack size 0 bytes, layers_conv2d_generic_float.o(i.core_nl_get_params_stride))
<BR><BR>[Stack]<UL><LI>Max Depth = 8<LI>Call Chain = core_nl_get_params_stride &rArr; ai_array_get_byte_size
</UL>
<BR>[Calls]<UL><LI><a href="#[1d8]">&gt;&gt;</a>&nbsp;&nbsp;&nbsp;ai_array_get_byte_size
</UL>
<BR>[Called By]<UL><LI><a href="#[b]">&gt;&gt;</a>&nbsp;&nbsp;&nbsp;forward_conv2d_if32of32wf32_nl_pool
</UL>

<P><STRONG><a name="[1b5]"></a>_transpose_items</STRONG> (Thumb, 360 bytes, Stack size 112 bytes, layers_generic_float.o(i._transpose_items))
<BR><BR>[Stack]<UL><LI>Max Depth = 132<LI>Call Chain = _transpose_items &rArr; st_int8_copy
</UL>
<BR>[Calls]<UL><LI><a href="#[1b3]">&gt;&gt;</a>&nbsp;&nbsp;&nbsp;st_int8_copy
</UL>
<BR>[Called By]<UL><LI><a href="#[a]">&gt;&gt;</a>&nbsp;&nbsp;&nbsp;forward_transpose
</UL>

<P><STRONG><a name="[1be]"></a>_ai_forward_layer</STRONG> (Thumb, 18 bytes, Stack size 8 bytes, layers.o(i._ai_forward_layer))
<BR><BR>[Stack]<UL><LI>Max Depth = 8<LI>Call Chain = _ai_forward_layer
</UL>
<BR>[Called By]<UL><LI><a href="#[1bd]">&gt;&gt;</a>&nbsp;&nbsp;&nbsp;ai_layers_forward_all
</UL>

<P><STRONG><a name="[1df]"></a>_final_pooling_buffer_reorder</STRONG> (Thumb, 124 bytes, Stack size 36 bytes, forward_lite_conv2d_if32of32wf32.o(i._final_pooling_buffer_reorder))
<BR><BR>[Stack]<UL><LI>Max Depth = 36<LI>Call Chain = _final_pooling_buffer_reorder
</UL>
<BR>[Called By]<UL><LI><a href="#[1db]">&gt;&gt;</a>&nbsp;&nbsp;&nbsp;forward_lite_conv2d_if32of32wf32_pool
</UL>

<P><STRONG><a name="[1e0]"></a>__ai_math_dot_array</STRONG> (Thumb, 304 bytes, Stack size 0 bytes, lite_dense_if32.o(i.__ai_math_dot_array))
<BR><BR>[Called By]<UL><LI><a href="#[1dd]">&gt;&gt;</a>&nbsp;&nbsp;&nbsp;forward_lite_dense_if32of32wf32
</UL>
<P>
<H3>
Undefined Global Symbols
</H3><HR></body></html>
